To honour the JVM settings for this build a single-use Daemon process will be forked. For more on this, please refer to https://docs.gradle.org/8.13/userguide/gradle_daemon.html#sec:disabling_the_daemon in the Gradle documentation.
Daemon will be stopped at the end of the build 
> Task :gradle-plugin:settings-plugin:checkKotlinGradlePluginConfigurationErrors SKIPPED
> Task :gradle-plugin:shared:checkKotlinGradlePluginConfigurationErrors SKIPPED
> Task :gradle-plugin:shared:compileKotlin UP-TO-DATE
> Task :gradle-plugin:shared:compileJava NO-SOURCE
> Task :gradle-plugin:shared:processResources NO-SOURCE
> Task :gradle-plugin:shared:classes UP-TO-DATE
> Task :gradle-plugin:shared:jar UP-TO-DATE
> Task :gradle-plugin:settings-plugin:compileKotlin UP-TO-DATE
> Task :gradle-plugin:settings-plugin:compileJava NO-SOURCE
> Task :gradle-plugin:settings-plugin:pluginDescriptors UP-TO-DATE
> Task :gradle-plugin:settings-plugin:processResources UP-TO-DATE
> Task :gradle-plugin:settings-plugin:classes UP-TO-DATE
> Task :gradle-plugin:settings-plugin:jar UP-TO-DATE
> Task :gradle-plugin:react-native-gradle-plugin:checkKotlinGradlePluginConfigurationErrors SKIPPED
> Task :gradle-plugin:react-native-gradle-plugin:compileKotlin UP-TO-DATE
> Task :gradle-plugin:react-native-gradle-plugin:compileJava NO-SOURCE
> Task :gradle-plugin:react-native-gradle-plugin:pluginDescriptors UP-TO-DATE
> Task :gradle-plugin:react-native-gradle-plugin:processResources UP-TO-DATE
> Task :gradle-plugin:react-native-gradle-plugin:classes UP-TO-DATE
> Task :gradle-plugin:react-native-gradle-plugin:jar UP-TO-DATE

> Configure project :react-native-firebase_app
:react-native-firebase_app package.json found at D:\Projects\touch\touch-mobile\node_modules\@react-native-firebase\app\package.json
:react-native-firebase_app:firebase.bom using default value: 33.14.0
:react-native-firebase_app:play.play-services-auth using default value: 21.3.0
:react-native-firebase_app package.json found at D:\Projects\touch\touch-mobile\node_modules\@react-native-firebase\app\package.json
:react-native-firebase_app:version set from package.json: 22.2.1 (22,2,1 - 22002001)
:react-native-firebase_app:android.compileSdk using custom value: 36
:react-native-firebase_app:android.targetSdk using custom value: 35
:react-native-firebase_app:android.minSdk using custom value: 24
:react-native-firebase_app:reactNativeAndroidDir D:\Projects\touch\touch-mobile\node_modules\react-native

> Configure project :react-native-firebase_auth
:react-native-firebase_auth package.json found at D:\Projects\touch\touch-mobile\node_modules\@react-native-firebase\auth\package.json
:react-native-firebase_app package.json found at D:\Projects\touch\touch-mobile\node_modules\@react-native-firebase\app\package.json
:react-native-firebase_auth:firebase.bom using default value: 33.14.0
:react-native-firebase_auth package.json found at D:\Projects\touch\touch-mobile\node_modules\@react-native-firebase\auth\package.json
:react-native-firebase_auth:version set from package.json: 22.2.1 (22,2,1 - 22002001)
:react-native-firebase_auth:android.compileSdk using custom value: 36
:react-native-firebase_auth:android.targetSdk using custom value: 35
:react-native-firebase_auth:android.minSdk using custom value: 24
:react-native-firebase_auth:reactNativeAndroidDir D:\Projects\touch\touch-mobile\node_modules\react-native

> Configure project :react-native-video
Kotlin version is correct: 1.9.24
AndroidX version is correct: 1.9.3
useExoplayerIMA: false
useExoplayerSmoothStreaming: true
useExoplayerDash: true
useExoplayerHls: true
useExoplayerRtsp: false
buildFromSource: false

> Task :app:generateAutolinkingNewArchitectureFiles UP-TO-DATE
> Task :app:generateAutolinkingPackageList UP-TO-DATE
> Task :app:generateCodegenSchemaFromJavaScript SKIPPED
> Task :app:generateCodegenArtifactsFromSchema SKIPPED
> Task :app:generateReactNativeEntryPoint UP-TO-DATE
> Task :react-native-firebase_app:preBuild UP-TO-DATE
> Task :react-native-firebase_auth:preBuild UP-TO-DATE
> Task :react-native-gesture-handler:generateCodegenSchemaFromJavaScript UP-TO-DATE
> Task :react-native-gesture-handler:generateCodegenArtifactsFromSchema UP-TO-DATE
> Task :react-native-gesture-handler:preBuild UP-TO-DATE
> Task :react-native-google-signin_google-signin:generateCodegenSchemaFromJavaScript UP-TO-DATE
> Task :react-native-google-signin_google-signin:generateCodegenArtifactsFromSchema UP-TO-DATE
> Task :react-native-google-signin_google-signin:preBuild UP-TO-DATE
> Task :react-native-image-crop-picker:generateCodegenSchemaFromJavaScript UP-TO-DATE
> Task :react-native-image-crop-picker:generateCodegenArtifactsFromSchema UP-TO-DATE
> Task :react-native-image-crop-picker:preBuild UP-TO-DATE
> Task :react-native-image-picker:generateCodegenSchemaFromJavaScript UP-TO-DATE
> Task :react-native-image-picker:generateCodegenArtifactsFromSchema UP-TO-DATE
> Task :react-native-image-picker:preBuild UP-TO-DATE
> Task :react-native-keychain:generateCodegenSchemaFromJavaScript UP-TO-DATE
> Task :react-native-keychain:generateCodegenArtifactsFromSchema UP-TO-DATE
> Task :react-native-keychain:preBuild UP-TO-DATE
> Task :react-native-pager-view:generateCodegenSchemaFromJavaScript UP-TO-DATE
> Task :react-native-pager-view:generateCodegenArtifactsFromSchema UP-TO-DATE
> Task :react-native-pager-view:preBuild UP-TO-DATE
> Task :react-native-permissions:generateCodegenSchemaFromJavaScript UP-TO-DATE
> Task :react-native-permissions:generateCodegenArtifactsFromSchema UP-TO-DATE
> Task :react-native-permissions:preBuild UP-TO-DATE
> Task :react-native-reanimated:assertMinimalReactNativeVersionTask
> Task :react-native-reanimated:assertNewArchitectureEnabledTask SKIPPED
> Task :react-native-reanimated:assertWorkletsVersionTask
> Task :react-native-reanimated:generateCodegenSchemaFromJavaScript UP-TO-DATE
> Task :react-native-reanimated:generateCodegenArtifactsFromSchema UP-TO-DATE
> Task :react-native-reanimated:prepareReanimatedHeadersForPrefabs UP-TO-DATE
> Task :react-native-reanimated:preBuild
> Task :react-native-safe-area-context:generateCodegenSchemaFromJavaScript UP-TO-DATE
> Task :react-native-safe-area-context:generateCodegenArtifactsFromSchema UP-TO-DATE
> Task :react-native-safe-area-context:preBuild UP-TO-DATE
> Task :react-native-screens:generateCodegenSchemaFromJavaScript UP-TO-DATE
> Task :react-native-screens:generateCodegenArtifactsFromSchema UP-TO-DATE
> Task :react-native-screens:preBuild UP-TO-DATE
> Task :react-native-splash-screen:preBuild UP-TO-DATE
> Task :react-native-svg:generateCodegenSchemaFromJavaScript UP-TO-DATE
> Task :react-native-svg:generateCodegenArtifactsFromSchema UP-TO-DATE
> Task :react-native-svg:preBuild UP-TO-DATE
> Task :react-native-vector-icons:generateCodegenSchemaFromJavaScript UP-TO-DATE
> Task :react-native-vector-icons:generateCodegenArtifactsFromSchema UP-TO-DATE
> Task :react-native-vector-icons:preBuild UP-TO-DATE
> Task :react-native-video:preBuild UP-TO-DATE
> Task :react-native-worklets:assertMinimalReactNativeVersionTask
> Task :react-native-worklets:assertNewArchitectureEnabledTask SKIPPED
> Task :react-native-worklets:generateCodegenSchemaFromJavaScript UP-TO-DATE
> Task :react-native-worklets:generateCodegenArtifactsFromSchema UP-TO-DATE
> Task :react-native-worklets:prepareWorkletsHeadersForPrefabs UP-TO-DATE
> Task :react-native-worklets:preBuild
> Task :app:preBuild
> Task :app:preReleaseBuild
> Task :react-native-reanimated:preReleaseBuild
> Task :react-native-worklets:preReleaseBuild
> Task :react-native-worklets:configureCMakeRelWithDebInfo[arm64-v8a]
> Task :react-native-worklets:buildCMakeRelWithDebInfo[arm64-v8a][worklets]
> Task :react-native-worklets:configureCMakeRelWithDebInfo[x86_64]
> Task :react-native-worklets:buildCMakeRelWithDebInfo[x86_64][worklets]
> Task :react-native-worklets:externalNativeBuildRelease
> Task :react-native-worklets:generateJsonModelRelease
> Task :react-native-worklets:prefabReleaseConfigurePackage
> Task :react-native-reanimated:configureCMakeRelWithDebInfo[arm64-v8a]
> Task :react-native-reanimated:configureCMakeRelWithDebInfo[x86_64]
> Task :react-native-reanimated:generateJsonModelRelease
> Task :react-native-reanimated:prefabReleaseConfigurePackage UP-TO-DATE
> Task :app:configureCMakeRelWithDebInfo[arm64-v8a]
> Task :react-native-worklets:prefabReleasePackage UP-TO-DATE
> Task :react-native-reanimated:buildCMakeRelWithDebInfo[arm64-v8a][reanimated]
> Task :react-native-reanimated:buildCMakeRelWithDebInfo[x86_64][reanimated]
> Task :react-native-worklets:mergeReleaseJniLibFolders UP-TO-DATE
> Task :react-native-worklets:mergeReleaseNativeLibs UP-TO-DATE
> Task :react-native-worklets:copyReleaseJniLibsProjectOnly UP-TO-DATE
> Task :react-native-reanimated:externalNativeBuildRelease
> Task :react-native-reanimated:prefabReleasePackage UP-TO-DATE

> Task :app:buildCMakeRelWithDebInfo[arm64-v8a]
C/C++: ninja: Entering directory `D:\Projects\touch\touch-mobile\android\app\.cxx\RelWithDebInfo\3i4n2363\arm64-v8a'
C/C++: D:\AndroidStudioProjects\Sdk\ndk\28.2.13676358\toolchains\llvm\prebuilt\windows-x86_64\bin\clang++.exe --target=aarch64-none-linux-android24 --sysroot=D:/AndroidStudioProjects/Sdk/ndk/28.2.13676358/toolchains/llvm/prebuilt/windows-x86_64/sysroot -DRN_SERIALIZABLE_STATE -Dappmodules_EXPORTS -ID:/Projects/touch/touch-mobile/node_modules/react-native/ReactAndroid/cmake-utils/default-app-setup -ID:/Projects/touch/touch-mobile/android/app/build/generated/autolinking/src/main/jni -ID:/Projects/touch/touch-mobile/node_modules/react-native-safe-area-context/android/src/main/jni -ID:/Projects/touch/touch-mobile/node_modules/react-native-screens/android/src/main/jni -ID:/Projects/touch/touch-mobile/node_modules/@react-native-google-signin/google-signin/android/build/generated/source/codegen/jni/. -ID:/Projects/touch/touch-mobile/node_modules/@react-native-google-signin/google-signin/android/build/generated/source/codegen/jni/react/renderer/components/RNGoogleSignInCGen -ID:/Projects/touch/touch-mobile/node_modules/react-native-gesture-handler/android/build/generated/source/codegen/jni/. -ID:/Projects/touch/touch-mobile/node_modules/react-native-gesture-handler/android/build/generated/source/codegen/jni/react/renderer/components/rngesturehandler_codegen -ID:/Projects/touch/touch-mobile/node_modules/react-native-image-crop-picker/android/build/generated/source/codegen/jni/. -ID:/Projects/touch/touch-mobile/node_modules/react-native-image-crop-picker/android/build/generated/source/codegen/jni/react/renderer/components/RNCImageCropPickerSpec -ID:/Projects/touch/touch-mobile/node_modules/react-native-image-picker/android/build/generated/source/codegen/jni/. -ID:/Projects/touch/touch-mobile/node_modules/react-native-image-picker/android/build/generated/source/codegen/jni/react/renderer/components/RNImagePickerSpec -ID:/Projects/touch/touch-mobile/node_modules/react-native-keychain/android/build/generated/source/codegen/jni/. -ID:/Projects/touch/touch-mobile/node_modules/react-native-keychain/android/build/generated/source/codegen/jni/react/renderer/components/RNKeychainSpec -ID:/Projects/touch/touch-mobile/node_modules/react-native-pager-view/android/build/generated/source/codegen/jni/. -ID:/Projects/touch/touch-mobile/node_modules/react-native-pager-view/android/build/generated/source/codegen/jni/react/renderer/components/pagerview -ID:/Projects/touch/touch-mobile/node_modules/react-native-permissions/android/build/generated/source/codegen/jni/. -ID:/Projects/touch/touch-mobile/node_modules/react-native-permissions/android/build/generated/source/codegen/jni/react/renderer/components/RNPermissionsSpec -ID:/Projects/touch/touch-mobile/node_modules/react-native-reanimated/android/build/generated/source/codegen/jni/. -ID:/Projects/touch/touch-mobile/node_modules/react-native-reanimated/android/build/generated/source/codegen/jni/react/renderer/components/rnreanimated -ID:/Projects/touch/touch-mobile/node_modules/react-native-safe-area-context/android/src/main/jni/. -ID:/Projects/touch/touch-mobile/node_modules/react-native-safe-area-context/android/src/main/jni/../../../../common/cpp -ID:/Projects/touch/touch-mobile/node_modules/react-native-safe-area-context/android/src/main/jni/../../../build/generated/source/codegen/jni -ID:/Projects/touch/touch-mobile/node_modules/react-native-safe-area-context/android/src/main/jni/../../../build/generated/source/codegen/jni/react/renderer/components/safeareacontext -ID:/Projects/touch/touch-mobile/node_modules/react-native-screens/android/src/main/jni/. -ID:/Projects/touch/touch-mobile/node_modules/react-native-screens/android/src/main/jni/../../../../common/cpp -ID:/Projects/touch/touch-mobile/node_modules/react-native-screens/android/src/main/jni/../../../build/generated/source/codegen/jni -ID:/Projects/touch/touch-mobile/node_modules/react-native-screens/android/src/main/jni/../../../build/generated/source/codegen/jni/react/renderer/components/rnscreens -ID:/Projects/touch/touch-mobile/node_modules/react-native-svg/android/src/main/jni/. -ID:/Projects/touch/touch-mobile/node_modules/react-native-svg/android/src/main/jni/../../../../common/cpp -ID:/Projects/touch/touch-mobile/node_modules/react-native-svg/android/src/main/jni/../../../build/generated/source/codegen/jni -ID:/Projects/touch/touch-mobile/node_modules/react-native-svg/android/src/main/jni/../../../build/generated/source/codegen/jni/react/renderer/components/rnsvg -ID:/Projects/touch/touch-mobile/node_modules/react-native-svg/android/src/main/jni -ID:/Projects/touch/touch-mobile/node_modules/react-native-vector-icons/android/build/generated/source/codegen/jni/. -ID:/Projects/touch/touch-mobile/node_modules/react-native-vector-icons/android/build/generated/source/codegen/jni/react/renderer/components/RNVectorIconsSpec -ID:/Projects/touch/touch-mobile/node_modules/react-native-worklets/android/build/generated/source/codegen/jni/. -ID:/Projects/touch/touch-mobile/node_modules/react-native-worklets/android/build/generated/source/codegen/jni/react/renderer/components/rnworklets -isystem D:/AndroidStudioProjects/.gradle/caches/8.13/transforms/496183c206113a51ea543412a7084c83/transformed/jetified-fbjni-0.7.0/prefab/modules/fbjni/include -isystem D:/AndroidStudioProjects/.gradle/caches/8.13/transforms/761d13cc5b0f08ac09c3c16bb3bc519a/transformed/jetified-react-android-0.81.5-release/prefab/modules/jsi/include -isystem D:/AndroidStudioProjects/.gradle/caches/8.13/transforms/761d13cc5b0f08ac09c3c16bb3bc519a/transformed/jetified-react-android-0.81.5-release/prefab/modules/reactnative/include -g -DANDROID -fdata-sections -ffunction-sections -funwind-tables -fstack-protector-strong -no-canonical-prefixes -D_FORTIFY_SOURCE=2 -Wformat -Werror=format-security   -O2 -g -DNDEBUG -fPIC -Wall -Werror -fexceptions -frtti -std=c++20 -DFOLLY_NO_CONFIG=1 -DLOG_TAG=\"ReactNative\" -DFOLLY_HAVE_CLOCK_GETTIME=1 -DFOLLY_USE_LIBCPP=1 -DFOLLY_CFG_NO_COROUTINES=1 -DFOLLY_MOBILE=1 -DFOLLY_HAVE_RECVMMSG=1 -DFOLLY_HAVE_PTHREAD=1 -DFOLLY_HAVE_XSI_STRERROR_R=1 -MD -MT CMakeFiles/appmodules.dir/D_/Projects/touch/touch-mobile/android/app/build/generated/autolinking/src/main/jni/autolinking.cpp.o -MF CMakeFiles\appmodules.dir\D_\Projects\touch\touch-mobile\android\app\build\generated\autolinking\src\main\jni\autolinking.cpp.o.d -o CMakeFiles/appmodules.dir/D_/Projects/touch/touch-mobile/android/app/build/generated/autolinking/src/main/jni/autolinking.cpp.o -c D:/Projects/touch/touch-mobile/android/app/build/generated/autolinking/src/main/jni/autolinking.cpp
C/C++: 0.	Program arguments: D:\\AndroidStudioProjects\\Sdk\\ndk\\28.2.13676358\\toolchains\\llvm\\prebuilt\\windows-x86_64\\bin\\clang++.exe --target=aarch64-none-linux-android24 --sysroot=D:/AndroidStudioProjects/Sdk/ndk/28.2.13676358/toolchains/llvm/prebuilt/windows-x86_64/sysroot -DRN_SERIALIZABLE_STATE -Dappmodules_EXPORTS -ID:/Projects/touch/touch-mobile/node_modules/react-native/ReactAndroid/cmake-utils/default-app-setup -ID:/Projects/touch/touch-mobile/android/app/build/generated/autolinking/src/main/jni -ID:/Projects/touch/touch-mobile/node_modules/react-native-safe-area-context/android/src/main/jni -ID:/Projects/touch/touch-mobile/node_modules/react-native-screens/android/src/main/jni -ID:/Projects/touch/touch-mobile/node_modules/@react-native-google-signin/google-signin/android/build/generated/source/codegen/jni/. -ID:/Projects/touch/touch-mobile/node_modules/@react-native-google-signin/google-signin/android/build/generated/source/codegen/jni/react/renderer/components/RNGoogleSignInCGen -ID:/Projects/touch/touch-mobile/node_modules/react-native-gesture-handler/android/build/generated/source/codegen/jni/. -ID:/Projects/touch/touch-mobile/node_modules/react-native-gesture-handler/android/build/generated/source/codegen/jni/react/renderer/components/rngesturehandler_codegen -ID:/Projects/touch/touch-mobile/node_modules/react-native-image-crop-picker/android/build/generated/source/codegen/jni/. -ID:/Projects/touch/touch-mobile/node_modules/react-native-image-crop-picker/android/build/generated/source/codegen/jni/react/renderer/components/RNCImageCropPickerSpec -ID:/Projects/touch/touch-mobile/node_modules/react-native-image-picker/android/build/generated/source/codegen/jni/. -ID:/Projects/touch/touch-mobile/node_modules/react-native-image-picker/android/build/generated/source/codegen/jni/react/renderer/components/RNImagePickerSpec -ID:/Projects/touch/touch-mobile/node_modules/react-native-keychain/android/build/generated/source/codegen/jni/. -ID:/Projects/touch/touch-mobile/node_modules/react-native-keychain/android/build/generated/source/codegen/jni/react/renderer/components/RNKeychainSpec -ID:/Projects/touch/touch-mobile/node_modules/react-native-pager-view/android/build/generated/source/codegen/jni/. -ID:/Projects/touch/touch-mobile/node_modules/react-native-pager-view/android/build/generated/source/codegen/jni/react/renderer/components/pagerview -ID:/Projects/touch/touch-mobile/node_modules/react-native-permissions/android/build/generated/source/codegen/jni/. -ID:/Projects/touch/touch-mobile/node_modules/react-native-permissions/android/build/generated/source/codegen/jni/react/renderer/components/RNPermissionsSpec -ID:/Projects/touch/touch-mobile/node_modules/react-native-reanimated/android/build/generated/source/codegen/jni/. -ID:/Projects/touch/touch-mobile/node_modules/react-native-reanimated/android/build/generated/source/codegen/jni/react/renderer/components/rnreanimated -ID:/Projects/touch/touch-mobile/node_modules/react-native-safe-area-context/android/src/main/jni/. -ID:/Projects/touch/touch-mobile/node_modules/react-native-safe-area-context/android/src/main/jni/../../../../common/cpp -ID:/Projects/touch/touch-mobile/node_modules/react-native-safe-area-context/android/src/main/jni/../../../build/generated/source/codegen/jni -ID:/Projects/touch/touch-mobile/node_modules/react-native-safe-area-context/android/src/main/jni/../../../build/generated/source/codegen/jni/react/renderer/components/safeareacontext -ID:/Projects/touch/touch-mobile/node_modules/react-native-screens/android/src/main/jni/. -ID:/Projects/touch/touch-mobile/node_modules/react-native-screens/android/src/main/jni/../../../../common/cpp -ID:/Projects/touch/touch-mobile/node_modules/react-native-screens/android/src/main/jni/../../../build/generated/source/codegen/jni -ID:/Projects/touch/touch-mobile/node_modules/react-native-screens/android/src/main/jni/../../../build/generated/source/codegen/jni/react/renderer/components/rnscreens -ID:/Projects/touch/touch-mobile/node_modules/react-native-svg/android/src/main/jni/. -ID:/Projects/touch/touch-mobile/node_modules/react-native-svg/android/src/main/jni/../../../../common/cpp -ID:/Projects/touch/touch-mobile/node_modules/react-native-svg/android/src/main/jni/../../../build/generated/source/codegen/jni -ID:/Projects/touch/touch-mobile/node_modules/react-native-svg/android/src/main/jni/../../../build/generated/source/codegen/jni/react/renderer/components/rnsvg -ID:/Projects/touch/touch-mobile/node_modules/react-native-svg/android/src/main/jni -ID:/Projects/touch/touch-mobile/node_modules/react-native-vector-icons/android/build/generated/source/codegen/jni/. -ID:/Projects/touch/touch-mobile/node_modules/react-native-vector-icons/android/build/generated/source/codegen/jni/react/renderer/components/RNVectorIconsSpec -ID:/Projects/touch/touch-mobile/node_modules/react-native-worklets/android/build/generated/source/codegen/jni/. -ID:/Projects/touch/touch-mobile/node_modules/react-native-worklets/android/build/generated/source/codegen/jni/react/renderer/components/rnworklets -isystem D:/AndroidStudioProjects/.gradle/caches/8.13/transforms/496183c206113a51ea543412a7084c83/transformed/jetified-fbjni-0.7.0/prefab/modules/fbjni/include -isystem D:/AndroidStudioProjects/.gradle/caches/8.13/transforms/761d13cc5b0f08ac09c3c16bb3bc519a/transformed/jetified-react-android-0.81.5-release/prefab/modules/jsi/include -isystem D:/AndroidStudioProjects/.gradle/caches/8.13/transforms/761d13cc5b0f08ac09c3c16bb3bc519a/transformed/jetified-react-android-0.81.5-release/prefab/modules/reactnative/include -g -DANDROID -fdata-sections -ffunction-sections -funwind-tables -fstack-protector-strong -no-canonical-prefixes -D_FORTIFY_SOURCE=2 -Wformat -Werror=format-security -O2 -g -DNDEBUG -fPIC -Wall -Werror -fexceptions -frtti -std=c++20 -DFOLLY_NO_CONFIG=1 -DLOG_TAG=\"ReactNative\" -DFOLLY_HAVE_CLOCK_GETTIME=1 -DFOLLY_USE_LIBCPP=1 -DFOLLY_CFG_NO_COROUTINES=1 -DFOLLY_MOBILE=1 -DFOLLY_HAVE_RECVMMSG=1 -DFOLLY_HAVE_PTHREAD=1 -DFOLLY_HAVE_XSI_STRERROR_R=1 -MD -MT CMakeFiles/appmodules.dir/D_/Projects/touch/touch-mobile/android/app/build/generated/autolinking/src/main/jni/autolinking.cpp.o -MF CMakeFiles\\appmodules.dir\\D_\\Projects\\touch\\touch-mobile\\android\\app\\build\\generated\\autolinking\\src\\main\\jni\\autolinking.cpp.o.d -o CMakeFiles/appmodules.dir/D_/Projects/touch/touch-mobile/android/app/build/generated/autolinking/src/main/jni/autolinking.cpp.o -c D:/Projects/touch/touch-mobile/android/app/build/generated/autolinking/src/main/jni/autolinking.cpp
C/C++: clang++: error: clang frontend command failed due to signal (use -v to see invocation)
C/C++: Android (13624864, based on r530567e) clang version 19.0.1 (https://android.googlesource.com/toolchain/llvm-project 97a699bf4812a18fb657c2779f5296a4ab2694d2)
C/C++: Target: aarch64-none-linux-android24
C/C++: Thread model: posix
C/C++: InstalledDir: D:/AndroidStudioProjects/Sdk/ndk/28.2.13676358/toolchains/llvm/prebuilt/windows-x86_64/bin
C/C++: clang++: error: unable to execute command: Couldn't execute program 'D:/AndroidStudioProjects/Sdk/ndk/28.2.13676358/toolchains/llvm/prebuilt/windows-x86_64/bin/clang++.exe': Not enough memory resources are available to process this command.  (0x8)
C/C++: clang++: note: diagnostic msg: Error generating preprocessed source(s).
C/C++: [2/118] Building CXX object CMakeFiles/appmodules.dir/OnLoad.cpp.o
C/C++: FAILED: CMakeFiles/appmodules.dir/OnLoad.cpp.o 
C/C++: D:\AndroidStudioProjects\Sdk\ndk\28.2.13676358\toolchains\llvm\prebuilt\windows-x86_64\bin\clang++.exe --target=aarch64-none-linux-android24 --sysroot=D:/AndroidStudioProjects/Sdk/ndk/28.2.13676358/toolchains/llvm/prebuilt/windows-x86_64/sysroot -DRN_SERIALIZABLE_STATE -Dappmodules_EXPORTS -ID:/Projects/touch/touch-mobile/node_modules/react-native/ReactAndroid/cmake-utils/default-app-setup -ID:/Projects/touch/touch-mobile/android/app/build/generated/autolinking/src/main/jni -ID:/Projects/touch/touch-mobile/node_modules/react-native-safe-area-context/android/src/main/jni -ID:/Projects/touch/touch-mobile/node_modules/react-native-screens/android/src/main/jni -ID:/Projects/touch/touch-mobile/node_modules/@react-native-google-signin/google-signin/android/build/generated/source/codegen/jni/. -ID:/Projects/touch/touch-mobile/node_modules/@react-native-google-signin/google-signin/android/build/generated/source/codegen/jni/react/renderer/components/RNGoogleSignInCGen -ID:/Projects/touch/touch-mobile/node_modules/react-native-gesture-handler/android/build/generated/source/codegen/jni/. -ID:/Projects/touch/touch-mobile/node_modules/react-native-gesture-handler/android/build/generated/source/codegen/jni/react/renderer/components/rngesturehandler_codegen -ID:/Projects/touch/touch-mobile/node_modules/react-native-image-crop-picker/android/build/generated/source/codegen/jni/. -ID:/Projects/touch/touch-mobile/node_modules/react-native-image-crop-picker/android/build/generated/source/codegen/jni/react/renderer/components/RNCImageCropPickerSpec -ID:/Projects/touch/touch-mobile/node_modules/react-native-image-picker/android/build/generated/source/codegen/jni/. -ID:/Projects/touch/touch-mobile/node_modules/react-native-image-picker/android/build/generated/source/codegen/jni/react/renderer/components/RNImagePickerSpec -ID:/Projects/touch/touch-mobile/node_modules/react-native-keychain/android/build/generated/source/codegen/jni/. -ID:/Projects/touch/touch-mobile/node_modules/react-native-keychain/android/build/generated/source/codegen/jni/react/renderer/components/RNKeychainSpec -ID:/Projects/touch/touch-mobile/node_modules/react-native-pager-view/android/build/generated/source/codegen/jni/. -ID:/Projects/touch/touch-mobile/node_modules/react-native-pager-view/android/build/generated/source/codegen/jni/react/renderer/components/pagerview -ID:/Projects/touch/touch-mobile/node_modules/react-native-permissions/android/build/generated/source/codegen/jni/. -ID:/Projects/touch/touch-mobile/node_modules/react-native-permissions/android/build/generated/source/codegen/jni/react/renderer/components/RNPermissionsSpec -ID:/Projects/touch/touch-mobile/node_modules/react-native-reanimated/android/build/generated/source/codegen/jni/. -ID:/Projects/touch/touch-mobile/node_modules/react-native-reanimated/android/build/generated/source/codegen/jni/react/renderer/components/rnreanimated -ID:/Projects/touch/touch-mobile/node_modules/react-native-safe-area-context/android/src/main/jni/. -ID:/Projects/touch/touch-mobile/node_modules/react-native-safe-area-context/android/src/main/jni/../../../../common/cpp -ID:/Projects/touch/touch-mobile/node_modules/react-native-safe-area-context/android/src/main/jni/../../../build/generated/source/codegen/jni -ID:/Projects/touch/touch-mobile/node_modules/react-native-safe-area-context/android/src/main/jni/../../../build/generated/source/codegen/jni/react/renderer/components/safeareacontext -ID:/Projects/touch/touch-mobile/node_modules/react-native-screens/android/src/main/jni/. -ID:/Projects/touch/touch-mobile/node_modules/react-native-screens/android/src/main/jni/../../../../common/cpp -ID:/Projects/touch/touch-mobile/node_modules/react-native-screens/android/src/main/jni/../../../build/generated/source/codegen/jni -ID:/Projects/touch/touch-mobile/node_modules/react-native-screens/android/src/main/jni/../../../build/generated/source/codegen/jni/react/renderer/components/rnscreens -ID:/Projects/touch/touch-mobile/node_modules/react-native-svg/android/src/main/jni/. -ID:/Projects/touch/touch-mobile/node_modules/react-native-svg/android/src/main/jni/../../../../common/cpp -ID:/Projects/touch/touch-mobile/node_modules/react-native-svg/android/src/main/jni/../../../build/generated/source/codegen/jni -ID:/Projects/touch/touch-mobile/node_modules/react-native-svg/android/src/main/jni/../../../build/generated/source/codegen/jni/react/renderer/components/rnsvg -ID:/Projects/touch/touch-mobile/node_modules/react-native-svg/android/src/main/jni -ID:/Projects/touch/touch-mobile/node_modules/react-native-vector-icons/android/build/generated/source/codegen/jni/. -ID:/Projects/touch/touch-mobile/node_modules/react-native-vector-icons/android/build/generated/source/codegen/jni/react/renderer/components/RNVectorIconsSpec -ID:/Projects/touch/touch-mobile/node_modules/react-native-worklets/android/build/generated/source/codegen/jni/. -ID:/Projects/touch/touch-mobile/node_modules/react-native-worklets/android/build/generated/source/codegen/jni/react/renderer/components/rnworklets -isystem D:/AndroidStudioProjects/.gradle/caches/8.13/transforms/496183c206113a51ea543412a7084c83/transformed/jetified-fbjni-0.7.0/prefab/modules/fbjni/include -isystem D:/AndroidStudioProjects/.gradle/caches/8.13/transforms/761d13cc5b0f08ac09c3c16bb3bc519a/transformed/jetified-react-android-0.81.5-release/prefab/modules/jsi/include -isystem D:/AndroidStudioProjects/.gradle/caches/8.13/transforms/761d13cc5b0f08ac09c3c16bb3bc519a/transformed/jetified-react-android-0.81.5-release/prefab/modules/reactnative/include -g -DANDROID -fdata-sections -ffunction-sections -funwind-tables -fstack-protector-strong -no-canonical-prefixes -D_FORTIFY_SOURCE=2 -Wformat -Werror=format-security   -O2 -g -DNDEBUG -fPIC -Wall -Werror -fexceptions -frtti -std=c++20 -DFOLLY_NO_CONFIG=1 -DLOG_TAG=\"ReactNative\" -DFOLLY_HAVE_CLOCK_GETTIME=1 -DFOLLY_USE_LIBCPP=1 -DFOLLY_CFG_NO_COROUTINES=1 -DFOLLY_MOBILE=1 -DFOLLY_HAVE_RECVMMSG=1 -DFOLLY_HAVE_PTHREAD=1 -DFOLLY_HAVE_XSI_STRERROR_R=1 -MD -MT CMakeFiles/appmodules.dir/OnLoad.cpp.o -MF CMakeFiles\appmodules.dir\OnLoad.cpp.o.d -o CMakeFiles/appmodules.dir/OnLoad.cpp.o -c D:/Projects/touch/touch-mobile/node_modules/react-native/ReactAndroid/cmake-utils/default-app-setup/OnLoad.cpp
C/C++: 0.	Program arguments: D:\\AndroidStudioProjects\\Sdk\\ndk\\28.2.13676358\\toolchains\\llvm\\prebuilt\\windows-x86_64\\bin\\clang++.exe --target=aarch64-none-linux-android24 --sysroot=D:/AndroidStudioProjects/Sdk/ndk/28.2.13676358/toolchains/llvm/prebuilt/windows-x86_64/sysroot -DRN_SERIALIZABLE_STATE -Dappmodules_EXPORTS -ID:/Projects/touch/touch-mobile/node_modules/react-native/ReactAndroid/cmake-utils/default-app-setup -ID:/Projects/touch/touch-mobile/android/app/build/generated/autolinking/src/main/jni -ID:/Projects/touch/touch-mobile/node_modules/react-native-safe-area-context/android/src/main/jni -ID:/Projects/touch/touch-mobile/node_modules/react-native-screens/android/src/main/jni -ID:/Projects/touch/touch-mobile/node_modules/@react-native-google-signin/google-signin/android/build/generated/source/codegen/jni/. -ID:/Projects/touch/touch-mobile/node_modules/@react-native-google-signin/google-signin/android/build/generated/source/codegen/jni/react/renderer/components/RNGoogleSignInCGen -ID:/Projects/touch/touch-mobile/node_modules/react-native-gesture-handler/android/build/generated/source/codegen/jni/. -ID:/Projects/touch/touch-mobile/node_modules/react-native-gesture-handler/android/build/generated/source/codegen/jni/react/renderer/components/rngesturehandler_codegen -ID:/Projects/touch/touch-mobile/node_modules/react-native-image-crop-picker/android/build/generated/source/codegen/jni/. -ID:/Projects/touch/touch-mobile/node_modules/react-native-image-crop-picker/android/build/generated/source/codegen/jni/react/renderer/components/RNCImageCropPickerSpec -ID:/Projects/touch/touch-mobile/node_modules/react-native-image-picker/android/build/generated/source/codegen/jni/. -ID:/Projects/touch/touch-mobile/node_modules/react-native-image-picker/android/build/generated/source/codegen/jni/react/renderer/components/RNImagePickerSpec -ID:/Projects/touch/touch-mobile/node_modules/react-native-keychain/android/build/generated/source/codegen/jni/. -ID:/Projects/touch/touch-mobile/node_modules/react-native-keychain/android/build/generated/source/codegen/jni/react/renderer/components/RNKeychainSpec -ID:/Projects/touch/touch-mobile/node_modules/react-native-pager-view/android/build/generated/source/codegen/jni/. -ID:/Projects/touch/touch-mobile/node_modules/react-native-pager-view/android/build/generated/source/codegen/jni/react/renderer/components/pagerview -ID:/Projects/touch/touch-mobile/node_modules/react-native-permissions/android/build/generated/source/codegen/jni/. -ID:/Projects/touch/touch-mobile/node_modules/react-native-permissions/android/build/generated/source/codegen/jni/react/renderer/components/RNPermissionsSpec -ID:/Projects/touch/touch-mobile/node_modules/react-native-reanimated/android/build/generated/source/codegen/jni/. -ID:/Projects/touch/touch-mobile/node_modules/react-native-reanimated/android/build/generated/source/codegen/jni/react/renderer/components/rnreanimated -ID:/Projects/touch/touch-mobile/node_modules/react-native-safe-area-context/android/src/main/jni/. -ID:/Projects/touch/touch-mobile/node_modules/react-native-safe-area-context/android/src/main/jni/../../../../common/cpp -ID:/Projects/touch/touch-mobile/node_modules/react-native-safe-area-context/android/src/main/jni/../../../build/generated/source/codegen/jni -ID:/Projects/touch/touch-mobile/node_modules/react-native-safe-area-context/android/src/main/jni/../../../build/generated/source/codegen/jni/react/renderer/components/safeareacontext -ID:/Projects/touch/touch-mobile/node_modules/react-native-screens/android/src/main/jni/. -ID:/Projects/touch/touch-mobile/node_modules/react-native-screens/android/src/main/jni/../../../../common/cpp -ID:/Projects/touch/touch-mobile/node_modules/react-native-screens/android/src/main/jni/../../../build/generated/source/codegen/jni -ID:/Projects/touch/touch-mobile/node_modules/react-native-screens/android/src/main/jni/../../../build/generated/source/codegen/jni/react/renderer/components/rnscreens -ID:/Projects/touch/touch-mobile/node_modules/react-native-svg/android/src/main/jni/. -ID:/Projects/touch/touch-mobile/node_modules/react-native-svg/android/src/main/jni/../../../../common/cpp -ID:/Projects/touch/touch-mobile/node_modules/react-native-svg/android/src/main/jni/../../../build/generated/source/codegen/jni -ID:/Projects/touch/touch-mobile/node_modules/react-native-svg/android/src/main/jni/../../../build/generated/source/codegen/jni/react/renderer/components/rnsvg -ID:/Projects/touch/touch-mobile/node_modules/react-native-svg/android/src/main/jni -ID:/Projects/touch/touch-mobile/node_modules/react-native-vector-icons/android/build/generated/source/codegen/jni/. -ID:/Projects/touch/touch-mobile/node_modules/react-native-vector-icons/android/build/generated/source/codegen/jni/react/renderer/components/RNVectorIconsSpec -ID:/Projects/touch/touch-mobile/node_modules/react-native-worklets/android/build/generated/source/codegen/jni/. -ID:/Projects/touch/touch-mobile/node_modules/react-native-worklets/android/build/generated/source/codegen/jni/react/renderer/components/rnworklets -isystem D:/AndroidStudioProjects/.gradle/caches/8.13/transforms/496183c206113a51ea543412a7084c83/transformed/jetified-fbjni-0.7.0/prefab/modules/fbjni/include -isystem D:/AndroidStudioProjects/.gradle/caches/8.13/transforms/761d13cc5b0f08ac09c3c16bb3bc519a/transformed/jetified-react-android-0.81.5-release/prefab/modules/jsi/include -isystem D:/AndroidStudioProjects/.gradle/caches/8.13/transforms/761d13cc5b0f08ac09c3c16bb3bc519a/transformed/jetified-react-android-0.81.5-release/prefab/modules/reactnative/include -g -DANDROID -fdata-sections -ffunction-sections -funwind-tables -fstack-protector-strong -no-canonical-prefixes -D_FORTIFY_SOURCE=2 -Wformat -Werror=format-security -O2 -g -DNDEBUG -fPIC -Wall -Werror -fexceptions -frtti -std=c++20 -DFOLLY_NO_CONFIG=1 -DLOG_TAG=\"ReactNative\" -DFOLLY_HAVE_CLOCK_GETTIME=1 -DFOLLY_USE_LIBCPP=1 -DFOLLY_CFG_NO_COROUTINES=1 -DFOLLY_MOBILE=1 -DFOLLY_HAVE_RECVMMSG=1 -DFOLLY_HAVE_PTHREAD=1 -DFOLLY_HAVE_XSI_STRERROR_R=1 -MD -MT CMakeFiles/appmodules.dir/OnLoad.cpp.o -MF CMakeFiles\\appmodules.dir\\OnLoad.cpp.o.d -o CMakeFiles/appmodules.dir/OnLoad.cpp.o -c D:/Projects/touch/touch-mobile/node_modules/react-native/ReactAndroid/cmake-utils/default-app-setup/OnLoad.cpp
C/C++: clang++: error: clang frontend command failed due to signal (use -v to see invocation)
C/C++: Android (13624864, based on r530567e) clang version 19.0.1 (https://android.googlesource.com/toolchain/llvm-project 97a699bf4812a18fb657c2779f5296a4ab2694d2)
C/C++: Target: aarch64-none-linux-android24
C/C++: Thread model: posix
C/C++: InstalledDir: D:/AndroidStudioProjects/Sdk/ndk/28.2.13676358/toolchains/llvm/prebuilt/windows-x86_64/bin
C/C++: clang++: error: unable to execute command: Couldn't execute program 'D:/AndroidStudioProjects/Sdk/ndk/28.2.13676358/toolchains/llvm/prebuilt/windows-x86_64/bin/clang++.exe': Insufficient system resources exist to complete the requested service.  (0x5AA)
C/C++: clang++: note: diagnostic msg: Error generating preprocessed source(s).
C/C++: [3/118] Building CXX object rngesturehandler_codegen_autolinked_build/CMakeFiles/react_codegen_rngesturehandler_codegen.dir/bac033cd950586cef66695376748dd33/ComponentDescriptors.cpp.o
C/C++: FAILED: rngesturehandler_codegen_autolinked_build/CMakeFiles/react_codegen_rngesturehandler_codegen.dir/bac033cd950586cef66695376748dd33/ComponentDescriptors.cpp.o 
C/C++: D:\AndroidStudioProjects\Sdk\ndk\28.2.13676358\toolchains\llvm\prebuilt\windows-x86_64\bin\clang++.exe --target=aarch64-none-linux-android24 --sysroot=D:/AndroidStudioProjects/Sdk/ndk/28.2.13676358/toolchains/llvm/prebuilt/windows-x86_64/sysroot -DRN_SERIALIZABLE_STATE -ID:/Projects/touch/touch-mobile/node_modules/react-native-gesture-handler/android/build/generated/source/codegen/jni/. -ID:/Projects/touch/touch-mobile/node_modules/react-native-gesture-handler/android/build/generated/source/codegen/jni/react/renderer/components/rngesturehandler_codegen -isystem D:/AndroidStudioProjects/.gradle/caches/8.13/transforms/496183c206113a51ea543412a7084c83/transformed/jetified-fbjni-0.7.0/prefab/modules/fbjni/include -isystem D:/AndroidStudioProjects/.gradle/caches/8.13/transforms/761d13cc5b0f08ac09c3c16bb3bc519a/transformed/jetified-react-android-0.81.5-release/prefab/modules/jsi/include -isystem D:/AndroidStudioProjects/.gradle/caches/8.13/transforms/761d13cc5b0f08ac09c3c16bb3bc519a/transformed/jetified-react-android-0.81.5-release/prefab/modules/reactnative/include -g -DANDROID -fdata-sections -ffunction-sections -funwind-tables -fstack-protector-strong -no-canonical-prefixes -D_FORTIFY_SOURCE=2 -Wformat -Werror=format-security   -O2 -g -DNDEBUG -fPIC -Wall -Werror -fexceptions -frtti -std=c++20 -DFOLLY_NO_CONFIG=1 -DLOG_TAG=\"ReactNative\" -DFOLLY_HAVE_CLOCK_GETTIME=1 -DFOLLY_USE_LIBCPP=1 -DFOLLY_CFG_NO_COROUTINES=1 -DFOLLY_MOBILE=1 -DFOLLY_HAVE_RECVMMSG=1 -DFOLLY_HAVE_PTHREAD=1 -DFOLLY_HAVE_XSI_STRERROR_R=1 -MD -MT rngesturehandler_codegen_autolinked_build/CMakeFiles/react_codegen_rngesturehandler_codegen.dir/bac033cd950586cef66695376748dd33/ComponentDescriptors.cpp.o -MF rngesturehandler_codegen_autolinked_build\CMakeFiles\react_codegen_rngesturehandler_codegen.dir\bac033cd950586cef66695376748dd33\ComponentDescriptors.cpp.o.d -o rngesturehandler_codegen_autolinked_build/CMakeFiles/react_codegen_rngesturehandler_codegen.dir/bac033cd950586cef66695376748dd33/ComponentDescriptors.cpp.o -c D:/Projects/touch/touch-mobile/node_modules/react-native-gesture-handler/android/build/generated/source/codegen/jni/react/renderer/components/rngesturehandler_codegen/ComponentDescriptors.cpp
C/C++: 0.	Program arguments: D:\\AndroidStudioProjects\\Sdk\\ndk\\28.2.13676358\\toolchains\\llvm\\prebuilt\\windows-x86_64\\bin\\clang++.exe --target=aarch64-none-linux-android24 --sysroot=D:/AndroidStudioProjects/Sdk/ndk/28.2.13676358/toolchains/llvm/prebuilt/windows-x86_64/sysroot -DRN_SERIALIZABLE_STATE -ID:/Projects/touch/touch-mobile/node_modules/react-native-gesture-handler/android/build/generated/source/codegen/jni/. -ID:/Projects/touch/touch-mobile/node_modules/react-native-gesture-handler/android/build/generated/source/codegen/jni/react/renderer/components/rngesturehandler_codegen -isystem D:/AndroidStudioProjects/.gradle/caches/8.13/transforms/496183c206113a51ea543412a7084c83/transformed/jetified-fbjni-0.7.0/prefab/modules/fbjni/include -isystem D:/AndroidStudioProjects/.gradle/caches/8.13/transforms/761d13cc5b0f08ac09c3c16bb3bc519a/transformed/jetified-react-android-0.81.5-release/prefab/modules/jsi/include -isystem D:/AndroidStudioProjects/.gradle/caches/8.13/transforms/761d13cc5b0f08ac09c3c16bb3bc519a/transformed/jetified-react-android-0.81.5-release/prefab/modules/reactnative/include -g -DANDROID -fdata-sections -ffunction-sections -funwind-tables -fstack-protector-strong -no-canonical-prefixes -D_FORTIFY_SOURCE=2 -Wformat -Werror=format-security -O2 -g -DNDEBUG -fPIC -Wall -Werror -fexceptions -frtti -std=c++20 -DFOLLY_NO_CONFIG=1 -DLOG_TAG=\"ReactNative\" -DFOLLY_HAVE_CLOCK_GETTIME=1 -DFOLLY_USE_LIBCPP=1 -DFOLLY_CFG_NO_COROUTINES=1 -DFOLLY_MOBILE=1 -DFOLLY_HAVE_RECVMMSG=1 -DFOLLY_HAVE_PTHREAD=1 -DFOLLY_HAVE_XSI_STRERROR_R=1 -MD -MT rngesturehandler_codegen_autolinked_build/CMakeFiles/react_codegen_rngesturehandler_codegen.dir/bac033cd950586cef66695376748dd33/ComponentDescriptors.cpp.o -MF rngesturehandler_codegen_autolinked_build\\CMakeFiles\\react_codegen_rngesturehandler_codegen.dir\\bac033cd950586cef66695376748dd33\\ComponentDescriptors.cpp.o.d -o rngesturehandler_codegen_autolinked_build/CMakeFiles/react_codegen_rngesturehandler_codegen.dir/bac033cd950586cef66695376748dd33/ComponentDescriptors.cpp.o -c D:/Projects/touch/touch-mobile/node_modules/react-native-gesture-handler/android/build/generated/source/codegen/jni/react/renderer/components/rngesturehandler_codegen/ComponentDescriptors.cpp
C/C++: clang++: error: clang frontend command failed due to signal (use -v to see invocation)
C/C++: Android (13624864, based on r530567e) clang version 19.0.1 (https://android.googlesource.com/toolchain/llvm-project 97a699bf4812a18fb657c2779f5296a4ab2694d2)
C/C++: Target: aarch64-none-linux-android24
C/C++: Thread model: posix
C/C++: InstalledDir: D:/AndroidStudioProjects/Sdk/ndk/28.2.13676358/toolchains/llvm/prebuilt/windows-x86_64/bin
C/C++: clang++: note: diagnostic msg: Error generating preprocessed source(s).
C/C++: [4/118] Building CXX object RNGoogleSignInCGen_autolinked_build/CMakeFiles/react_codegen_RNGoogleSignInCGen.dir/react/renderer/components/RNGoogleSignInCGen/ShadowNodes.cpp.o
C/C++: FAILED: RNGoogleSignInCGen_autolinked_build/CMakeFiles/react_codegen_RNGoogleSignInCGen.dir/react/renderer/components/RNGoogleSignInCGen/ShadowNodes.cpp.o 
C/C++: D:\AndroidStudioProjects\Sdk\ndk\28.2.13676358\toolchains\llvm\prebuilt\windows-x86_64\bin\clang++.exe --target=aarch64-none-linux-android24 --sysroot=D:/AndroidStudioProjects/Sdk/ndk/28.2.13676358/toolchains/llvm/prebuilt/windows-x86_64/sysroot -DRN_SERIALIZABLE_STATE -ID:/Projects/touch/touch-mobile/node_modules/@react-native-google-signin/google-signin/android/build/generated/source/codegen/jni/. -ID:/Projects/touch/touch-mobile/node_modules/@react-native-google-signin/google-signin/android/build/generated/source/codegen/jni/react/renderer/components/RNGoogleSignInCGen -isystem D:/AndroidStudioProjects/.gradle/caches/8.13/transforms/496183c206113a51ea543412a7084c83/transformed/jetified-fbjni-0.7.0/prefab/modules/fbjni/include -isystem D:/AndroidStudioProjects/.gradle/caches/8.13/transforms/761d13cc5b0f08ac09c3c16bb3bc519a/transformed/jetified-react-android-0.81.5-release/prefab/modules/jsi/include -isystem D:/AndroidStudioProjects/.gradle/caches/8.13/transforms/761d13cc5b0f08ac09c3c16bb3bc519a/transformed/jetified-react-android-0.81.5-release/prefab/modules/reactnative/include -g -DANDROID -fdata-sections -ffunction-sections -funwind-tables -fstack-protector-strong -no-canonical-prefixes -D_FORTIFY_SOURCE=2 -Wformat -Werror=format-security   -O2 -g -DNDEBUG -fPIC -Wall -Werror -fexceptions -frtti -std=c++20 -DFOLLY_NO_CONFIG=1 -DLOG_TAG=\"ReactNative\" -DFOLLY_HAVE_CLOCK_GETTIME=1 -DFOLLY_USE_LIBCPP=1 -DFOLLY_CFG_NO_COROUTINES=1 -DFOLLY_MOBILE=1 -DFOLLY_HAVE_RECVMMSG=1 -DFOLLY_HAVE_PTHREAD=1 -DFOLLY_HAVE_XSI_STRERROR_R=1 -MD -MT RNGoogleSignInCGen_autolinked_build/CMakeFiles/react_codegen_RNGoogleSignInCGen.dir/react/renderer/components/RNGoogleSignInCGen/ShadowNodes.cpp.o -MF RNGoogleSignInCGen_autolinked_build\CMakeFiles\react_codegen_RNGoogleSignInCGen.dir\react\renderer\components\RNGoogleSignInCGen\ShadowNodes.cpp.o.d -o RNGoogleSignInCGen_autolinked_build/CMakeFiles/react_codegen_RNGoogleSignInCGen.dir/react/renderer/components/RNGoogleSignInCGen/ShadowNodes.cpp.o -c D:/Projects/touch/touch-mobile/node_modules/@react-native-google-signin/google-signin/android/build/generated/source/codegen/jni/react/renderer/components/RNGoogleSignInCGen/ShadowNodes.cpp
C/C++: 0.	Program arguments: D:\\AndroidStudioProjects\\Sdk\\ndk\\28.2.13676358\\toolchains\\llvm\\prebuilt\\windows-x86_64\\bin\\clang++.exe --target=aarch64-none-linux-android24 --sysroot=D:/AndroidStudioProjects/Sdk/ndk/28.2.13676358/toolchains/llvm/prebuilt/windows-x86_64/sysroot -DRN_SERIALIZABLE_STATE -ID:/Projects/touch/touch-mobile/node_modules/@react-native-google-signin/google-signin/android/build/generated/source/codegen/jni/. -ID:/Projects/touch/touch-mobile/node_modules/@react-native-google-signin/google-signin/android/build/generated/source/codegen/jni/react/renderer/components/RNGoogleSignInCGen -isystem D:/AndroidStudioProjects/.gradle/caches/8.13/transforms/496183c206113a51ea543412a7084c83/transformed/jetified-fbjni-0.7.0/prefab/modules/fbjni/include -isystem D:/AndroidStudioProjects/.gradle/caches/8.13/transforms/761d13cc5b0f08ac09c3c16bb3bc519a/transformed/jetified-react-android-0.81.5-release/prefab/modules/jsi/include -isystem D:/AndroidStudioProjects/.gradle/caches/8.13/transforms/761d13cc5b0f08ac09c3c16bb3bc519a/transformed/jetified-react-android-0.81.5-release/prefab/modules/reactnative/include -g -DANDROID -fdata-sections -ffunction-sections -funwind-tables -fstack-protector-strong -no-canonical-prefixes -D_FORTIFY_SOURCE=2 -Wformat -Werror=format-security -O2 -g -DNDEBUG -fPIC -Wall -Werror -fexceptions -frtti -std=c++20 -DFOLLY_NO_CONFIG=1 -DLOG_TAG=\"ReactNative\" -DFOLLY_HAVE_CLOCK_GETTIME=1 -DFOLLY_USE_LIBCPP=1 -DFOLLY_CFG_NO_COROUTINES=1 -DFOLLY_MOBILE=1 -DFOLLY_HAVE_RECVMMSG=1 -DFOLLY_HAVE_PTHREAD=1 -DFOLLY_HAVE_XSI_STRERROR_R=1 -MD -MT RNGoogleSignInCGen_autolinked_build/CMakeFiles/react_codegen_RNGoogleSignInCGen.dir/react/renderer/components/RNGoogleSignInCGen/ShadowNodes.cpp.o -MF RNGoogleSignInCGen_autolinked_build\\CMakeFiles\\react_codegen_RNGoogleSignInCGen.dir\\react\\renderer\\components\\RNGoogleSignInCGen\\ShadowNodes.cpp.o.d -o RNGoogleSignInCGen_autolinked_build/CMakeFiles/react_codegen_RNGoogleSignInCGen.dir/react/renderer/components/RNGoogleSignInCGen/ShadowNodes.cpp.o -c D:/Projects/touch/touch-mobile/node_modules/@react-native-google-signin/google-signin/android/build/generated/source/codegen/jni/react/renderer/components/RNGoogleSignInCGen/ShadowNodes.cpp
C/C++: clang++: error: clang frontend command failed due to signal (use -v to see invocation)
C/C++: Android (13624864, based on r530567e) clang version 19.0.1 (https://android.googlesource.com/toolchain/llvm-project 97a699bf4812a18fb657c2779f5296a4ab2694d2)
C/C++: Target: aarch64-none-linux-android24
C/C++: Thread model: posix
C/C++: InstalledDir: D:/AndroidStudioProjects/Sdk/ndk/28.2.13676358/toolchains/llvm/prebuilt/windows-x86_64/bin
C/C++: clang++: note: diagnostic msg: Error generating preprocessed source(s).
C/C++: [5/118] Building CXX object rngesturehandler_codegen_autolinked_build/CMakeFiles/react_codegen_rngesturehandler_codegen.dir/react/renderer/components/rngesturehandler_codegen/States.cpp.o
C/C++: FAILED: rngesturehandler_codegen_autolinked_build/CMakeFiles/react_codegen_rngesturehandler_codegen.dir/react/renderer/components/rngesturehandler_codegen/States.cpp.o 
C/C++: D:\AndroidStudioProjects\Sdk\ndk\28.2.13676358\toolchains\llvm\prebuilt\windows-x86_64\bin\clang++.exe --target=aarch64-none-linux-android24 --sysroot=D:/AndroidStudioProjects/Sdk/ndk/28.2.13676358/toolchains/llvm/prebuilt/windows-x86_64/sysroot -DRN_SERIALIZABLE_STATE -ID:/Projects/touch/touch-mobile/node_modules/react-native-gesture-handler/android/build/generated/source/codegen/jni/. -ID:/Projects/touch/touch-mobile/node_modules/react-native-gesture-handler/android/build/generated/source/codegen/jni/react/renderer/components/rngesturehandler_codegen -isystem D:/AndroidStudioProjects/.gradle/caches/8.13/transforms/496183c206113a51ea543412a7084c83/transformed/jetified-fbjni-0.7.0/prefab/modules/fbjni/include -isystem D:/AndroidStudioProjects/.gradle/caches/8.13/transforms/761d13cc5b0f08ac09c3c16bb3bc519a/transformed/jetified-react-android-0.81.5-release/prefab/modules/jsi/include -isystem D:/AndroidStudioProjects/.gradle/caches/8.13/transforms/761d13cc5b0f08ac09c3c16bb3bc519a/transformed/jetified-react-android-0.81.5-release/prefab/modules/reactnative/include -g -DANDROID -fdata-sections -ffunction-sections -funwind-tables -fstack-protector-strong -no-canonical-prefixes -D_FORTIFY_SOURCE=2 -Wformat -Werror=format-security   -O2 -g -DNDEBUG -fPIC -Wall -Werror -fexceptions -frtti -std=c++20 -DFOLLY_NO_CONFIG=1 -DLOG_TAG=\"ReactNative\" -DFOLLY_HAVE_CLOCK_GETTIME=1 -DFOLLY_USE_LIBCPP=1 -DFOLLY_CFG_NO_COROUTINES=1 -DFOLLY_MOBILE=1 -DFOLLY_HAVE_RECVMMSG=1 -DFOLLY_HAVE_PTHREAD=1 -DFOLLY_HAVE_XSI_STRERROR_R=1 -MD -MT rngesturehandler_codegen_autolinked_build/CMakeFiles/react_codegen_rngesturehandler_codegen.dir/react/renderer/components/rngesturehandler_codegen/States.cpp.o -MF rngesturehandler_codegen_autolinked_build\CMakeFiles\react_codegen_rngesturehandler_codegen.dir\react\renderer\components\rngesturehandler_codegen\States.cpp.o.d -o rngesturehandler_codegen_autolinked_build/CMakeFiles/react_codegen_rngesturehandler_codegen.dir/react/renderer/components/rngesturehandler_codegen/States.cpp.o -c D:/Projects/touch/touch-mobile/node_modules/react-native-gesture-handler/android/build/generated/source/codegen/jni/react/renderer/components/rngesturehandler_codegen/States.cpp
C/C++: 0.	Program arguments: D:\\AndroidStudioProjects\\Sdk\\ndk\\28.2.13676358\\toolchains\\llvm\\prebuilt\\windows-x86_64\\bin\\clang++.exe --target=aarch64-none-linux-android24 --sysroot=D:/AndroidStudioProjects/Sdk/ndk/28.2.13676358/toolchains/llvm/prebuilt/windows-x86_64/sysroot -DRN_SERIALIZABLE_STATE -ID:/Projects/touch/touch-mobile/node_modules/react-native-gesture-handler/android/build/generated/source/codegen/jni/. -ID:/Projects/touch/touch-mobile/node_modules/react-native-gesture-handler/android/build/generated/source/codegen/jni/react/renderer/components/rngesturehandler_codegen -isystem D:/AndroidStudioProjects/.gradle/caches/8.13/transforms/496183c206113a51ea543412a7084c83/transformed/jetified-fbjni-0.7.0/prefab/modules/fbjni/include -isystem D:/AndroidStudioProjects/.gradle/caches/8.13/transforms/761d13cc5b0f08ac09c3c16bb3bc519a/transformed/jetified-react-android-0.81.5-release/prefab/modules/jsi/include -isystem D:/AndroidStudioProjects/.gradle/caches/8.13/transforms/761d13cc5b0f08ac09c3c16bb3bc519a/transformed/jetified-react-android-0.81.5-release/prefab/modules/reactnative/include -g -DANDROID -fdata-sections -ffunction-sections -funwind-tables -fstack-protector-strong -no-canonical-prefixes -D_FORTIFY_SOURCE=2 -Wformat -Werror=format-security -O2 -g -DNDEBUG -fPIC -Wall -Werror -fexceptions -frtti -std=c++20 -DFOLLY_NO_CONFIG=1 -DLOG_TAG=\"ReactNative\" -DFOLLY_HAVE_CLOCK_GETTIME=1 -DFOLLY_USE_LIBCPP=1 -DFOLLY_CFG_NO_COROUTINES=1 -DFOLLY_MOBILE=1 -DFOLLY_HAVE_RECVMMSG=1 -DFOLLY_HAVE_PTHREAD=1 -DFOLLY_HAVE_XSI_STRERROR_R=1 -MD -MT rngesturehandler_codegen_autolinked_build/CMakeFiles/react_codegen_rngesturehandler_codegen.dir/react/renderer/components/rngesturehandler_codegen/States.cpp.o -MF rngesturehandler_codegen_autolinked_build\\CMakeFiles\\react_codegen_rngesturehandler_codegen.dir\\react\\renderer\\components\\rngesturehandler_codegen\\States.cpp.o.d -o rngesturehandler_codegen_autolinked_build/CMakeFiles/react_codegen_rngesturehandler_codegen.dir/react/renderer/components/rngesturehandler_codegen/States.cpp.o -c D:/Projects/touch/touch-mobile/node_modules/react-native-gesture-handler/android/build/generated/source/codegen/jni/react/renderer/components/rngesturehandler_codegen/States.cpp
C/C++: clang++: error: clang frontend command failed due to signal (use -v to see invocation)
C/C++: Android (13624864, based on r530567e) clang version 19.0.1 (https://android.googlesource.com/toolchain/llvm-project 97a699bf4812a18fb657c2779f5296a4ab2694d2)
C/C++: Target: aarch64-none-linux-android24
C/C++: Thread model: posix
C/C++: InstalledDir: D:/AndroidStudioProjects/Sdk/ndk/28.2.13676358/toolchains/llvm/prebuilt/windows-x86_64/bin
C/C++: clang++: note: diagnostic msg: 
C/C++: ********************
C/C++: PLEASE ATTACH THE FOLLOWING FILES TO THE BUG REPORT:
C/C++: Preprocessed source(s) and associated run script(s) are located at:
C/C++: clang++: note: diagnostic msg: C:/Users/roybe/AppData/Local/Temp/States-72ca5f.cpp
C/C++: clang++: note: diagnostic msg: C:/Users/roybe/AppData/Local/Temp/States-72ca5f.sh
C/C++: clang++: note: diagnostic msg: 
C/C++: ********************
C/C++: [6/118] Building CXX object RNGoogleSignInCGen_autolinked_build/CMakeFiles/react_codegen_RNGoogleSignInCGen.dir/react/renderer/components/RNGoogleSignInCGen/States.cpp.o
C/C++: FAILED: RNGoogleSignInCGen_autolinked_build/CMakeFiles/react_codegen_RNGoogleSignInCGen.dir/react/renderer/components/RNGoogleSignInCGen/States.cpp.o 
C/C++: D:\AndroidStudioProjects\Sdk\ndk\28.2.13676358\toolchains\llvm\prebuilt\windows-x86_64\bin\clang++.exe --target=aarch64-none-linux-android24 --sysroot=D:/AndroidStudioProjects/Sdk/ndk/28.2.13676358/toolchains/llvm/prebuilt/windows-x86_64/sysroot -DRN_SERIALIZABLE_STATE -ID:/Projects/touch/touch-mobile/node_modules/@react-native-google-signin/google-signin/android/build/generated/source/codegen/jni/. -ID:/Projects/touch/touch-mobile/node_modules/@react-native-google-signin/google-signin/android/build/generated/source/codegen/jni/react/renderer/components/RNGoogleSignInCGen -isystem D:/AndroidStudioProjects/.gradle/caches/8.13/transforms/496183c206113a51ea543412a7084c83/transformed/jetified-fbjni-0.7.0/prefab/modules/fbjni/include -isystem D:/AndroidStudioProjects/.gradle/caches/8.13/transforms/761d13cc5b0f08ac09c3c16bb3bc519a/transformed/jetified-react-android-0.81.5-release/prefab/modules/jsi/include -isystem D:/AndroidStudioProjects/.gradle/caches/8.13/transforms/761d13cc5b0f08ac09c3c16bb3bc519a/transformed/jetified-react-android-0.81.5-release/prefab/modules/reactnative/include -g -DANDROID -fdata-sections -ffunction-sections -funwind-tables -fstack-protector-strong -no-canonical-prefixes -D_FORTIFY_SOURCE=2 -Wformat -Werror=format-security   -O2 -g -DNDEBUG -fPIC -Wall -Werror -fexceptions -frtti -std=c++20 -DFOLLY_NO_CONFIG=1 -DLOG_TAG=\"ReactNative\" -DFOLLY_HAVE_CLOCK_GETTIME=1 -DFOLLY_USE_LIBCPP=1 -DFOLLY_CFG_NO_COROUTINES=1 -DFOLLY_MOBILE=1 -DFOLLY_HAVE_RECVMMSG=1 -DFOLLY_HAVE_PTHREAD=1 -DFOLLY_HAVE_XSI_STRERROR_R=1 -MD -MT RNGoogleSignInCGen_autolinked_build/CMakeFiles/react_codegen_RNGoogleSignInCGen.dir/react/renderer/components/RNGoogleSignInCGen/States.cpp.o -MF RNGoogleSignInCGen_autolinked_build\CMakeFiles\react_codegen_RNGoogleSignInCGen.dir\react\renderer\components\RNGoogleSignInCGen\States.cpp.o.d -o RNGoogleSignInCGen_autolinked_build/CMakeFiles/react_codegen_RNGoogleSignInCGen.dir/react/renderer/components/RNGoogleSignInCGen/States.cpp.o -c D:/Projects/touch/touch-mobile/node_modules/@react-native-google-signin/google-signin/android/build/generated/source/codegen/jni/react/renderer/components/RNGoogleSignInCGen/States.cpp
C/C++: 0.	Program arguments: D:\\AndroidStudioProjects\\Sdk\\ndk\\28.2.13676358\\toolchains\\llvm\\prebuilt\\windows-x86_64\\bin\\clang++.exe --target=aarch64-none-linux-android24 --sysroot=D:/AndroidStudioProjects/Sdk/ndk/28.2.13676358/toolchains/llvm/prebuilt/windows-x86_64/sysroot -DRN_SERIALIZABLE_STATE -ID:/Projects/touch/touch-mobile/node_modules/@react-native-google-signin/google-signin/android/build/generated/source/codegen/jni/. -ID:/Projects/touch/touch-mobile/node_modules/@react-native-google-signin/google-signin/android/build/generated/source/codegen/jni/react/renderer/components/RNGoogleSignInCGen -isystem D:/AndroidStudioProjects/.gradle/caches/8.13/transforms/496183c206113a51ea543412a7084c83/transformed/jetified-fbjni-0.7.0/prefab/modules/fbjni/include -isystem D:/AndroidStudioProjects/.gradle/caches/8.13/transforms/761d13cc5b0f08ac09c3c16bb3bc519a/transformed/jetified-react-android-0.81.5-release/prefab/modules/jsi/include -isystem D:/AndroidStudioProjects/.gradle/caches/8.13/transforms/761d13cc5b0f08ac09c3c16bb3bc519a/transformed/jetified-react-android-0.81.5-release/prefab/modules/reactnative/include -g -DANDROID -fdata-sections -ffunction-sections -funwind-tables -fstack-protector-strong -no-canonical-prefixes -D_FORTIFY_SOURCE=2 -Wformat -Werror=format-security -O2 -g -DNDEBUG -fPIC -Wall -Werror -fexceptions -frtti -std=c++20 -DFOLLY_NO_CONFIG=1 -DLOG_TAG=\"ReactNative\" -DFOLLY_HAVE_CLOCK_GETTIME=1 -DFOLLY_USE_LIBCPP=1 -DFOLLY_CFG_NO_COROUTINES=1 -DFOLLY_MOBILE=1 -DFOLLY_HAVE_RECVMMSG=1 -DFOLLY_HAVE_PTHREAD=1 -DFOLLY_HAVE_XSI_STRERROR_R=1 -MD -MT RNGoogleSignInCGen_autolinked_build/CMakeFiles/react_codegen_RNGoogleSignInCGen.dir/react/renderer/components/RNGoogleSignInCGen/States.cpp.o -MF RNGoogleSignInCGen_autolinked_build\\CMakeFiles\\react_codegen_RNGoogleSignInCGen.dir\\react\\renderer\\components\\RNGoogleSignInCGen\\States.cpp.o.d -o RNGoogleSignInCGen_autolinked_build/CMakeFiles/react_codegen_RNGoogleSignInCGen.dir/react/renderer/components/RNGoogleSignInCGen/States.cpp.o -c D:/Projects/touch/touch-mobile/node_modules/@react-native-google-signin/google-signin/android/build/generated/source/codegen/jni/react/renderer/components/RNGoogleSignInCGen/States.cpp
C/C++: clang++: error: clang frontend command failed due to signal (use -v to see invocation)
C/C++: Android (13624864, based on r530567e) clang version 19.0.1 (https://android.googlesource.com/toolchain/llvm-project 97a699bf4812a18fb657c2779f5296a4ab2694d2)
C/C++: Target: aarch64-none-linux-android24
C/C++: Thread model: posix
C/C++: InstalledDir: D:/AndroidStudioProjects/Sdk/ndk/28.2.13676358/toolchains/llvm/prebuilt/windows-x86_64/bin
C/C++: clang++: note: diagnostic msg: 
C/C++: ********************
C/C++: PLEASE ATTACH THE FOLLOWING FILES TO THE BUG REPORT:
C/C++: Preprocessed source(s) and associated run script(s) are located at:
C/C++: clang++: note: diagnostic msg: C:/Users/roybe/AppData/Local/Temp/States-64417a.cpp
C/C++: clang++: note: diagnostic msg: C:/Users/roybe/AppData/Local/Temp/States-64417a.sh
C/C++: clang++: note: diagnostic msg: 
C/C++: ********************
C/C++: [7/118] Building CXX object RNGoogleSignInCGen_autolinked_build/CMakeFiles/react_codegen_RNGoogleSignInCGen.dir/react/renderer/components/RNGoogleSignInCGen/EventEmitters.cpp.o
C/C++: FAILED: RNGoogleSignInCGen_autolinked_build/CMakeFiles/react_codegen_RNGoogleSignInCGen.dir/react/renderer/components/RNGoogleSignInCGen/EventEmitters.cpp.o 
C/C++: D:\AndroidStudioProjects\Sdk\ndk\28.2.13676358\toolchains\llvm\prebuilt\windows-x86_64\bin\clang++.exe --target=aarch64-none-linux-android24 --sysroot=D:/AndroidStudioProjects/Sdk/ndk/28.2.13676358/toolchains/llvm/prebuilt/windows-x86_64/sysroot -DRN_SERIALIZABLE_STATE -ID:/Projects/touch/touch-mobile/node_modules/@react-native-google-signin/google-signin/android/build/generated/source/codegen/jni/. -ID:/Projects/touch/touch-mobile/node_modules/@react-native-google-signin/google-signin/android/build/generated/source/codegen/jni/react/renderer/components/RNGoogleSignInCGen -isystem D:/AndroidStudioProjects/.gradle/caches/8.13/transforms/496183c206113a51ea543412a7084c83/transformed/jetified-fbjni-0.7.0/prefab/modules/fbjni/include -isystem D:/AndroidStudioProjects/.gradle/caches/8.13/transforms/761d13cc5b0f08ac09c3c16bb3bc519a/transformed/jetified-react-android-0.81.5-release/prefab/modules/jsi/include -isystem D:/AndroidStudioProjects/.gradle/caches/8.13/transforms/761d13cc5b0f08ac09c3c16bb3bc519a/transformed/jetified-react-android-0.81.5-release/prefab/modules/reactnative/include -g -DANDROID -fdata-sections -ffunction-sections -funwind-tables -fstack-protector-strong -no-canonical-prefixes -D_FORTIFY_SOURCE=2 -Wformat -Werror=format-security   -O2 -g -DNDEBUG -fPIC -Wall -Werror -fexceptions -frtti -std=c++20 -DFOLLY_NO_CONFIG=1 -DLOG_TAG=\"ReactNative\" -DFOLLY_HAVE_CLOCK_GETTIME=1 -DFOLLY_USE_LIBCPP=1 -DFOLLY_CFG_NO_COROUTINES=1 -DFOLLY_MOBILE=1 -DFOLLY_HAVE_RECVMMSG=1 -DFOLLY_HAVE_PTHREAD=1 -DFOLLY_HAVE_XSI_STRERROR_R=1 -MD -MT RNGoogleSignInCGen_autolinked_build/CMakeFiles/react_codegen_RNGoogleSignInCGen.dir/react/renderer/components/RNGoogleSignInCGen/EventEmitters.cpp.o -MF RNGoogleSignInCGen_autolinked_build\CMakeFiles\react_codegen_RNGoogleSignInCGen.dir\react\renderer\components\RNGoogleSignInCGen\EventEmitters.cpp.o.d -o RNGoogleSignInCGen_autolinked_build/CMakeFiles/react_codegen_RNGoogleSignInCGen.dir/react/renderer/components/RNGoogleSignInCGen/EventEmitters.cpp.o -c D:/Projects/touch/touch-mobile/node_modules/@react-native-google-signin/google-signin/android/build/generated/source/codegen/jni/react/renderer/components/RNGoogleSignInCGen/EventEmitters.cpp
C/C++: 0.	Program arguments: D:\\AndroidStudioProjects\\Sdk\\ndk\\28.2.13676358\\toolchains\\llvm\\prebuilt\\windows-x86_64\\bin\\clang++.exe --target=aarch64-none-linux-android24 --sysroot=D:/AndroidStudioProjects/Sdk/ndk/28.2.13676358/toolchains/llvm/prebuilt/windows-x86_64/sysroot -DRN_SERIALIZABLE_STATE -ID:/Projects/touch/touch-mobile/node_modules/@react-native-google-signin/google-signin/android/build/generated/source/codegen/jni/. -ID:/Projects/touch/touch-mobile/node_modules/@react-native-google-signin/google-signin/android/build/generated/source/codegen/jni/react/renderer/components/RNGoogleSignInCGen -isystem D:/AndroidStudioProjects/.gradle/caches/8.13/transforms/496183c206113a51ea543412a7084c83/transformed/jetified-fbjni-0.7.0/prefab/modules/fbjni/include -isystem D:/AndroidStudioProjects/.gradle/caches/8.13/transforms/761d13cc5b0f08ac09c3c16bb3bc519a/transformed/jetified-react-android-0.81.5-release/prefab/modules/jsi/include -isystem D:/AndroidStudioProjects/.gradle/caches/8.13/transforms/761d13cc5b0f08ac09c3c16bb3bc519a/transformed/jetified-react-android-0.81.5-release/prefab/modules/reactnative/include -g -DANDROID -fdata-sections -ffunction-sections -funwind-tables -fstack-protector-strong -no-canonical-prefixes -D_FORTIFY_SOURCE=2 -Wformat -Werror=format-security -O2 -g -DNDEBUG -fPIC -Wall -Werror -fexceptions -frtti -std=c++20 -DFOLLY_NO_CONFIG=1 -DLOG_TAG=\"ReactNative\" -DFOLLY_HAVE_CLOCK_GETTIME=1 -DFOLLY_USE_LIBCPP=1 -DFOLLY_CFG_NO_COROUTINES=1 -DFOLLY_MOBILE=1 -DFOLLY_HAVE_RECVMMSG=1 -DFOLLY_HAVE_PTHREAD=1 -DFOLLY_HAVE_XSI_STRERROR_R=1 -MD -MT RNGoogleSignInCGen_autolinked_build/CMakeFiles/react_codegen_RNGoogleSignInCGen.dir/react/renderer/components/RNGoogleSignInCGen/EventEmitters.cpp.o -MF RNGoogleSignInCGen_autolinked_build\\CMakeFiles\\react_codegen_RNGoogleSignInCGen.dir\\react\\renderer\\components\\RNGoogleSignInCGen\\EventEmitters.cpp.o.d -o RNGoogleSignInCGen_autolinked_build/CMakeFiles/react_codegen_RNGoogleSignInCGen.dir/react/renderer/components/RNGoogleSignInCGen/EventEmitters.cpp.o -c D:/Projects/touch/touch-mobile/node_modules/@react-native-google-signin/google-signin/android/build/generated/source/codegen/jni/react/renderer/components/RNGoogleSignInCGen/EventEmitters.cpp
C/C++: clang++: error: clang frontend command failed due to signal (use -v to see invocation)
C/C++: Android (13624864, based on r530567e) clang version 19.0.1 (https://android.googlesource.com/toolchain/llvm-project 97a699bf4812a18fb657c2779f5296a4ab2694d2)
C/C++: Target: aarch64-none-linux-android24
C/C++: Thread model: posix
C/C++: InstalledDir: D:/AndroidStudioProjects/Sdk/ndk/28.2.13676358/toolchains/llvm/prebuilt/windows-x86_64/bin
C/C++: clang++: note: diagnostic msg: Error generating preprocessed source(s).
C/C++: [8/118] Building CXX object rngesturehandler_codegen_autolinked_build/CMakeFiles/react_codegen_rngesturehandler_codegen.dir/react/renderer/components/rngesturehandler_codegen/EventEmitters.cpp.o
C/C++: FAILED: rngesturehandler_codegen_autolinked_build/CMakeFiles/react_codegen_rngesturehandler_codegen.dir/react/renderer/components/rngesturehandler_codegen/EventEmitters.cpp.o 
C/C++: D:\AndroidStudioProjects\Sdk\ndk\28.2.13676358\toolchains\llvm\prebuilt\windows-x86_64\bin\clang++.exe --target=aarch64-none-linux-android24 --sysroot=D:/AndroidStudioProjects/Sdk/ndk/28.2.13676358/toolchains/llvm/prebuilt/windows-x86_64/sysroot -DRN_SERIALIZABLE_STATE -ID:/Projects/touch/touch-mobile/node_modules/react-native-gesture-handler/android/build/generated/source/codegen/jni/. -ID:/Projects/touch/touch-mobile/node_modules/react-native-gesture-handler/android/build/generated/source/codegen/jni/react/renderer/components/rngesturehandler_codegen -isystem D:/AndroidStudioProjects/.gradle/caches/8.13/transforms/496183c206113a51ea543412a7084c83/transformed/jetified-fbjni-0.7.0/prefab/modules/fbjni/include -isystem D:/AndroidStudioProjects/.gradle/caches/8.13/transforms/761d13cc5b0f08ac09c3c16bb3bc519a/transformed/jetified-react-android-0.81.5-release/prefab/modules/jsi/include -isystem D:/AndroidStudioProjects/.gradle/caches/8.13/transforms/761d13cc5b0f08ac09c3c16bb3bc519a/transformed/jetified-react-android-0.81.5-release/prefab/modules/reactnative/include -g -DANDROID -fdata-sections -ffunction-sections -funwind-tables -fstack-protector-strong -no-canonical-prefixes -D_FORTIFY_SOURCE=2 -Wformat -Werror=format-security   -O2 -g -DNDEBUG -fPIC -Wall -Werror -fexceptions -frtti -std=c++20 -DFOLLY_NO_CONFIG=1 -DLOG_TAG=\"ReactNative\" -DFOLLY_HAVE_CLOCK_GETTIME=1 -DFOLLY_USE_LIBCPP=1 -DFOLLY_CFG_NO_COROUTINES=1 -DFOLLY_MOBILE=1 -DFOLLY_HAVE_RECVMMSG=1 -DFOLLY_HAVE_PTHREAD=1 -DFOLLY_HAVE_XSI_STRERROR_R=1 -MD -MT rngesturehandler_codegen_autolinked_build/CMakeFiles/react_codegen_rngesturehandler_codegen.dir/react/renderer/components/rngesturehandler_codegen/EventEmitters.cpp.o -MF rngesturehandler_codegen_autolinked_build\CMakeFiles\react_codegen_rngesturehandler_codegen.dir\react\renderer\components\rngesturehandler_codegen\EventEmitters.cpp.o.d -o rngesturehandler_codegen_autolinked_build/CMakeFiles/react_codegen_rngesturehandler_codegen.dir/react/renderer/components/rngesturehandler_codegen/EventEmitters.cpp.o -c D:/Projects/touch/touch-mobile/node_modules/react-native-gesture-handler/android/build/generated/source/codegen/jni/react/renderer/components/rngesturehandler_codegen/EventEmitters.cpp
C/C++: 0.	Program arguments: D:\\AndroidStudioProjects\\Sdk\\ndk\\28.2.13676358\\toolchains\\llvm\\prebuilt\\windows-x86_64\\bin\\clang++.exe --target=aarch64-none-linux-android24 --sysroot=D:/AndroidStudioProjects/Sdk/ndk/28.2.13676358/toolchains/llvm/prebuilt/windows-x86_64/sysroot -DRN_SERIALIZABLE_STATE -ID:/Projects/touch/touch-mobile/node_modules/react-native-gesture-handler/android/build/generated/source/codegen/jni/. -ID:/Projects/touch/touch-mobile/node_modules/react-native-gesture-handler/android/build/generated/source/codegen/jni/react/renderer/components/rngesturehandler_codegen -isystem D:/AndroidStudioProjects/.gradle/caches/8.13/transforms/496183c206113a51ea543412a7084c83/transformed/jetified-fbjni-0.7.0/prefab/modules/fbjni/include -isystem D:/AndroidStudioProjects/.gradle/caches/8.13/transforms/761d13cc5b0f08ac09c3c16bb3bc519a/transformed/jetified-react-android-0.81.5-release/prefab/modules/jsi/include -isystem D:/AndroidStudioProjects/.gradle/caches/8.13/transforms/761d13cc5b0f08ac09c3c16bb3bc519a/transformed/jetified-react-android-0.81.5-release/prefab/modules/reactnative/include -g -DANDROID -fdata-sections -ffunction-sections -funwind-tables -fstack-protector-strong -no-canonical-prefixes -D_FORTIFY_SOURCE=2 -Wformat -Werror=format-security -O2 -g -DNDEBUG -fPIC -Wall -Werror -fexceptions -frtti -std=c++20 -DFOLLY_NO_CONFIG=1 -DLOG_TAG=\"ReactNative\" -DFOLLY_HAVE_CLOCK_GETTIME=1 -DFOLLY_USE_LIBCPP=1 -DFOLLY_CFG_NO_COROUTINES=1 -DFOLLY_MOBILE=1 -DFOLLY_HAVE_RECVMMSG=1 -DFOLLY_HAVE_PTHREAD=1 -DFOLLY_HAVE_XSI_STRERROR_R=1 -MD -MT rngesturehandler_codegen_autolinked_build/CMakeFiles/react_codegen_rngesturehandler_codegen.dir/react/renderer/components/rngesturehandler_codegen/EventEmitters.cpp.o -MF rngesturehandler_codegen_autolinked_build\\CMakeFiles\\react_codegen_rngesturehandler_codegen.dir\\react\\renderer\\components\\rngesturehandler_codegen\\EventEmitters.cpp.o.d -o rngesturehandler_codegen_autolinked_build/CMakeFiles/react_codegen_rngesturehandler_codegen.dir/react/renderer/components/rngesturehandler_codegen/EventEmitters.cpp.o -c D:/Projects/touch/touch-mobile/node_modules/react-native-gesture-handler/android/build/generated/source/codegen/jni/react/renderer/components/rngesturehandler_codegen/EventEmitters.cpp
C/C++: clang++: error: clang frontend command failed due to signal (use -v to see invocation)
C/C++: Android (13624864, based on r530567e) clang version 19.0.1 (https://android.googlesource.com/toolchain/llvm-project 97a699bf4812a18fb657c2779f5296a4ab2694d2)
C/C++: Target: aarch64-none-linux-android24
C/C++: Thread model: posix
C/C++: InstalledDir: D:/AndroidStudioProjects/Sdk/ndk/28.2.13676358/toolchains/llvm/prebuilt/windows-x86_64/bin
C/C++: clang++: note: diagnostic msg: 
C/C++: ********************
C/C++: PLEASE ATTACH THE FOLLOWING FILES TO THE BUG REPORT:
C/C++: Preprocessed source(s) and associated run script(s) are located at:
C/C++: clang++: note: diagnostic msg: C:/Users/roybe/AppData/Local/Temp/EventEmitters-9b8676.cpp
C/C++: clang++: note: diagnostic msg: C:/Users/roybe/AppData/Local/Temp/EventEmitters-9b8676.sh
C/C++: clang++: note: diagnostic msg: 
C/C++: ********************
C/C++: [9/118] Building CXX object rngesturehandler_codegen_autolinked_build/CMakeFiles/react_codegen_rngesturehandler_codegen.dir/react/renderer/components/rngesturehandler_codegen/rngesturehandler_codegenJSI-generated.cpp.o
C/C++: FAILED: rngesturehandler_codegen_autolinked_build/CMakeFiles/react_codegen_rngesturehandler_codegen.dir/react/renderer/components/rngesturehandler_codegen/rngesturehandler_codegenJSI-generated.cpp.o 
C/C++: D:\AndroidStudioProjects\Sdk\ndk\28.2.13676358\toolchains\llvm\prebuilt\windows-x86_64\bin\clang++.exe --target=aarch64-none-linux-android24 --sysroot=D:/AndroidStudioProjects/Sdk/ndk/28.2.13676358/toolchains/llvm/prebuilt/windows-x86_64/sysroot -DRN_SERIALIZABLE_STATE -ID:/Projects/touch/touch-mobile/node_modules/react-native-gesture-handler/android/build/generated/source/codegen/jni/. -ID:/Projects/touch/touch-mobile/node_modules/react-native-gesture-handler/android/build/generated/source/codegen/jni/react/renderer/components/rngesturehandler_codegen -isystem D:/AndroidStudioProjects/.gradle/caches/8.13/transforms/496183c206113a51ea543412a7084c83/transformed/jetified-fbjni-0.7.0/prefab/modules/fbjni/include -isystem D:/AndroidStudioProjects/.gradle/caches/8.13/transforms/761d13cc5b0f08ac09c3c16bb3bc519a/transformed/jetified-react-android-0.81.5-release/prefab/modules/jsi/include -isystem D:/AndroidStudioProjects/.gradle/caches/8.13/transforms/761d13cc5b0f08ac09c3c16bb3bc519a/transformed/jetified-react-android-0.81.5-release/prefab/modules/reactnative/include -g -DANDROID -fdata-sections -ffunction-sections -funwind-tables -fstack-protector-strong -no-canonical-prefixes -D_FORTIFY_SOURCE=2 -Wformat -Werror=format-security   -O2 -g -DNDEBUG -fPIC -Wall -Werror -fexceptions -frtti -std=c++20 -DFOLLY_NO_CONFIG=1 -DLOG_TAG=\"ReactNative\" -DFOLLY_HAVE_CLOCK_GETTIME=1 -DFOLLY_USE_LIBCPP=1 -DFOLLY_CFG_NO_COROUTINES=1 -DFOLLY_MOBILE=1 -DFOLLY_HAVE_RECVMMSG=1 -DFOLLY_HAVE_PTHREAD=1 -DFOLLY_HAVE_XSI_STRERROR_R=1 -MD -MT rngesturehandler_codegen_autolinked_build/CMakeFiles/react_codegen_rngesturehandler_codegen.dir/react/renderer/components/rngesturehandler_codegen/rngesturehandler_codegenJSI-generated.cpp.o -MF rngesturehandler_codegen_autolinked_build\CMakeFiles\react_codegen_rngesturehandler_codegen.dir\react\renderer\components\rngesturehandler_codegen\rngesturehandler_codegenJSI-generated.cpp.o.d -o rngesturehandler_codegen_autolinked_build/CMakeFiles/react_codegen_rngesturehandler_codegen.dir/react/renderer/components/rngesturehandler_codegen/rngesturehandler_codegenJSI-generated.cpp.o -c D:/Projects/touch/touch-mobile/node_modules/react-native-gesture-handler/android/build/generated/source/codegen/jni/react/renderer/components/rngesturehandler_codegen/rngesturehandler_codegenJSI-generated.cpp
C/C++: 0.	Program arguments: D:\\AndroidStudioProjects\\Sdk\\ndk\\28.2.13676358\\toolchains\\llvm\\prebuilt\\windows-x86_64\\bin\\clang++.exe --target=aarch64-none-linux-android24 --sysroot=D:/AndroidStudioProjects/Sdk/ndk/28.2.13676358/toolchains/llvm/prebuilt/windows-x86_64/sysroot -DRN_SERIALIZABLE_STATE -ID:/Projects/touch/touch-mobile/node_modules/react-native-gesture-handler/android/build/generated/source/codegen/jni/. -ID:/Projects/touch/touch-mobile/node_modules/react-native-gesture-handler/android/build/generated/source/codegen/jni/react/renderer/components/rngesturehandler_codegen -isystem D:/AndroidStudioProjects/.gradle/caches/8.13/transforms/496183c206113a51ea543412a7084c83/transformed/jetified-fbjni-0.7.0/prefab/modules/fbjni/include -isystem D:/AndroidStudioProjects/.gradle/caches/8.13/transforms/761d13cc5b0f08ac09c3c16bb3bc519a/transformed/jetified-react-android-0.81.5-release/prefab/modules/jsi/include -isystem D:/AndroidStudioProjects/.gradle/caches/8.13/transforms/761d13cc5b0f08ac09c3c16bb3bc519a/transformed/jetified-react-android-0.81.5-release/prefab/modules/reactnative/include -g -DANDROID -fdata-sections -ffunction-sections -funwind-tables -fstack-protector-strong -no-canonical-prefixes -D_FORTIFY_SOURCE=2 -Wformat -Werror=format-security -O2 -g -DNDEBUG -fPIC -Wall -Werror -fexceptions -frtti -std=c++20 -DFOLLY_NO_CONFIG=1 -DLOG_TAG=\"ReactNative\" -DFOLLY_HAVE_CLOCK_GETTIME=1 -DFOLLY_USE_LIBCPP=1 -DFOLLY_CFG_NO_COROUTINES=1 -DFOLLY_MOBILE=1 -DFOLLY_HAVE_RECVMMSG=1 -DFOLLY_HAVE_PTHREAD=1 -DFOLLY_HAVE_XSI_STRERROR_R=1 -MD -MT rngesturehandler_codegen_autolinked_build/CMakeFiles/react_codegen_rngesturehandler_codegen.dir/react/renderer/components/rngesturehandler_codegen/rngesturehandler_codegenJSI-generated.cpp.o -MF rngesturehandler_codegen_autolinked_build\\CMakeFiles\\react_codegen_rngesturehandler_codegen.dir\\react\\renderer\\components\\rngesturehandler_codegen\\rngesturehandler_codegenJSI-generated.cpp.o.d -o rngesturehandler_codegen_autolinked_build/CMakeFiles/react_codegen_rngesturehandler_codegen.dir/react/renderer/components/rngesturehandler_codegen/rngesturehandler_codegenJSI-generated.cpp.o -c D:/Projects/touch/touch-mobile/node_modules/react-native-gesture-handler/android/build/generated/source/codegen/jni/react/renderer/components/rngesturehandler_codegen/rngesturehandler_codegenJSI-generated.cpp
C/C++: clang++: error: clang frontend command failed due to signal (use -v to see invocation)
C/C++: Android (13624864, based on r530567e) clang version 19.0.1 (https://android.googlesource.com/toolchain/llvm-project 97a699bf4812a18fb657c2779f5296a4ab2694d2)
C/C++: Target: aarch64-none-linux-android24
C/C++: Thread model: posix
C/C++: InstalledDir: D:/AndroidStudioProjects/Sdk/ndk/28.2.13676358/toolchains/llvm/prebuilt/windows-x86_64/bin
C/C++: clang++: note: diagnostic msg: 
C/C++: ********************
C/C++: PLEASE ATTACH THE FOLLOWING FILES TO THE BUG REPORT:
C/C++: Preprocessed source(s) and associated run script(s) are located at:
C/C++: clang++: note: diagnostic msg: C:/Users/roybe/AppData/Local/Temp/rngesturehandler_codegenJSI-generated-f8a1b3.cpp
C/C++: clang++: note: diagnostic msg: C:/Users/roybe/AppData/Local/Temp/rngesturehandler_codegenJSI-generated-f8a1b3.sh
C/C++: clang++: note: diagnostic msg: 
C/C++: ********************
C/C++: [10/118] Building CXX object RNGoogleSignInCGen_autolinked_build/CMakeFiles/react_codegen_RNGoogleSignInCGen.dir/react/renderer/components/RNGoogleSignInCGen/RNGoogleSignInCGenJSI-generated.cpp.o
C/C++: FAILED: RNGoogleSignInCGen_autolinked_build/CMakeFiles/react_codegen_RNGoogleSignInCGen.dir/react/renderer/components/RNGoogleSignInCGen/RNGoogleSignInCGenJSI-generated.cpp.o 
C/C++: D:\AndroidStudioProjects\Sdk\ndk\28.2.13676358\toolchains\llvm\prebuilt\windows-x86_64\bin\clang++.exe --target=aarch64-none-linux-android24 --sysroot=D:/AndroidStudioProjects/Sdk/ndk/28.2.13676358/toolchains/llvm/prebuilt/windows-x86_64/sysroot -DRN_SERIALIZABLE_STATE -ID:/Projects/touch/touch-mobile/node_modules/@react-native-google-signin/google-signin/android/build/generated/source/codegen/jni/. -ID:/Projects/touch/touch-mobile/node_modules/@react-native-google-signin/google-signin/android/build/generated/source/codegen/jni/react/renderer/components/RNGoogleSignInCGen -isystem D:/AndroidStudioProjects/.gradle/caches/8.13/transforms/496183c206113a51ea543412a7084c83/transformed/jetified-fbjni-0.7.0/prefab/modules/fbjni/include -isystem D:/AndroidStudioProjects/.gradle/caches/8.13/transforms/761d13cc5b0f08ac09c3c16bb3bc519a/transformed/jetified-react-android-0.81.5-release/prefab/modules/jsi/include -isystem D:/AndroidStudioProjects/.gradle/caches/8.13/transforms/761d13cc5b0f08ac09c3c16bb3bc519a/transformed/jetified-react-android-0.81.5-release/prefab/modules/reactnative/include -g -DANDROID -fdata-sections -ffunction-sections -funwind-tables -fstack-protector-strong -no-canonical-prefixes -D_FORTIFY_SOURCE=2 -Wformat -Werror=format-security   -O2 -g -DNDEBUG -fPIC -Wall -Werror -fexceptions -frtti -std=c++20 -DFOLLY_NO_CONFIG=1 -DLOG_TAG=\"ReactNative\" -DFOLLY_HAVE_CLOCK_GETTIME=1 -DFOLLY_USE_LIBCPP=1 -DFOLLY_CFG_NO_COROUTINES=1 -DFOLLY_MOBILE=1 -DFOLLY_HAVE_RECVMMSG=1 -DFOLLY_HAVE_PTHREAD=1 -DFOLLY_HAVE_XSI_STRERROR_R=1 -MD -MT RNGoogleSignInCGen_autolinked_build/CMakeFiles/react_codegen_RNGoogleSignInCGen.dir/react/renderer/components/RNGoogleSignInCGen/RNGoogleSignInCGenJSI-generated.cpp.o -MF RNGoogleSignInCGen_autolinked_build\CMakeFiles\react_codegen_RNGoogleSignInCGen.dir\react\renderer\components\RNGoogleSignInCGen\RNGoogleSignInCGenJSI-generated.cpp.o.d -o RNGoogleSignInCGen_autolinked_build/CMakeFiles/react_codegen_RNGoogleSignInCGen.dir/react/renderer/components/RNGoogleSignInCGen/RNGoogleSignInCGenJSI-generated.cpp.o -c D:/Projects/touch/touch-mobile/node_modules/@react-native-google-signin/google-signin/android/build/generated/source/codegen/jni/react/renderer/components/RNGoogleSignInCGen/RNGoogleSignInCGenJSI-generated.cpp
C/C++: 0.	Program arguments: D:\\AndroidStudioProjects\\Sdk\\ndk\\28.2.13676358\\toolchains\\llvm\\prebuilt\\windows-x86_64\\bin\\clang++.exe --target=aarch64-none-linux-android24 --sysroot=D:/AndroidStudioProjects/Sdk/ndk/28.2.13676358/toolchains/llvm/prebuilt/windows-x86_64/sysroot -DRN_SERIALIZABLE_STATE -ID:/Projects/touch/touch-mobile/node_modules/@react-native-google-signin/google-signin/android/build/generated/source/codegen/jni/. -ID:/Projects/touch/touch-mobile/node_modules/@react-native-google-signin/google-signin/android/build/generated/source/codegen/jni/react/renderer/components/RNGoogleSignInCGen -isystem D:/AndroidStudioProjects/.gradle/caches/8.13/transforms/496183c206113a51ea543412a7084c83/transformed/jetified-fbjni-0.7.0/prefab/modules/fbjni/include -isystem D:/AndroidStudioProjects/.gradle/caches/8.13/transforms/761d13cc5b0f08ac09c3c16bb3bc519a/transformed/jetified-react-android-0.81.5-release/prefab/modules/jsi/include -isystem D:/AndroidStudioProjects/.gradle/caches/8.13/transforms/761d13cc5b0f08ac09c3c16bb3bc519a/transformed/jetified-react-android-0.81.5-release/prefab/modules/reactnative/include -g -DANDROID -fdata-sections -ffunction-sections -funwind-tables -fstack-protector-strong -no-canonical-prefixes -D_FORTIFY_SOURCE=2 -Wformat -Werror=format-security -O2 -g -DNDEBUG -fPIC -Wall -Werror -fexceptions -frtti -std=c++20 -DFOLLY_NO_CONFIG=1 -DLOG_TAG=\"ReactNative\" -DFOLLY_HAVE_CLOCK_GETTIME=1 -DFOLLY_USE_LIBCPP=1 -DFOLLY_CFG_NO_COROUTINES=1 -DFOLLY_MOBILE=1 -DFOLLY_HAVE_RECVMMSG=1 -DFOLLY_HAVE_PTHREAD=1 -DFOLLY_HAVE_XSI_STRERROR_R=1 -MD -MT RNGoogleSignInCGen_autolinked_build/CMakeFiles/react_codegen_RNGoogleSignInCGen.dir/react/renderer/components/RNGoogleSignInCGen/RNGoogleSignInCGenJSI-generated.cpp.o -MF RNGoogleSignInCGen_autolinked_build\\CMakeFiles\\react_codegen_RNGoogleSignInCGen.dir\\react\\renderer\\components\\RNGoogleSignInCGen\\RNGoogleSignInCGenJSI-generated.cpp.o.d -o RNGoogleSignInCGen_autolinked_build/CMakeFiles/react_codegen_RNGoogleSignInCGen.dir/react/renderer/components/RNGoogleSignInCGen/RNGoogleSignInCGenJSI-generated.cpp.o -c D:/Projects/touch/touch-mobile/node_modules/@react-native-google-signin/google-signin/android/build/generated/source/codegen/jni/react/renderer/components/RNGoogleSignInCGen/RNGoogleSignInCGenJSI-generated.cpp
C/C++: clang++: error: clang frontend command failed due to signal (use -v to see invocation)
C/C++: Android (13624864, based on r530567e) clang version 19.0.1 (https://android.googlesource.com/toolchain/llvm-project 97a699bf4812a18fb657c2779f5296a4ab2694d2)
C/C++: Target: aarch64-none-linux-android24
C/C++: Thread model: posix
C/C++: InstalledDir: D:/AndroidStudioProjects/Sdk/ndk/28.2.13676358/toolchains/llvm/prebuilt/windows-x86_64/bin
C/C++: clang++: note: diagnostic msg: 
C/C++: ********************
C/C++: PLEASE ATTACH THE FOLLOWING FILES TO THE BUG REPORT:
C/C++: Preprocessed source(s) and associated run script(s) are located at:
C/C++: clang++: note: diagnostic msg: C:/Users/roybe/AppData/Local/Temp/RNGoogleSignInCGenJSI-generated-502d7a.cpp
C/C++: clang++: note: diagnostic msg: C:/Users/roybe/AppData/Local/Temp/RNGoogleSignInCGenJSI-generated-502d7a.sh
C/C++: clang++: note: diagnostic msg: 
C/C++: ********************
C/C++: [11/118] Building CXX object RNGoogleSignInCGen_autolinked_build/CMakeFiles/react_codegen_RNGoogleSignInCGen.dir/react/renderer/components/RNGoogleSignInCGen/Props.cpp.o
C/C++: FAILED: RNGoogleSignInCGen_autolinked_build/CMakeFiles/react_codegen_RNGoogleSignInCGen.dir/react/renderer/components/RNGoogleSignInCGen/Props.cpp.o 
C/C++: D:\AndroidStudioProjects\Sdk\ndk\28.2.13676358\toolchains\llvm\prebuilt\windows-x86_64\bin\clang++.exe --target=aarch64-none-linux-android24 --sysroot=D:/AndroidStudioProjects/Sdk/ndk/28.2.13676358/toolchains/llvm/prebuilt/windows-x86_64/sysroot -DRN_SERIALIZABLE_STATE -ID:/Projects/touch/touch-mobile/node_modules/@react-native-google-signin/google-signin/android/build/generated/source/codegen/jni/. -ID:/Projects/touch/touch-mobile/node_modules/@react-native-google-signin/google-signin/android/build/generated/source/codegen/jni/react/renderer/components/RNGoogleSignInCGen -isystem D:/AndroidStudioProjects/.gradle/caches/8.13/transforms/496183c206113a51ea543412a7084c83/transformed/jetified-fbjni-0.7.0/prefab/modules/fbjni/include -isystem D:/AndroidStudioProjects/.gradle/caches/8.13/transforms/761d13cc5b0f08ac09c3c16bb3bc519a/transformed/jetified-react-android-0.81.5-release/prefab/modules/jsi/include -isystem D:/AndroidStudioProjects/.gradle/caches/8.13/transforms/761d13cc5b0f08ac09c3c16bb3bc519a/transformed/jetified-react-android-0.81.5-release/prefab/modules/reactnative/include -g -DANDROID -fdata-sections -ffunction-sections -funwind-tables -fstack-protector-strong -no-canonical-prefixes -D_FORTIFY_SOURCE=2 -Wformat -Werror=format-security   -O2 -g -DNDEBUG -fPIC -Wall -Werror -fexceptions -frtti -std=c++20 -DFOLLY_NO_CONFIG=1 -DLOG_TAG=\"ReactNative\" -DFOLLY_HAVE_CLOCK_GETTIME=1 -DFOLLY_USE_LIBCPP=1 -DFOLLY_CFG_NO_COROUTINES=1 -DFOLLY_MOBILE=1 -DFOLLY_HAVE_RECVMMSG=1 -DFOLLY_HAVE_PTHREAD=1 -DFOLLY_HAVE_XSI_STRERROR_R=1 -MD -MT RNGoogleSignInCGen_autolinked_build/CMakeFiles/react_codegen_RNGoogleSignInCGen.dir/react/renderer/components/RNGoogleSignInCGen/Props.cpp.o -MF RNGoogleSignInCGen_autolinked_build\CMakeFiles\react_codegen_RNGoogleSignInCGen.dir\react\renderer\components\RNGoogleSignInCGen\Props.cpp.o.d -o RNGoogleSignInCGen_autolinked_build/CMakeFiles/react_codegen_RNGoogleSignInCGen.dir/react/renderer/components/RNGoogleSignInCGen/Props.cpp.o -c D:/Projects/touch/touch-mobile/node_modules/@react-native-google-signin/google-signin/android/build/generated/source/codegen/jni/react/renderer/components/RNGoogleSignInCGen/Props.cpp
C/C++: 0.	Program arguments: D:\\AndroidStudioProjects\\Sdk\\ndk\\28.2.13676358\\toolchains\\llvm\\prebuilt\\windows-x86_64\\bin\\clang++.exe --target=aarch64-none-linux-android24 --sysroot=D:/AndroidStudioProjects/Sdk/ndk/28.2.13676358/toolchains/llvm/prebuilt/windows-x86_64/sysroot -DRN_SERIALIZABLE_STATE -ID:/Projects/touch/touch-mobile/node_modules/@react-native-google-signin/google-signin/android/build/generated/source/codegen/jni/. -ID:/Projects/touch/touch-mobile/node_modules/@react-native-google-signin/google-signin/android/build/generated/source/codegen/jni/react/renderer/components/RNGoogleSignInCGen -isystem D:/AndroidStudioProjects/.gradle/caches/8.13/transforms/496183c206113a51ea543412a7084c83/transformed/jetified-fbjni-0.7.0/prefab/modules/fbjni/include -isystem D:/AndroidStudioProjects/.gradle/caches/8.13/transforms/761d13cc5b0f08ac09c3c16bb3bc519a/transformed/jetified-react-android-0.81.5-release/prefab/modules/jsi/include -isystem D:/AndroidStudioProjects/.gradle/caches/8.13/transforms/761d13cc5b0f08ac09c3c16bb3bc519a/transformed/jetified-react-android-0.81.5-release/prefab/modules/reactnative/include -g -DANDROID -fdata-sections -ffunction-sections -funwind-tables -fstack-protector-strong -no-canonical-prefixes -D_FORTIFY_SOURCE=2 -Wformat -Werror=format-security -O2 -g -DNDEBUG -fPIC -Wall -Werror -fexceptions -frtti -std=c++20 -DFOLLY_NO_CONFIG=1 -DLOG_TAG=\"ReactNative\" -DFOLLY_HAVE_CLOCK_GETTIME=1 -DFOLLY_USE_LIBCPP=1 -DFOLLY_CFG_NO_COROUTINES=1 -DFOLLY_MOBILE=1 -DFOLLY_HAVE_RECVMMSG=1 -DFOLLY_HAVE_PTHREAD=1 -DFOLLY_HAVE_XSI_STRERROR_R=1 -MD -MT RNGoogleSignInCGen_autolinked_build/CMakeFiles/react_codegen_RNGoogleSignInCGen.dir/react/renderer/components/RNGoogleSignInCGen/Props.cpp.o -MF RNGoogleSignInCGen_autolinked_build\\CMakeFiles\\react_codegen_RNGoogleSignInCGen.dir\\react\\renderer\\components\\RNGoogleSignInCGen\\Props.cpp.o.d -o RNGoogleSignInCGen_autolinked_build/CMakeFiles/react_codegen_RNGoogleSignInCGen.dir/react/renderer/components/RNGoogleSignInCGen/Props.cpp.o -c D:/Projects/touch/touch-mobile/node_modules/@react-native-google-signin/google-signin/android/build/generated/source/codegen/jni/react/renderer/components/RNGoogleSignInCGen/Props.cpp
C/C++: clang++: error: clang frontend command failed due to signal (use -v to see invocation)
C/C++: Android (13624864, based on r530567e) clang version 19.0.1 (https://android.googlesource.com/toolchain/llvm-project 97a699bf4812a18fb657c2779f5296a4ab2694d2)
C/C++: Target: aarch64-none-linux-android24
C/C++: Thread model: posix
C/C++: InstalledDir: D:/AndroidStudioProjects/Sdk/ndk/28.2.13676358/toolchains/llvm/prebuilt/windows-x86_64/bin
C/C++: clang++: note: diagnostic msg: 
C/C++: ********************
C/C++: PLEASE ATTACH THE FOLLOWING FILES TO THE BUG REPORT:
C/C++: Preprocessed source(s) and associated run script(s) are located at:
C/C++: clang++: note: diagnostic msg: C:/Users/roybe/AppData/Local/Temp/Props-0f2df8.cpp
C/C++: clang++: note: diagnostic msg: C:/Users/roybe/AppData/Local/Temp/Props-0f2df8.sh
C/C++: clang++: note: diagnostic msg: 
C/C++: ********************
C/C++: [12/118] Building CXX object RNGoogleSignInCGen_autolinked_build/CMakeFiles/react_codegen_RNGoogleSignInCGen.dir/RNGoogleSignInCGen-generated.cpp.o
C/C++: [13/118] Building CXX object rngesturehandler_codegen_autolinked_build/CMakeFiles/react_codegen_rngesturehandler_codegen.dir/react/renderer/components/rngesturehandler_codegen/Props.cpp.o
C/C++: FAILED: rngesturehandler_codegen_autolinked_build/CMakeFiles/react_codegen_rngesturehandler_codegen.dir/react/renderer/components/rngesturehandler_codegen/Props.cpp.o 
C/C++: D:\AndroidStudioProjects\Sdk\ndk\28.2.13676358\toolchains\llvm\prebuilt\windows-x86_64\bin\clang++.exe --target=aarch64-none-linux-android24 --sysroot=D:/AndroidStudioProjects/Sdk/ndk/28.2.13676358/toolchains/llvm/prebuilt/windows-x86_64/sysroot -DRN_SERIALIZABLE_STATE -ID:/Projects/touch/touch-mobile/node_modules/react-native-gesture-handler/android/build/generated/source/codegen/jni/. -ID:/Projects/touch/touch-mobile/node_modules/react-native-gesture-handler/android/build/generated/source/codegen/jni/react/renderer/components/rngesturehandler_codegen -isystem D:/AndroidStudioProjects/.gradle/caches/8.13/transforms/496183c206113a51ea543412a7084c83/transformed/jetified-fbjni-0.7.0/prefab/modules/fbjni/include -isystem D:/AndroidStudioProjects/.gradle/caches/8.13/transforms/761d13cc5b0f08ac09c3c16bb3bc519a/transformed/jetified-react-android-0.81.5-release/prefab/modules/jsi/include -isystem D:/AndroidStudioProjects/.gradle/caches/8.13/transforms/761d13cc5b0f08ac09c3c16bb3bc519a/transformed/jetified-react-android-0.81.5-release/prefab/modules/reactnative/include -g -DANDROID -fdata-sections -ffunction-sections -funwind-tables -fstack-protector-strong -no-canonical-prefixes -D_FORTIFY_SOURCE=2 -Wformat -Werror=format-security   -O2 -g -DNDEBUG -fPIC -Wall -Werror -fexceptions -frtti -std=c++20 -DFOLLY_NO_CONFIG=1 -DLOG_TAG=\"ReactNative\" -DFOLLY_HAVE_CLOCK_GETTIME=1 -DFOLLY_USE_LIBCPP=1 -DFOLLY_CFG_NO_COROUTINES=1 -DFOLLY_MOBILE=1 -DFOLLY_HAVE_RECVMMSG=1 -DFOLLY_HAVE_PTHREAD=1 -DFOLLY_HAVE_XSI_STRERROR_R=1 -MD -MT rngesturehandler_codegen_autolinked_build/CMakeFiles/react_codegen_rngesturehandler_codegen.dir/react/renderer/components/rngesturehandler_codegen/Props.cpp.o -MF rngesturehandler_codegen_autolinked_build\CMakeFiles\react_codegen_rngesturehandler_codegen.dir\react\renderer\components\rngesturehandler_codegen\Props.cpp.o.d -o rngesturehandler_codegen_autolinked_build/CMakeFiles/react_codegen_rngesturehandler_codegen.dir/react/renderer/components/rngesturehandler_codegen/Props.cpp.o -c D:/Projects/touch/touch-mobile/node_modules/react-native-gesture-handler/android/build/generated/source/codegen/jni/react/renderer/components/rngesturehandler_codegen/Props.cpp
C/C++: 0.	Program arguments: D:\\AndroidStudioProjects\\Sdk\\ndk\\28.2.13676358\\toolchains\\llvm\\prebuilt\\windows-x86_64\\bin\\clang++.exe --target=aarch64-none-linux-android24 --sysroot=D:/AndroidStudioProjects/Sdk/ndk/28.2.13676358/toolchains/llvm/prebuilt/windows-x86_64/sysroot -DRN_SERIALIZABLE_STATE -ID:/Projects/touch/touch-mobile/node_modules/react-native-gesture-handler/android/build/generated/source/codegen/jni/. -ID:/Projects/touch/touch-mobile/node_modules/react-native-gesture-handler/android/build/generated/source/codegen/jni/react/renderer/components/rngesturehandler_codegen -isystem D:/AndroidStudioProjects/.gradle/caches/8.13/transforms/496183c206113a51ea543412a7084c83/transformed/jetified-fbjni-0.7.0/prefab/modules/fbjni/include -isystem D:/AndroidStudioProjects/.gradle/caches/8.13/transforms/761d13cc5b0f08ac09c3c16bb3bc519a/transformed/jetified-react-android-0.81.5-release/prefab/modules/jsi/include -isystem D:/AndroidStudioProjects/.gradle/caches/8.13/transforms/761d13cc5b0f08ac09c3c16bb3bc519a/transformed/jetified-react-android-0.81.5-release/prefab/modules/reactnative/include -g -DANDROID -fdata-sections -ffunction-sections -funwind-tables -fstack-protector-strong -no-canonical-prefixes -D_FORTIFY_SOURCE=2 -Wformat -Werror=format-security -O2 -g -DNDEBUG -fPIC -Wall -Werror -fexceptions -frtti -std=c++20 -DFOLLY_NO_CONFIG=1 -DLOG_TAG=\"ReactNative\" -DFOLLY_HAVE_CLOCK_GETTIME=1 -DFOLLY_USE_LIBCPP=1 -DFOLLY_CFG_NO_COROUTINES=1 -DFOLLY_MOBILE=1 -DFOLLY_HAVE_RECVMMSG=1 -DFOLLY_HAVE_PTHREAD=1 -DFOLLY_HAVE_XSI_STRERROR_R=1 -MD -MT rngesturehandler_codegen_autolinked_build/CMakeFiles/react_codegen_rngesturehandler_codegen.dir/react/renderer/components/rngesturehandler_codegen/Props.cpp.o -MF rngesturehandler_codegen_autolinked_build\\CMakeFiles\\react_codegen_rngesturehandler_codegen.dir\\react\\renderer\\components\\rngesturehandler_codegen\\Props.cpp.o.d -o rngesturehandler_codegen_autolinked_build/CMakeFiles/react_codegen_rngesturehandler_codegen.dir/react/renderer/components/rngesturehandler_codegen/Props.cpp.o -c D:/Projects/touch/touch-mobile/node_modules/react-native-gesture-handler/android/build/generated/source/codegen/jni/react/renderer/components/rngesturehandler_codegen/Props.cpp
C/C++: clang++: error: clang frontend command failed due to signal (use -v to see invocation)
C/C++: Android (13624864, based on r530567e) clang version 19.0.1 (https://android.googlesource.com/toolchain/llvm-project 97a699bf4812a18fb657c2779f5296a4ab2694d2)
C/C++: Target: aarch64-none-linux-android24
C/C++: Thread model: posix
C/C++: InstalledDir: D:/AndroidStudioProjects/Sdk/ndk/28.2.13676358/toolchains/llvm/prebuilt/windows-x86_64/bin
C/C++: clang++: note: diagnostic msg: 
C/C++: ********************
C/C++: PLEASE ATTACH THE FOLLOWING FILES TO THE BUG REPORT:
C/C++: Preprocessed source(s) and associated run script(s) are located at:
C/C++: clang++: note: diagnostic msg: C:/Users/roybe/AppData/Local/Temp/Props-119247.cpp
C/C++: clang++: note: diagnostic msg: C:/Users/roybe/AppData/Local/Temp/Props-119247.sh
C/C++: clang++: note: diagnostic msg: 
C/C++: ********************
C/C++: [14/118] Building CXX object RNGoogleSignInCGen_autolinked_build/CMakeFiles/react_codegen_RNGoogleSignInCGen.dir/react/renderer/components/RNGoogleSignInCGen/ComponentDescriptors.cpp.o
C/C++: ninja: build stopped: subcommand failed.

> Task :app:buildCMakeRelWithDebInfo[arm64-v8a] FAILED

[Incubating] Problems report is available at: file:///D:/Projects/touch/touch-mobile/android/build/reports/problems/problems-report.html
63 actionable tasks: 16 executed, 47 up-to-date
