#
# There is insufficient memory for the Java Runtime Environment to continue.
# Native memory allocation (mmap) failed to map 65536 bytes. Error detail: Failed to commit metaspace.
# Possible reasons:
#   The system is out of physical RAM or swap space
#   This process is running with CompressedOops enabled, and the Java Heap may be blocking the growth of the native heap
# Possible solutions:
#   Reduce memory load on the system
#   Increase physical memory or swap space
#   Check if swap backing store is full
#   Decrease Java heap size (-Xmx/-Xms)
#   Decrease number of Java threads
#   Decrease Java thread stack sizes (-Xss)
#   Set larger code cache with -XX:ReservedCodeCacheSize=
#   JVM is running with Unscaled Compressed Oops mode in which the Java heap is
#     placed in the first 4GB address space. The Java Heap base address is the
#     maximum limit for the native heap growth. Please use -XX:HeapBaseMinAddress
#     to set the Java Heap base and to place the Java Heap above 4GB virtual address.
# This output file may be truncated or incomplete.
#
#  Out of Memory Error (virtualSpaceNode.cpp:110), pid=18796, tid=2728
#
# JRE version: OpenJDK Runtime Environment OpenLogic-OpenJDK (17.0.14+7) (build 17.0.14+7-adhoc..jdk17u)
# Java VM: OpenJDK 64-Bit Server VM OpenLogic-OpenJDK (17.0.14+7-adhoc..jdk17u, mixed mode, tiered, compressed oops, compressed class ptrs, g1 gc, windows-amd64)
# No core dump will be written. Minidumps are not enabled by default on client versions of Windows
#

---------------  S U M M A R Y ------------

Command Line: -Xmx64m -Xms64m -Dorg.gradle.appname=gradlew org.gradle.wrapper.GradleWrapperMain app:installDebug -PreactNativeDevServerPort=8081

Host: Intel(R) Core(TM) i3-1005G1 CPU @ 1.20GHz, 4 cores, 3G,  Windows 11 , 64 bit Build 26100 (10.0.26100.4202)
Time: Sun Jun 22 14:49:58 2025 India Standard Time elapsed time: 0.772964 seconds (0d 0h 0m 0s)

---------------  T H R E A D  ---------------

Current thread (0x000002298fdfc520):  JavaThread "main" [_thread_in_vm, id=2728, stack(0x000000c2f0500000,0x000000c2f0600000)]

Stack: [0x000000c2f0500000,0x000000c2f0600000]
Native frames: (J=compiled Java code, j=interpreted, Vv=VM code, C=native code)
V  [jvm.dll+0x681069]
V  [jvm.dll+0x838cca]
V  [jvm.dll+0x83a78e]
V  [jvm.dll+0x83adf3]
V  [jvm.dll+0x24826f]
V  [jvm.dll+0x83497d]
V  [jvm.dll+0x62531e]
V  [jvm.dll+0x62538a]
V  [jvm.dll+0x627be4]
V  [jvm.dll+0x625cc6]
V  [jvm.dll+0x23c5ff]
V  [jvm.dll+0x62fbf5]
V  [jvm.dll+0x1ebdbb]
V  [jvm.dll+0x1ec2f5]
V  [jvm.dll+0x1ecdb5]
V  [jvm.dll+0x1e21a1]
V  [jvm.dll+0x54527e]
V  [jvm.dll+0x1f2c47]
V  [jvm.dll+0x7b1ec2]
V  [jvm.dll+0x7b3299]
V  [jvm.dll+0x7b35f8]
V  [jvm.dll+0x2403fe]
V  [jvm.dll+0x38398e]
C  0x00000229a020b745

The last pc belongs to new (printed below).
Java frames: (J=compiled Java code, j=interpreted, Vv=VM code)
j  jdk.internal.org.objectweb.asm.ClassWriter.visitMethod(ILjava/lang/String;Ljava/lang/String;Ljava/lang/String;[Ljava/lang/String;)Ljdk/internal/org/objectweb/asm/MethodVisitor;+0 java.base@17.0.14
j  java.lang.invoke.InnerClassLambdaMetafactory.generateConstructor()V+17 java.base@17.0.14
j  java.lang.invoke.InnerClassLambdaMetafactory.generateInnerClass()Ljava/lang/Class;+260 java.base@17.0.14
j  java.lang.invoke.InnerClassLambdaMetafactory.spinInnerClass()Ljava/lang/Class;+114 java.base@17.0.14
j  java.lang.invoke.InnerClassLambdaMetafactory.buildCallSite()Ljava/lang/invoke/CallSite;+1 java.base@17.0.14
j  java.lang.invoke.LambdaMetafactory.metafactory(Ljava/lang/invoke/MethodHandles$Lookup;Ljava/lang/String;Ljava/lang/invoke/MethodType;Ljava/lang/invoke/MethodType;Ljava/lang/invoke/MethodHandle;Ljava/lang/invoke/MethodType;)Ljava/lang/invoke/CallSite;+67 java.base@17.0.14
j  java.lang.invoke.DirectMethodHandle$Holder.invokeStatic(Ljava/lang/Object;Ljava/lang/Object;Ljava/lang/Object;Ljava/lang/Object;Ljava/lang/Object;Ljava/lang/Object;Ljava/lang/Object;)Ljava/lang/Object;+20 java.base@17.0.14
j  java.lang.invoke.Invokers$Holder.invokeExact_MT(Ljava/lang/Object;Ljava/lang/Object;Ljava/lang/Object;Ljava/lang/Object;Ljava/lang/Object;Ljava/lang/Object;Ljava/lang/Object;Ljava/lang/Object;)Ljava/lang/Object;+28 java.base@17.0.14
j  java.lang.invoke.BootstrapMethodInvoker.invoke(Ljava/lang/Class;Ljava/lang/invoke/MethodHandle;Ljava/lang/String;Ljava/lang/Object;Ljava/lang/Object;Ljava/lang/Class;)Ljava/lang/Object;+319 java.base@17.0.14
j  java.lang.invoke.CallSite.makeSite(Ljava/lang/invoke/MethodHandle;Ljava/lang/String;Ljava/lang/invoke/MethodType;Ljava/lang/Object;Ljava/lang/Class;)Ljava/lang/invoke/CallSite;+8 java.base@17.0.14
j  java.lang.invoke.MethodHandleNatives.linkCallSiteImpl(Ljava/lang/Class;Ljava/lang/invoke/MethodHandle;Ljava/lang/String;Ljava/lang/invoke/MethodType;Ljava/lang/Object;[Ljava/lang/Object;)Ljava/lang/invoke/MemberName;+6 java.base@17.0.14
j  java.lang.invoke.MethodHandleNatives.linkCallSite(Ljava/lang/Object;ILjava/lang/Object;Ljava/lang/Object;Ljava/lang/Object;Ljava/lang/Object;[Ljava/lang/Object;)Ljava/lang/invoke/MemberName;+46 java.base@17.0.14
v  ~StubRoutines::call_stub
j  java.util.regex.Pattern.Single(I)Ljava/util/regex/Pattern$BmpCharPredicate;+1 java.base@17.0.14
j  java.util.regex.Pattern.single(I)Ljava/util/regex/Pattern$CharPredicate;+78 java.base@17.0.14
j  java.util.regex.Pattern.atom()Ljava/util/regex/Pattern$Node;+404 java.base@17.0.14
j  java.util.regex.Pattern.sequence(Ljava/util/regex/Pattern$Node;)Ljava/util/regex/Pattern$Node;+345 java.base@17.0.14
j  java.util.regex.Pattern.expr(Ljava/util/regex/Pattern$Node;)Ljava/util/regex/Pattern$Node;+12 java.base@17.0.14
j  java.util.regex.Pattern.group0()Ljava/util/regex/Pattern$Node;+655 java.base@17.0.14
j  java.util.regex.Pattern.sequence(Ljava/util/regex/Pattern$Node;)Ljava/util/regex/Pattern$Node;+137 java.base@17.0.14
j  java.util.regex.Pattern.expr(Ljava/util/regex/Pattern$Node;)Ljava/util/regex/Pattern$Node;+12 java.base@17.0.14
j  java.util.regex.Pattern.compile()V+222 java.base@17.0.14
j  java.util.regex.Pattern.<init>(Ljava/lang/String;I)V+108 java.base@17.0.14
j  java.util.regex.Pattern.compile(Ljava/lang/String;)Ljava/util/regex/Pattern;+6 java.base@17.0.14
j  org.gradle.cli.CommandLineParser.<clinit>()V+12
v  ~StubRoutines::call_stub
j  org.gradle.wrapper.GradleWrapperMain.main([Ljava/lang/String;)V+90
v  ~StubRoutines::call_stub
new  187 new  [0x00000229a020b5c0, 0x00000229a020b7e0]  544 bytes
[MachCode]
  0x00000229a020b5c0: 4883 ec08 | c5fa 1104 | 24eb 1f48 | 83ec 10c5 | fb11 0424 | eb14 4883 | ec10 4889 | 0424 48c7 
  0x00000229a020b5e0: 4424 0800 | 0000 00eb | 0150 410f | b755 010f | cac1 ea10 | 488b 4de8 | 488b 4908 | 488b 4908 
  0x00000229a020b600: 488b 4108 | 807c 1004 | 070f 85d6 | 0000 0066 | 8b54 d148 | 488b 4928 | 488b 4cd1 | 0851 80b9 
  0x00000229a020b620: 3301 0000 | 040f 85b9 | 0000 008b | 5108 f7c2 | 0100 0000 | 0f85 aa00 | 0000 498b | 8708 0100 
  0x00000229a020b640: 0048 8d1c | 1049 3b9f | 1801 0000 | 0f87 9200 | 0000 4989 | 9f08 0100 | 00e9 0000 | 0000 4883 
  0x00000229a020b660: ea10 0f84 | 0f00 0000 | 33c9 c1ea | 0348 894c | d008 48ff | ca75 f648 | c700 0100 | 0000 5933 
  0x00000229a020b680: f689 700c | 48c1 e903 | 8948 0849 | ba4a d657 | c1fc 7f00 | 0041 803a | 000f 8440 | 0000 0050 
  0x00000229a020b6a0: 488b c848 | 83ec 20f7 | c40f 0000 | 000f 841a | 0000 0048 | 83ec 0849 | bac0 640d | c1fc 7f00 
  0x00000229a020b6c0: 0041 ffd2 | 4883 c408 | e90d 0000 | 0049 bac0 | 640d c1fc | 7f00 0041 | ffd2 4883 | c420 58e9 
  0x00000229a020b6e0: cd00 0000 | 5948 8b55 | e848 8b52 | 0848 8b52 | 0845 0fb7 | 4501 410f | c841 c1e8 | 10e8 0500 
  0x00000229a020b700: 0000 e9aa | 0000 0048 | 8d44 2408 | 4c89 6dc0 | 498b cfc5 | f877 4989 | afa8 0200 | 0049 8987 
  0x00000229a020b720: 9802 0000 | 4883 ec20 | f7c4 0f00 | 0000 0f84 | 1a00 0000 | 4883 ec08 | 49ba 4039 | d7c0 fc7f 
  0x00000229a020b740: 0000 41ff | d248 83c4 | 08e9 0d00 | 0000 49ba | 4039 d7c0 | fc7f 0000 | 41ff d248 | 83c4 2049 
  0x00000229a020b760: c787 9802 | 0000 0000 | 0000 49c7 | 87a8 0200 | 0000 0000 | 0049 c787 | a002 0000 | 0000 0000 
  0x00000229a020b780: c5f8 7749 | 817f 0800 | 0000 000f | 8405 0000 | 00e9 6a57 | feff 498b | 87f0 0200 | 0049 c787 
  0x00000229a020b7a0: f002 0000 | 0000 0000 | 4c8b 6dc0 | 4c8b 75c8 | c341 0fb6 | 5d03 4983 | c503 49ba | 9046 5ac1 
  0x00000229a020b7c0: fc7f 0000 | 41ff 24da | 0000 0000 | 0000 0000 | 0000 0000 | 0000 0000 | 0000 0000 | 0000 0000 
[/MachCode]

---------------  P R O C E S S  ---------------

Threads class SMR info:
_java_thread_list=0x00000229aa645d20, length=12, elements={
0x000002298fdfc520, 0x00000229aa387020, 0x00000229aa388560, 0x00000229aa372c00,
0x00000229aa3735c0, 0x00000229aa3d0020, 0x00000229aa3d1c00, 0x00000229aa3d28f0,
0x00000229aa3e1470, 0x00000229aa3e3090, 0x00000229aa66dcf0, 0x00000229aa697010
}

Java Threads: ( => current thread )
=>0x000002298fdfc520 JavaThread "main" [_thread_in_vm, id=2728, stack(0x000000c2f0500000,0x000000c2f0600000)]
  0x00000229aa387020 JavaThread "Reference Handler" daemon [_thread_blocked, id=13408, stack(0x000000c2f0c00000,0x000000c2f0d00000)]
  0x00000229aa388560 JavaThread "Finalizer" daemon [_thread_blocked, id=9040, stack(0x000000c2f0d00000,0x000000c2f0e00000)]
  0x00000229aa372c00 JavaThread "Signal Dispatcher" daemon [_thread_blocked, id=10168, stack(0x000000c2f0e00000,0x000000c2f0f00000)]
  0x00000229aa3735c0 JavaThread "Attach Listener" daemon [_thread_blocked, id=16340, stack(0x000000c2f0f00000,0x000000c2f1000000)]
  0x00000229aa3d0020 JavaThread "Service Thread" daemon [_thread_blocked, id=14560, stack(0x000000c2f1000000,0x000000c2f1100000)]
  0x00000229aa3d1c00 JavaThread "Monitor Deflation Thread" daemon [_thread_blocked, id=8924, stack(0x000000c2f1100000,0x000000c2f1200000)]
  0x00000229aa3d28f0 JavaThread "C2 CompilerThread0" daemon [_thread_blocked, id=15924, stack(0x000000c2f1200000,0x000000c2f1300000)]
  0x00000229aa3e1470 JavaThread "C1 CompilerThread0" daemon [_thread_blocked, id=17156, stack(0x000000c2f1300000,0x000000c2f1400000)]
  0x00000229aa3e3090 JavaThread "Sweeper thread" daemon [_thread_blocked, id=10604, stack(0x000000c2f1400000,0x000000c2f1500000)]
  0x00000229aa66dcf0 JavaThread "Notification Thread" daemon [_thread_blocked, id=16736, stack(0x000000c2f1500000,0x000000c2f1600000)]
  0x00000229aa697010 JavaThread "Common-Cleaner" daemon [_thread_blocked, id=3864, stack(0x000000c2f1700000,0x000000c2f1800000)]

Other Threads:
  0x000002298feac550 VMThread "VM Thread" [stack: 0x000000c2f0b00000,0x000000c2f0c00000] [id=15144]
  0x00000229aa66e1d0 WatcherThread [stack: 0x000000c2f1600000,0x000000c2f1700000] [id=16468]
  0x000002298fe1d980 GCTaskThread "GC Thread#0" [stack: 0x000000c2f0600000,0x000000c2f0700000] [id=19124]
  0x000002298fe1f0d0 ConcurrentGCThread "G1 Main Marker" [stack: 0x000000c2f0700000,0x000000c2f0800000] [id=14708]
  0x000002298fe21490 ConcurrentGCThread "G1 Conc#0" [stack: 0x000000c2f0800000,0x000000c2f0900000] [id=6988]
  0x000002298fe71190 ConcurrentGCThread "G1 Refine#0" [stack: 0x000000c2f0900000,0x000000c2f0a00000] [id=13444]
  0x000002298fe72a70 ConcurrentGCThread "G1 Service" [stack: 0x000000c2f0a00000,0x000000c2f0b00000] [id=14500]

Threads with active compile tasks:

VM state: not at safepoint (normal execution)

VM Mutex/Monitor currently owned by a thread:  ([mutex/lock_event])
[0x000002298db913c0] Metaspace_lock - owner thread: 0x000002298fdfc520

Heap address: 0x00000000fc000000, size: 64 MB, Compressed Oops mode: 32-bit

CDS archive(s) not mapped
Compressed class space mapped at: 0x0000000100000000-0x0000000140000000, reserved size: 1073741824
Narrow klass base: 0x0000000000000000, Narrow klass shift: 3, Narrow klass range: 0x140000000

GC Precious Log:
 CPUs: 4 total, 4 available
 Memory: 3871M
 Large Page Support: Disabled
 NUMA Support: Disabled
 Compressed Oops: Enabled (32-bit)
 Heap Region Size: 1M
 Heap Min Capacity: 64M
 Heap Initial Capacity: 64M
 Heap Max Capacity: 64M
 Pre-touch: Disabled
 Parallel Workers: 4
 Concurrent Workers: 1
 Concurrent Refinement Workers: 4
 Periodic GC: Disabled

Heap:
 garbage-first heap   total 65536K, used 1024K [0x00000000fc000000, 0x0000000100000000)
  region size 1024K, 2 young (2048K), 0 survivors (0K)
 Metaspace       used 5387K, committed 5504K, reserved 1114112K
  class space    used 438K, committed 512K, reserved 1048576K

Heap Regions: E=young(eden), S=young(survivor), O=old, HS=humongous(starts), HC=humongous(continues), CS=collection set, F=free, OA=open archive, CA=closed archive, TAMS=top-at-mark-start (previous, next)
|   0|0x00000000fc000000, 0x00000000fc000000, 0x00000000fc100000|  0%| F|  |TAMS 0x00000000fc000000, 0x00000000fc000000| Untracked 
|   1|0x00000000fc100000, 0x00000000fc100000, 0x00000000fc200000|  0%| F|  |TAMS 0x00000000fc100000, 0x00000000fc100000| Untracked 
|   2|0x00000000fc200000, 0x00000000fc200000, 0x00000000fc300000|  0%| F|  |TAMS 0x00000000fc200000, 0x00000000fc200000| Untracked 
|   3|0x00000000fc300000, 0x00000000fc300000, 0x00000000fc400000|  0%| F|  |TAMS 0x00000000fc300000, 0x00000000fc300000| Untracked 
|   4|0x00000000fc400000, 0x00000000fc400000, 0x00000000fc500000|  0%| F|  |TAMS 0x00000000fc400000, 0x00000000fc400000| Untracked 
|   5|0x00000000fc500000, 0x00000000fc500000, 0x00000000fc600000|  0%| F|  |TAMS 0x00000000fc500000, 0x00000000fc500000| Untracked 
|   6|0x00000000fc600000, 0x00000000fc600000, 0x00000000fc700000|  0%| F|  |TAMS 0x00000000fc600000, 0x00000000fc600000| Untracked 
|   7|0x00000000fc700000, 0x00000000fc700000, 0x00000000fc800000|  0%| F|  |TAMS 0x00000000fc700000, 0x00000000fc700000| Untracked 
|   8|0x00000000fc800000, 0x00000000fc800000, 0x00000000fc900000|  0%| F|  |TAMS 0x00000000fc800000, 0x00000000fc800000| Untracked 
|   9|0x00000000fc900000, 0x00000000fc900000, 0x00000000fca00000|  0%| F|  |TAMS 0x00000000fc900000, 0x00000000fc900000| Untracked 
|  10|0x00000000fca00000, 0x00000000fca00000, 0x00000000fcb00000|  0%| F|  |TAMS 0x00000000fca00000, 0x00000000fca00000| Untracked 
|  11|0x00000000fcb00000, 0x00000000fcb00000, 0x00000000fcc00000|  0%| F|  |TAMS 0x00000000fcb00000, 0x00000000fcb00000| Untracked 
|  12|0x00000000fcc00000, 0x00000000fcc00000, 0x00000000fcd00000|  0%| F|  |TAMS 0x00000000fcc00000, 0x00000000fcc00000| Untracked 
|  13|0x00000000fcd00000, 0x00000000fcd00000, 0x00000000fce00000|  0%| F|  |TAMS 0x00000000fcd00000, 0x00000000fcd00000| Untracked 
|  14|0x00000000fce00000, 0x00000000fce00000, 0x00000000fcf00000|  0%| F|  |TAMS 0x00000000fce00000, 0x00000000fce00000| Untracked 
|  15|0x00000000fcf00000, 0x00000000fcf00000, 0x00000000fd000000|  0%| F|  |TAMS 0x00000000fcf00000, 0x00000000fcf00000| Untracked 
|  16|0x00000000fd000000, 0x00000000fd000000, 0x00000000fd100000|  0%| F|  |TAMS 0x00000000fd000000, 0x00000000fd000000| Untracked 
|  17|0x00000000fd100000, 0x00000000fd100000, 0x00000000fd200000|  0%| F|  |TAMS 0x00000000fd100000, 0x00000000fd100000| Untracked 
|  18|0x00000000fd200000, 0x00000000fd200000, 0x00000000fd300000|  0%| F|  |TAMS 0x00000000fd200000, 0x00000000fd200000| Untracked 
|  19|0x00000000fd300000, 0x00000000fd300000, 0x00000000fd400000|  0%| F|  |TAMS 0x00000000fd300000, 0x00000000fd300000| Untracked 
|  20|0x00000000fd400000, 0x00000000fd400000, 0x00000000fd500000|  0%| F|  |TAMS 0x00000000fd400000, 0x00000000fd400000| Untracked 
|  21|0x00000000fd500000, 0x00000000fd500000, 0x00000000fd600000|  0%| F|  |TAMS 0x00000000fd500000, 0x00000000fd500000| Untracked 
|  22|0x00000000fd600000, 0x00000000fd600000, 0x00000000fd700000|  0%| F|  |TAMS 0x00000000fd600000, 0x00000000fd600000| Untracked 
|  23|0x00000000fd700000, 0x00000000fd700000, 0x00000000fd800000|  0%| F|  |TAMS 0x00000000fd700000, 0x00000000fd700000| Untracked 
|  24|0x00000000fd800000, 0x00000000fd800000, 0x00000000fd900000|  0%| F|  |TAMS 0x00000000fd800000, 0x00000000fd800000| Untracked 
|  25|0x00000000fd900000, 0x00000000fd900000, 0x00000000fda00000|  0%| F|  |TAMS 0x00000000fd900000, 0x00000000fd900000| Untracked 
|  26|0x00000000fda00000, 0x00000000fda00000, 0x00000000fdb00000|  0%| F|  |TAMS 0x00000000fda00000, 0x00000000fda00000| Untracked 
|  27|0x00000000fdb00000, 0x00000000fdb00000, 0x00000000fdc00000|  0%| F|  |TAMS 0x00000000fdb00000, 0x00000000fdb00000| Untracked 
|  28|0x00000000fdc00000, 0x00000000fdc00000, 0x00000000fdd00000|  0%| F|  |TAMS 0x00000000fdc00000, 0x00000000fdc00000| Untracked 
|  29|0x00000000fdd00000, 0x00000000fdd00000, 0x00000000fde00000|  0%| F|  |TAMS 0x00000000fdd00000, 0x00000000fdd00000| Untracked 
|  30|0x00000000fde00000, 0x00000000fde00000, 0x00000000fdf00000|  0%| F|  |TAMS 0x00000000fde00000, 0x00000000fde00000| Untracked 
|  31|0x00000000fdf00000, 0x00000000fdf00000, 0x00000000fe000000|  0%| F|  |TAMS 0x00000000fdf00000, 0x00000000fdf00000| Untracked 
|  32|0x00000000fe000000, 0x00000000fe000000, 0x00000000fe100000|  0%| F|  |TAMS 0x00000000fe000000, 0x00000000fe000000| Untracked 
|  33|0x00000000fe100000, 0x00000000fe100000, 0x00000000fe200000|  0%| F|  |TAMS 0x00000000fe100000, 0x00000000fe100000| Untracked 
|  34|0x00000000fe200000, 0x00000000fe200000, 0x00000000fe300000|  0%| F|  |TAMS 0x00000000fe200000, 0x00000000fe200000| Untracked 
|  35|0x00000000fe300000, 0x00000000fe300000, 0x00000000fe400000|  0%| F|  |TAMS 0x00000000fe300000, 0x00000000fe300000| Untracked 
|  36|0x00000000fe400000, 0x00000000fe400000, 0x00000000fe500000|  0%| F|  |TAMS 0x00000000fe400000, 0x00000000fe400000| Untracked 
|  37|0x00000000fe500000, 0x00000000fe500000, 0x00000000fe600000|  0%| F|  |TAMS 0x00000000fe500000, 0x00000000fe500000| Untracked 
|  38|0x00000000fe600000, 0x00000000fe600000, 0x00000000fe700000|  0%| F|  |TAMS 0x00000000fe600000, 0x00000000fe600000| Untracked 
|  39|0x00000000fe700000, 0x00000000fe700000, 0x00000000fe800000|  0%| F|  |TAMS 0x00000000fe700000, 0x00000000fe700000| Untracked 
|  40|0x00000000fe800000, 0x00000000fe800000, 0x00000000fe900000|  0%| F|  |TAMS 0x00000000fe800000, 0x00000000fe800000| Untracked 
|  41|0x00000000fe900000, 0x00000000fe900000, 0x00000000fea00000|  0%| F|  |TAMS 0x00000000fe900000, 0x00000000fe900000| Untracked 
|  42|0x00000000fea00000, 0x00000000fea00000, 0x00000000feb00000|  0%| F|  |TAMS 0x00000000fea00000, 0x00000000fea00000| Untracked 
|  43|0x00000000feb00000, 0x00000000feb00000, 0x00000000fec00000|  0%| F|  |TAMS 0x00000000feb00000, 0x00000000feb00000| Untracked 
|  44|0x00000000fec00000, 0x00000000fec00000, 0x00000000fed00000|  0%| F|  |TAMS 0x00000000fec00000, 0x00000000fec00000| Untracked 
|  45|0x00000000fed00000, 0x00000000fed00000, 0x00000000fee00000|  0%| F|  |TAMS 0x00000000fed00000, 0x00000000fed00000| Untracked 
|  46|0x00000000fee00000, 0x00000000fee00000, 0x00000000fef00000|  0%| F|  |TAMS 0x00000000fee00000, 0x00000000fee00000| Untracked 
|  47|0x00000000fef00000, 0x00000000fef00000, 0x00000000ff000000|  0%| F|  |TAMS 0x00000000fef00000, 0x00000000fef00000| Untracked 
|  48|0x00000000ff000000, 0x00000000ff000000, 0x00000000ff100000|  0%| F|  |TAMS 0x00000000ff000000, 0x00000000ff000000| Untracked 
|  49|0x00000000ff100000, 0x00000000ff100000, 0x00000000ff200000|  0%| F|  |TAMS 0x00000000ff100000, 0x00000000ff100000| Untracked 
|  50|0x00000000ff200000, 0x00000000ff200000, 0x00000000ff300000|  0%| F|  |TAMS 0x00000000ff200000, 0x00000000ff200000| Untracked 
|  51|0x00000000ff300000, 0x00000000ff300000, 0x00000000ff400000|  0%| F|  |TAMS 0x00000000ff300000, 0x00000000ff300000| Untracked 
|  52|0x00000000ff400000, 0x00000000ff400000, 0x00000000ff500000|  0%| F|  |TAMS 0x00000000ff400000, 0x00000000ff400000| Untracked 
|  53|0x00000000ff500000, 0x00000000ff500000, 0x00000000ff600000|  0%| F|  |TAMS 0x00000000ff500000, 0x00000000ff500000| Untracked 
|  54|0x00000000ff600000, 0x00000000ff600000, 0x00000000ff700000|  0%| F|  |TAMS 0x00000000ff600000, 0x00000000ff600000| Untracked 
|  55|0x00000000ff700000, 0x00000000ff700000, 0x00000000ff800000|  0%| F|  |TAMS 0x00000000ff700000, 0x00000000ff700000| Untracked 
|  56|0x00000000ff800000, 0x00000000ff800000, 0x00000000ff900000|  0%| F|  |TAMS 0x00000000ff800000, 0x00000000ff800000| Untracked 
|  57|0x00000000ff900000, 0x00000000ff900000, 0x00000000ffa00000|  0%| F|  |TAMS 0x00000000ff900000, 0x00000000ff900000| Untracked 
|  58|0x00000000ffa00000, 0x00000000ffa00000, 0x00000000ffb00000|  0%| F|  |TAMS 0x00000000ffa00000, 0x00000000ffa00000| Untracked 
|  59|0x00000000ffb00000, 0x00000000ffb00000, 0x00000000ffc00000|  0%| F|  |TAMS 0x00000000ffb00000, 0x00000000ffb00000| Untracked 
|  60|0x00000000ffc00000, 0x00000000ffc00000, 0x00000000ffd00000|  0%| F|  |TAMS 0x00000000ffc00000, 0x00000000ffc00000| Untracked 
|  61|0x00000000ffd00000, 0x00000000ffd00000, 0x00000000ffe00000|  0%| F|  |TAMS 0x00000000ffd00000, 0x00000000ffd00000| Untracked 
|  62|0x00000000ffe00000, 0x00000000ffe85288, 0x00000000fff00000| 52%| E|  |TAMS 0x00000000ffe00000, 0x00000000ffe00000| Complete 
|  63|0x00000000fff00000, 0x0000000100000000, 0x0000000100000000|100%| E|CS|TAMS 0x00000000fff00000, 0x00000000fff00000| Complete 

Card table byte_map: [0x000002298dde0000,0x000002298de00000] _byte_map_base: 0x000002298d600000

Marking Bits (Prev, Next): (CMBitMap*) 0x000002298fe1dfa0, (CMBitMap*) 0x000002298fe1dfe0
 Prev Bits: [0x000002298fbf0000, 0x000002298fcf0000)
 Next Bits: [0x00000229a7cc0000, 0x00000229a7dc0000)

Polling page: 0x000002298dd90000

Metaspace:

Usage:
  Non-class:      4.83 MB used.
      Class:    438.74 KB used.
       Both:      5.26 MB used.

Virtual space:
  Non-class space:       64.00 MB reserved,       4.88 MB (  8%) committed,  1 nodes.
      Class space:        1.00 GB reserved,     512.00 KB ( <1%) committed,  1 nodes.
             Both:        1.06 GB reserved,       5.38 MB ( <1%) committed. 

Chunk freelists:
   Non-Class:  10.98 MB
       Class:  15.55 MB
        Both:  26.53 MB

MaxMetaspaceSize: unlimited
CompressedClassSpaceSize: 1.00 GB
Initial GC threshold: 21.00 MB
Current GC threshold: 21.00 MB
CDS: off
MetaspaceReclaimPolicy: balanced
 - commit_granule_bytes: 65536.
 - commit_granule_words: 8192.
 - virtual_space_node_default_size: 8388608.
 - enlarge_chunks_in_place: 1.
 - new_chunks_are_fully_committed: 0.
 - uncommit_free_chunks: 1.
 - use_allocation_guard: 0.
 - handle_deallocations: 1.


Internal statistics:

num_allocs_failed_limit: 0.
num_arena_births: 4.
num_arena_deaths: 0.
num_vsnodes_births: 2.
num_vsnodes_deaths: 0.
num_space_committed: 86.
num_space_uncommitted: 0.
num_chunks_returned_to_freelist: 0.
num_chunks_taken_from_freelist: 12.
num_chunk_merges: 0.
num_chunk_splits: 6.
num_chunks_enlarged: 3.
num_inconsistent_stats: 0.

CodeHeap 'non-profiled nmethods': size=120000Kb used=26Kb max_used=26Kb free=119973Kb
 bounds [0x00000229a0790000, 0x00000229a0a00000, 0x00000229a7cc0000]
CodeHeap 'profiled nmethods': size=120000Kb used=120Kb max_used=120Kb free=119879Kb
 bounds [0x0000022998cc0000, 0x0000022998f30000, 0x00000229a01f0000]
CodeHeap 'non-nmethods': size=5760Kb used=1095Kb max_used=1095Kb free=4665Kb
 bounds [0x00000229a01f0000, 0x00000229a0460000, 0x00000229a0790000]
 total_blobs=460 nmethods=107 adapters=266
 compilation: enabled
              stopped_count=0, restarted_count=0
 full_count=0

Compilation events (20 events):
Event: 0.719 Thread 0x00000229aa3e1470   93       3       java.lang.String::<init> (15 bytes)
Event: 0.719 Thread 0x00000229aa3e1470 nmethod 93 0x0000022998cdad10 code [0x0000022998cdaea0, 0x0000022998cdb058]
Event: 0.723 Thread 0x00000229aa3e1470   94       3       java.lang.String::indexOf (29 bytes)
Event: 0.724 Thread 0x00000229aa3e1470 nmethod 94 0x0000022998cdb110 code [0x0000022998cdb2e0, 0x0000022998cdb578]
Event: 0.724 Thread 0x00000229aa3e1470   95       3       java.lang.StringLatin1::indexOf (36 bytes)
Event: 0.724 Thread 0x00000229aa3e1470 nmethod 95 0x0000022998cdb690 code [0x0000022998cdb860, 0x0000022998cdbc78]
Event: 0.728 Thread 0x00000229aa3e1470   96       3       java.lang.String::indexOf (7 bytes)
Event: 0.728 Thread 0x00000229aa3e1470 nmethod 96 0x0000022998cdbe10 code [0x0000022998cdbfe0, 0x0000022998cdc2f8]
Event: 0.729 Thread 0x00000229aa3e1470   97       3       java.util.Arrays::copyOfRange (64 bytes)
Event: 0.729 Thread 0x00000229aa3e1470 nmethod 97 0x0000022998cdc410 code [0x0000022998cdc680, 0x0000022998cdcf58]
Event: 0.732 Thread 0x00000229aa3e1470   98       3       java.lang.AbstractStringBuilder::getCoder (15 bytes)
Event: 0.732 Thread 0x00000229aa3e1470 nmethod 98 0x0000022998cdd310 code [0x0000022998cdd4a0, 0x0000022998cdd5d8]
Event: 0.732 Thread 0x00000229aa3e1470   99       3       java.lang.AbstractStringBuilder::putStringAt (12 bytes)
Event: 0.732 Thread 0x00000229aa3e1470 nmethod 99 0x0000022998cdd690 code [0x0000022998cdd840, 0x0000022998cdda88]
Event: 0.732 Thread 0x00000229aa3e1470  100       3       java.lang.AbstractStringBuilder::putStringAt (34 bytes)
Event: 0.732 Thread 0x00000229aa3e1470 nmethod 100 0x0000022998cddc10 code [0x0000022998cddde0, 0x0000022998cde0f8]
Event: 0.743 Thread 0x00000229aa3e1470  103       1       java.lang.Class::getClassLoader0 (5 bytes)
Event: 0.743 Thread 0x00000229aa3e1470 nmethod 103 0x00000229a0795b10 code [0x00000229a0795ca0, 0x00000229a0795d78]
Event: 0.745 Thread 0x00000229aa3e1470  107       1       java.lang.Enum::ordinal (5 bytes)
Event: 0.746 Thread 0x00000229aa3e1470 nmethod 107 0x00000229a0796710 code [0x00000229a07968a0, 0x00000229a0796978]

GC Heap History (0 events):
No events

Dll operation events (6 events):
Event: 0.072 Loaded shared library C:\Program Files\OpenLogic\jdk-17.0.14.7-hotspot\bin\java.dll
Event: 0.362 Loaded shared library C:\Program Files\OpenLogic\jdk-17.0.14.7-hotspot\bin\jsvml.dll
Event: 0.686 Loaded shared library C:\Program Files\OpenLogic\jdk-17.0.14.7-hotspot\bin\net.dll
Event: 0.691 Loaded shared library C:\Program Files\OpenLogic\jdk-17.0.14.7-hotspot\bin\nio.dll
Event: 0.708 Loaded shared library C:\Program Files\OpenLogic\jdk-17.0.14.7-hotspot\bin\zip.dll
Event: 0.722 Loaded shared library C:\Program Files\OpenLogic\jdk-17.0.14.7-hotspot\bin\verify.dll

Deoptimization events (4 events):
Event: 0.660 Thread 0x000002298fdfc520 Uncommon trap: trap_request=0xffffff45 fr.pc=0x00000229a079524c relative=0x00000000000001ac
Event: 0.660 Thread 0x000002298fdfc520 Uncommon trap: reason=unstable_if action=reinterpret pc=0x00000229a079524c method=java.lang.String.hashCode()I @ 42 c2
Event: 0.660 Thread 0x000002298fdfc520 DEOPT PACKING pc=0x00000229a079524c sp=0x000000c2f05fdb00
Event: 0.660 Thread 0x000002298fdfc520 DEOPT UNPACKING pc=0x00000229a024a1a3 sp=0x000000c2f05fda98 mode 2

Classes loaded (20 events):
Event: 0.751 Loading class java/lang/invoke/InfoFromMemberName done
Event: 0.751 Loading class jdk/internal/org/objectweb/asm/ClassWriter
Event: 0.751 Loading class jdk/internal/org/objectweb/asm/ClassVisitor
Event: 0.752 Loading class jdk/internal/org/objectweb/asm/ClassVisitor done
Event: 0.752 Loading class jdk/internal/org/objectweb/asm/ClassWriter done
Event: 0.752 Loading class jdk/internal/org/objectweb/asm/SymbolTable
Event: 0.752 Loading class jdk/internal/org/objectweb/asm/SymbolTable done
Event: 0.752 Loading class jdk/internal/org/objectweb/asm/SymbolTable$Entry
Event: 0.753 Loading class jdk/internal/org/objectweb/asm/Symbol
Event: 0.753 Loading class jdk/internal/org/objectweb/asm/Symbol done
Event: 0.753 Loading class jdk/internal/org/objectweb/asm/SymbolTable$Entry done
Event: 0.753 Loading class jdk/internal/org/objectweb/asm/ByteVector
Event: 0.753 Loading class jdk/internal/org/objectweb/asm/ByteVector done
Event: 0.753 Loading class java/lang/invoke/LambdaProxyClassArchive
Event: 0.753 Loading class java/lang/invoke/LambdaProxyClassArchive done
Event: 0.753 Loading class jdk/internal/org/objectweb/asm/FieldWriter
Event: 0.754 Loading class jdk/internal/org/objectweb/asm/FieldVisitor
Event: 0.754 Loading class jdk/internal/org/objectweb/asm/FieldVisitor done
Event: 0.754 Loading class jdk/internal/org/objectweb/asm/FieldWriter done
Event: 0.754 Loading class jdk/internal/org/objectweb/asm/MethodWriter

Classes unloaded (0 events):
No events

Classes redefined (0 events):
No events

Internal exceptions (0 events):
No events

VM Operations (2 events):
Event: 0.713 Executing VM operation: HandshakeAllThreads
Event: 0.714 Executing VM operation: HandshakeAllThreads done

Memory protections (0 events):
No events

Nmethod flushes (0 events):
No events

Events (12 events):
Event: 0.363 Thread 0x000002298fdfc520 Thread added: 0x000002298fdfc520
Event: 0.507 Thread 0x000002298fdfc520 Thread added: 0x00000229aa387020
Event: 0.508 Thread 0x000002298fdfc520 Thread added: 0x00000229aa388560
Event: 0.571 Thread 0x000002298fdfc520 Thread added: 0x00000229aa372c00
Event: 0.571 Thread 0x000002298fdfc520 Thread added: 0x00000229aa3735c0
Event: 0.571 Thread 0x000002298fdfc520 Thread added: 0x00000229aa3d0020
Event: 0.571 Thread 0x000002298fdfc520 Thread added: 0x00000229aa3d1c00
Event: 0.571 Thread 0x000002298fdfc520 Thread added: 0x00000229aa3d28f0
Event: 0.572 Thread 0x000002298fdfc520 Thread added: 0x00000229aa3e1470
Event: 0.572 Thread 0x000002298fdfc520 Thread added: 0x00000229aa3e3090
Event: 0.655 Thread 0x000002298fdfc520 Thread added: 0x00000229aa66dcf0
Event: 0.669 Thread 0x000002298fdfc520 Thread added: 0x00000229aa697010


Dynamic libraries:
0x00007ff694410000 - 0x00007ff69441e000 	C:\Program Files\OpenLogic\jdk-17.0.14.7-hotspot\bin\java.exe
0x00007ffd53ae0000 - 0x00007ffd53d45000 	C:\WINDOWS\SYSTEM32\ntdll.dll
0x00007ffd52a30000 - 0x00007ffd52af9000 	C:\WINDOWS\System32\KERNEL32.DLL
0x00007ffd50e00000 - 0x00007ffd511e8000 	C:\WINDOWS\System32\KERNELBASE.dll
0x00007ffd51730000 - 0x00007ffd5187b000 	C:\WINDOWS\System32\ucrtbase.dll
0x00007ffd40f80000 - 0x00007ffd40f97000 	C:\Program Files\OpenLogic\jdk-17.0.14.7-hotspot\bin\jli.dll
0x00007ffd527d0000 - 0x00007ffd5299a000 	C:\WINDOWS\System32\USER32.dll
0x00007ffd51290000 - 0x00007ffd512b7000 	C:\WINDOWS\System32\win32u.dll
0x00007ffd53810000 - 0x00007ffd5383b000 	C:\WINDOWS\System32\GDI32.dll
0x00007ffd50cc0000 - 0x00007ffd50df7000 	C:\WINDOWS\System32\gdi32full.dll
0x00007ffd51380000 - 0x00007ffd51423000 	C:\WINDOWS\System32\msvcp_win.dll
0x00007ffd40f60000 - 0x00007ffd40f7b000 	C:\Program Files\OpenLogic\jdk-17.0.14.7-hotspot\bin\VCRUNTIME140.dll
0x00007ffd39710000 - 0x00007ffd399aa000 	C:\WINDOWS\WinSxS\amd64_microsoft.windows.common-controls_6595b64144ccf1df_6.0.26100.4202_none_3e0698d4e335f517\COMCTL32.dll
0x00007ffd52580000 - 0x00007ffd52629000 	C:\WINDOWS\System32\msvcrt.dll
0x00007ffd52eb0000 - 0x00007ffd52ee0000 	C:\WINDOWS\System32\IMM32.DLL
0x00007ffd41c60000 - 0x00007ffd41c6c000 	C:\Program Files\OpenLogic\jdk-17.0.14.7-hotspot\bin\vcruntime140_1.dll
0x00007ffd2a190000 - 0x00007ffd2a21d000 	C:\Program Files\OpenLogic\jdk-17.0.14.7-hotspot\bin\msvcp140.dll
0x00007ffcc09f0000 - 0x00007ffcc165c000 	C:\Program Files\OpenLogic\jdk-17.0.14.7-hotspot\bin\server\jvm.dll
0x00007ffd536a0000 - 0x00007ffd53753000 	C:\WINDOWS\System32\ADVAPI32.dll
0x00007ffd53760000 - 0x00007ffd53806000 	C:\WINDOWS\System32\sechost.dll
0x00007ffd52360000 - 0x00007ffd52475000 	C:\WINDOWS\System32\RPCRT4.dll
0x00007ffd53840000 - 0x00007ffd538b4000 	C:\WINDOWS\System32\WS2_32.dll
0x00007ffd50a80000 - 0x00007ffd50ade000 	C:\WINDOWS\SYSTEM32\POWRPROF.dll
0x00007ffd399c0000 - 0x00007ffd399f5000 	C:\WINDOWS\SYSTEM32\WINMM.dll
0x00007ffd3fc70000 - 0x00007ffd3fc7b000 	C:\WINDOWS\SYSTEM32\VERSION.dll
0x00007ffd50a60000 - 0x00007ffd50a74000 	C:\WINDOWS\SYSTEM32\UMPDC.dll
0x00007ffd4f9f0000 - 0x00007ffd4fa0b000 	C:\WINDOWS\SYSTEM32\kernel.appcore.dll
0x00007ffd41c00000 - 0x00007ffd41c0a000 	C:\Program Files\OpenLogic\jdk-17.0.14.7-hotspot\bin\jimage.dll
0x00007ffd4b100000 - 0x00007ffd4b341000 	C:\WINDOWS\SYSTEM32\DBGHELP.DLL
0x00007ffd51880000 - 0x00007ffd51c05000 	C:\WINDOWS\System32\combase.dll
0x00007ffd52490000 - 0x00007ffd52571000 	C:\WINDOWS\System32\OLEAUT32.dll
0x00007ffd34570000 - 0x00007ffd345a9000 	C:\WINDOWS\SYSTEM32\dbgcore.DLL
0x00007ffd511f0000 - 0x00007ffd51289000 	C:\WINDOWS\System32\bcryptPrimitives.dll
0x00007ffd2c5b0000 - 0x00007ffd2c5d5000 	C:\Program Files\OpenLogic\jdk-17.0.14.7-hotspot\bin\java.dll
0x00007ffcf9860000 - 0x00007ffcf9936000 	C:\Program Files\OpenLogic\jdk-17.0.14.7-hotspot\bin\jsvml.dll
0x00007ffd51c10000 - 0x00007ffd52352000 	C:\WINDOWS\System32\SHELL32.dll
0x00007ffd51430000 - 0x00007ffd515a4000 	C:\WINDOWS\System32\wintypes.dll
0x00007ffd4e8d0000 - 0x00007ffd4f128000 	C:\WINDOWS\SYSTEM32\windows.storage.dll
0x00007ffd535a0000 - 0x00007ffd53691000 	C:\WINDOWS\System32\SHCORE.dll
0x00007ffd533c0000 - 0x00007ffd5342a000 	C:\WINDOWS\System32\shlwapi.dll
0x00007ffd50b40000 - 0x00007ffd50b6f000 	C:\WINDOWS\SYSTEM32\profapi.dll
0x00007ffd40bd0000 - 0x00007ffd40be9000 	C:\Program Files\OpenLogic\jdk-17.0.14.7-hotspot\bin\net.dll
0x00007ffd41560000 - 0x00007ffd4167e000 	C:\WINDOWS\SYSTEM32\WINHTTP.dll
0x00007ffd4ff60000 - 0x00007ffd4ffca000 	C:\WINDOWS\system32\mswsock.dll
0x00007ffd407b0000 - 0x00007ffd407c6000 	C:\Program Files\OpenLogic\jdk-17.0.14.7-hotspot\bin\nio.dll
0x00007ffd38b60000 - 0x00007ffd38b78000 	C:\Program Files\OpenLogic\jdk-17.0.14.7-hotspot\bin\zip.dll
0x00007ffd33d80000 - 0x00007ffd33d90000 	C:\Program Files\OpenLogic\jdk-17.0.14.7-hotspot\bin\verify.dll

dbghelp: loaded successfully - version: 4.0.5 - missing functions: none
symbol engine: initialized successfully - sym options: 0x614 - pdb path: .;C:\Program Files\OpenLogic\jdk-17.0.14.7-hotspot\bin;C:\WINDOWS\SYSTEM32;C:\WINDOWS\WinSxS\amd64_microsoft.windows.common-controls_6595b64144ccf1df_6.0.26100.4202_none_3e0698d4e335f517;C:\Program Files\OpenLogic\jdk-17.0.14.7-hotspot\bin\server

VM Arguments:
jvm_args: -Xmx64m -Xms64m -Dorg.gradle.appname=gradlew 
java_command: org.gradle.wrapper.GradleWrapperMain app:installDebug -PreactNativeDevServerPort=8081
java_class_path (initial): C:\Users\Kuldeep\Touch-Comeback\android\\gradle\wrapper\gradle-wrapper.jar
Launcher Type: SUN_STANDARD

[Global flags]
     intx CICompilerCount                          = 3                                         {product} {ergonomic}
     uint ConcGCThreads                            = 1                                         {product} {ergonomic}
     uint G1ConcRefinementThreads                  = 4                                         {product} {ergonomic}
   size_t G1HeapRegionSize                         = 1048576                                   {product} {ergonomic}
    uintx GCDrainStackTargetSize                   = 64                                        {product} {ergonomic}
   size_t InitialHeapSize                          = 67108864                                  {product} {command line}
   size_t MarkStackSize                            = 4194304                                   {product} {ergonomic}
   size_t MaxHeapSize                              = 67108864                                  {product} {command line}
   size_t MaxNewSize                               = 39845888                                  {product} {ergonomic}
   size_t MinHeapDeltaBytes                        = 1048576                                   {product} {ergonomic}
   size_t MinHeapSize                              = 67108864                                  {product} {command line}
    uintx NonNMethodCodeHeapSize                   = 5832780                                {pd product} {ergonomic}
    uintx NonProfiledCodeHeapSize                  = 122912730                              {pd product} {ergonomic}
    uintx ProfiledCodeHeapSize                     = 122912730                              {pd product} {ergonomic}
    uintx ReservedCodeCacheSize                    = 251658240                              {pd product} {ergonomic}
     bool SegmentedCodeCache                       = true                                      {product} {ergonomic}
   size_t SoftMaxHeapSize                          = 67108864                               {manageable} {ergonomic}
     bool UseCompressedClassPointers               = true                           {product lp64_product} {ergonomic}
     bool UseCompressedOops                        = true                           {product lp64_product} {ergonomic}
     bool UseG1GC                                  = true                                      {product} {ergonomic}
     bool UseLargePagesIndividualAllocation        = false                                  {pd product} {ergonomic}

Logging:
Log output configuration:
 #0: stdout all=warning uptime,level,tags
 #1: stderr all=off uptime,level,tags

Environment Variables:
JAVA_HOME=C:\Program Files\OpenLogic\jdk-17.0.14.7-hotspot
CLASSPATH=C:\Users\Kuldeep\Touch-Comeback\android\\gradle\wrapper\gradle-wrapper.jar
PATH=C:\Users\Kuldeep\Touch-Comeback\node_modules\.bin;C:\Users\Kuldeep\Touch-Comeback\node_modules\.bin;C:\Users\Kuldeep\node_modules\.bin;C:\Users\node_modules\.bin;C:\node_modules\.bin;C:\Users\Kuldeep\AppData\Local\nvm\v18.20.8\node_modules\npm\node_modules\@npmcli\run-script\lib\node-gyp-bin;C:\Program Files\OpenLogic\jdk-17.0.14.7-hotspot\bin;C:\WINDOWS\system32;C:\WINDOWS;C:\WINDOWS\System32\Wbem;C:\WINDOWS\System32\WindowsPowerShell\v1.0\;C:\WINDOWS\System32\OpenSSH\;C:\Program Files\Microsoft SQL Server\150\Tools\Binn\;C:\Program Files\Microsoft SQL Server\Client SDK\ODBC\170\Tools\Binn\;C:\Program Files\dotnet\;C:\WINDOWS\system32;C:\WINDOWS;C:\WINDOWS\System32\Wbem;C:\WINDOWS\System32\WindowsPowerShell\v1.0\;C:\WINDOWS\System32\OpenSSH\;C:\MinGW\bin;C:\Users\Kuldeep\AppData\Local\Android\Sdk;C:\Users\Kuldeep\AppData\Local\Android\Sdk\tools\bin;C:\Users\Kuldeep\AppData\Local\Android\Sdk\emulator;C:\Users\Kuldeep\AppData\Local\Android\Sdk\platform-tools;C:\Program Files\Git\cmd;C:\ProgramData\chocolatey\bin;C:\Users\Kuldeep\AppData\Local\nvm;C:\nvm4w\nodejs;C:\Program Files\MySQL\MySQL Shell 8.0\bin\;C:\Users\Kuldeep\AppData\Local\Android\Sdk\platform-tools;C:\Users\Kuldeep\AppData\Local\Android\Sdk\tools;C:\Users\Kuldeep\AppData\Local\jdk-11.0.2\bin;C:\Users\Kuldeep\AppData\Local\Programs\Python\Python312\Scripts\;C:\Users\Kuldeep\AppData\Local\Programs\Python\Python312\;C:\Users\Kuldeep\AppData\Local\Microsoft\WindowsApps;C:\Users\Kuldeep\.dotnet\tools;C:\Users\Kuldeep\AppData\Local\Programs\Microsoft VS Code\bin;C:\Users\Kuldeep\AppData\Local\GitHubDesktop\bin;C:\Program Files\OpenLogic\jdk-11.0.25.9-hotspot;C:\Users\Kuldeep\AppData\Local\Android\Sdk;C:\Users\Kuldeep\AppData\Local\Android\Sdk\tools\bin;C:\Users\Kuldeep\AppData\Local\Android\Sdk\emulator;C:\Users\Kuldeep\AppData\Local\Microsoft\WinGet\Packages\Schniz.fnm_Microsoft.Winget.Source_8wekyb3d8bbwe;C:\Users\Kuldeep\AppData\Local\nvm;C:\nvm4w\nodejs
USERNAME=Kuldeep
LANG=en_US.UTF-8
OS=Windows_NT
PROCESSOR_IDENTIFIER=Intel64 Family 6 Model 126 Stepping 5, GenuineIntel
TMP=C:\Users\Kuldeep\AppData\Local\Temp
TEMP=C:\Users\Kuldeep\AppData\Local\Temp



Periodic native trim disabled


---------------  S Y S T E M  ---------------

OS:
 Windows 11 , 64 bit Build 26100 (10.0.26100.4202)
OS uptime: 1 days 2:45 hours

CPU: total 4 (initial active 4) (2 cores per cpu, 2 threads per core) family 6 model 126 stepping 5 microcode 0x86, cx8, cmov, fxsr, ht, mmx, 3dnowpref, sse, sse2, sse3, ssse3, sse4.1, sse4.2, popcnt, lzcnt, tsc, tscinvbit, avx, avx2, aes, erms, clmul, bmi1, bmi2, adx, avx512f, avx512dq, avx512cd, avx512bw, avx512vl, sha, fma, vzeroupper, avx512_vpopcntdq, avx512_vpclmulqdq, avx512_vaes, avx512_vnni, clflush, clflushopt, avx512_vbmi2, avx512_vbmi
Processor Information for all 4 processors :
  Max Mhz: 1190, Current Mhz: 1190, Mhz Limit: 1190

Memory: 4k page, system-wide physical 3871M (214M free)
TotalPageFile size 15647M (AvailPageFile size 0M)
current process WorkingSet (physical memory assigned to process): 31M, peak: 31M
current process commit charge ("private bytes"): 129M, peak: 130M

vm_info: OpenJDK 64-Bit Server VM (17.0.14+7-adhoc..jdk17u) for windows-amd64 JRE (17.0.14+7-adhoc..jdk17u), built on Jan 22 2025 11:06:43 by "" with MS VC++ 16.10 / 16.11 (VS2019)

END.
