#
# There is insufficient memory for the Java Runtime Environment to continue.
# Native memory allocation (malloc) failed to allocate 330544 bytes. Error detail: Chunk::new
# Possible reasons:
#   The system is out of physical RAM or swap space
#   This process is running with CompressedOops enabled, and the Java Heap may be blocking the growth of the native heap
# Possible solutions:
#   Reduce memory load on the system
#   Increase physical memory or swap space
#   Check if swap backing store is full
#   Decrease Java heap size (-Xmx/-Xms)
#   Decrease number of Java threads
#   Decrease Java thread stack sizes (-Xss)
#   Set larger code cache with -XX:ReservedCodeCacheSize=
#   JVM is running with Unscaled Compressed Oops mode in which the Java heap is
#     placed in the first 4GB address space. The Java Heap base address is the
#     maximum limit for the native heap growth. Please use -XX:HeapBaseMinAddress
#     to set the Java Heap base and to place the Java Heap above 4GB virtual address.
# This output file may be truncated or incomplete.
#
#  Out of Memory Error (arena.cpp:191), pid=19832, tid=18752
#
# JRE version: OpenJDK Runtime Environment OpenLogic-OpenJDK (17.0.14+7) (build 17.0.14+7-adhoc..jdk17u)
# Java VM: OpenJDK 64-Bit Server VM OpenLogic-OpenJDK (17.0.14+7-adhoc..jdk17u, mixed mode, tiered, compressed oops, compressed class ptrs, g1 gc, windows-amd64)
# No core dump will be written. Minidumps are not enabled by default on client versions of Windows
#

---------------  S U M M A R Y ------------

Command Line: -Xmx64m -Xms64m -Dorg.gradle.appname=gradlew org.gradle.wrapper.GradleWrapperMain app:installDebug -PreactNativeDevServerPort=8081

Host: Intel(R) Core(TM) i3-1005G1 CPU @ 1.20GHz, 4 cores, 3G,  Windows 11 , 64 bit Build 26100 (10.0.26100.3912)
Time: Mon Jun  2 18:52:57 2025 India Standard Time elapsed time: 1.129978 seconds (0d 0h 0m 1s)

---------------  T H R E A D  ---------------

Current thread (0x000001fc5c7752b0):  JavaThread "C2 CompilerThread0" daemon [_thread_in_native, id=18752, stack(0x000000377c800000,0x000000377c900000)]


Current CompileTask:
C2:   1130  529       4       java.util.HashSet::add (20 bytes)

Stack: [0x000000377c800000,0x000000377c900000]
Native frames: (J=compiled Java code, j=interpreted, Vv=VM code, C=native code)
V  [jvm.dll+0x681069]
V  [jvm.dll+0x838cca]
V  [jvm.dll+0x83a78e]
V  [jvm.dll+0x83adf3]
V  [jvm.dll+0x24826f]
V  [jvm.dll+0xac9f4]
V  [jvm.dll+0xad03c]
V  [jvm.dll+0x367937]
V  [jvm.dll+0x1bd286]
V  [jvm.dll+0x21a909]
V  [jvm.dll+0x219bf1]
V  [jvm.dll+0x1a599d]
V  [jvm.dll+0x22994d]
V  [jvm.dll+0x227adc]
V  [jvm.dll+0x7edb77]
V  [jvm.dll+0x7e7f6c]
V  [jvm.dll+0x67ff37]
C  [ucrtbase.dll+0x37b0]
C  [KERNEL32.DLL+0x2e8d7]
C  [ntdll.dll+0x9c5dc]


---------------  P R O C E S S  ---------------

Threads class SMR info:
_java_thread_list=0x000001fc5c9e6c40, length=12, elements={
0x000001fc419fc790, 0x000001fc5c71c250, 0x000001fc5c71d980, 0x000001fc5c769d00,
0x000001fc5c76a6c0, 0x000001fc5c76bbf0, 0x000001fc5c76c5b0, 0x000001fc5c7752b0,
0x000001fc5c769110, 0x000001fc5c8b8070, 0x000001fc5ca213d0, 0x000001fc5ca274e0
}

Java Threads: ( => current thread )
  0x000001fc419fc790 JavaThread "main" [_thread_in_vm, id=5836, stack(0x000000377bb00000,0x000000377bc00000)]
  0x000001fc5c71c250 JavaThread "Reference Handler" daemon [_thread_blocked, id=18268, stack(0x000000377c200000,0x000000377c300000)]
  0x000001fc5c71d980 JavaThread "Finalizer" daemon [_thread_blocked, id=6904, stack(0x000000377c300000,0x000000377c400000)]
  0x000001fc5c769d00 JavaThread "Signal Dispatcher" daemon [_thread_blocked, id=18676, stack(0x000000377c400000,0x000000377c500000)]
  0x000001fc5c76a6c0 JavaThread "Attach Listener" daemon [_thread_blocked, id=17692, stack(0x000000377c500000,0x000000377c600000)]
  0x000001fc5c76bbf0 JavaThread "Service Thread" daemon [_thread_blocked, id=19064, stack(0x000000377c600000,0x000000377c700000)]
  0x000001fc5c76c5b0 JavaThread "Monitor Deflation Thread" daemon [_thread_blocked, id=17472, stack(0x000000377c700000,0x000000377c800000)]
=>0x000001fc5c7752b0 JavaThread "C2 CompilerThread0" daemon [_thread_in_native, id=18752, stack(0x000000377c800000,0x000000377c900000)]
  0x000001fc5c769110 JavaThread "C1 CompilerThread0" daemon [_thread_blocked, id=18336, stack(0x000000377c900000,0x000000377ca00000)]
  0x000001fc5c8b8070 JavaThread "Sweeper thread" daemon [_thread_blocked, id=8356, stack(0x000000377ca00000,0x000000377cb00000)]
  0x000001fc5ca213d0 JavaThread "Notification Thread" daemon [_thread_blocked, id=1340, stack(0x000000377cb00000,0x000000377cc00000)]
  0x000001fc5ca274e0 JavaThread "Common-Cleaner" daemon [_thread_blocked, id=8468, stack(0x000000377cd00000,0x000000377ce00000)]

Other Threads:
  0x000001fc41aa34f0 VMThread "VM Thread" [stack: 0x000000377c100000,0x000000377c200000] [id=19372]
  0x000001fc5ca218b0 WatcherThread [stack: 0x000000377cc00000,0x000000377cd00000] [id=6268]
  0x000001fc41a1dbf0 GCTaskThread "GC Thread#0" [stack: 0x000000377bc00000,0x000000377bd00000] [id=2784]
  0x000001fc61054260 GCTaskThread "GC Thread#1" [stack: 0x000000377ce00000,0x000000377cf00000] [id=12208]
  0x000001fc61095060 GCTaskThread "GC Thread#2" [stack: 0x000000377cf00000,0x000000377d000000] [id=13288]
  0x000001fc61055d10 GCTaskThread "GC Thread#3" [stack: 0x000000377d000000,0x000000377d100000] [id=3564]
  0x000001fc41a1f340 ConcurrentGCThread "G1 Main Marker" [stack: 0x000000377bd00000,0x000000377be00000] [id=1528]
  0x000001fc41a20a30 ConcurrentGCThread "G1 Conc#0" [stack: 0x000000377be00000,0x000000377bf00000] [id=10848]
  0x000001fc41a79910 ConcurrentGCThread "G1 Refine#0" [stack: 0x000000377bf00000,0x000000377c000000] [id=4372]
  0x000001fc41a7a1e0 ConcurrentGCThread "G1 Service" [stack: 0x000000377c000000,0x000000377c100000] [id=2240]

Threads with active compile tasks:
C2 CompilerThread0     1180  529       4       java.util.HashSet::add (20 bytes)

VM state: not at safepoint (normal execution)

VM Mutex/Monitor currently owned by a thread:  ([mutex/lock_event])
[0x000001fc40040b50] Metaspace_lock - owner thread: 0x000001fc419fc790

Heap address: 0x00000000fc000000, size: 64 MB, Compressed Oops mode: 32-bit

CDS archive(s) not mapped
Compressed class space mapped at: 0x0000000100000000-0x0000000140000000, reserved size: 1073741824
Narrow klass base: 0x0000000000000000, Narrow klass shift: 3, Narrow klass range: 0x140000000

GC Precious Log:
 CPUs: 4 total, 4 available
 Memory: 3871M
 Large Page Support: Disabled
 NUMA Support: Disabled
 Compressed Oops: Enabled (32-bit)
 Heap Region Size: 1M
 Heap Min Capacity: 64M
 Heap Initial Capacity: 64M
 Heap Max Capacity: 64M
 Pre-touch: Disabled
 Parallel Workers: 4
 Concurrent Workers: 1
 Concurrent Refinement Workers: 4
 Periodic GC: Disabled

Heap:
 garbage-first heap   total 65536K, used 7688K [0x00000000fc000000, 0x0000000100000000)
  region size 1024K, 9 young (9216K), 2 survivors (2048K)
 Metaspace       used 7903K, committed 8064K, reserved 1114112K
  class space    used 672K, committed 768K, reserved 1048576K

Heap Regions: E=young(eden), S=young(survivor), O=old, HS=humongous(starts), HC=humongous(continues), CS=collection set, F=free, OA=open archive, CA=closed archive, TAMS=top-at-mark-start (previous, next)
|   0|0x00000000fc000000, 0x00000000fc000000, 0x00000000fc100000|  0%| F|  |TAMS 0x00000000fc000000, 0x00000000fc000000| Untracked 
|   1|0x00000000fc100000, 0x00000000fc100000, 0x00000000fc200000|  0%| F|  |TAMS 0x00000000fc100000, 0x00000000fc100000| Untracked 
|   2|0x00000000fc200000, 0x00000000fc200000, 0x00000000fc300000|  0%| F|  |TAMS 0x00000000fc200000, 0x00000000fc200000| Untracked 
|   3|0x00000000fc300000, 0x00000000fc300000, 0x00000000fc400000|  0%| F|  |TAMS 0x00000000fc300000, 0x00000000fc300000| Untracked 
|   4|0x00000000fc400000, 0x00000000fc400000, 0x00000000fc500000|  0%| F|  |TAMS 0x00000000fc400000, 0x00000000fc400000| Untracked 
|   5|0x00000000fc500000, 0x00000000fc500000, 0x00000000fc600000|  0%| F|  |TAMS 0x00000000fc500000, 0x00000000fc500000| Untracked 
|   6|0x00000000fc600000, 0x00000000fc600000, 0x00000000fc700000|  0%| F|  |TAMS 0x00000000fc600000, 0x00000000fc600000| Untracked 
|   7|0x00000000fc700000, 0x00000000fc700000, 0x00000000fc800000|  0%| F|  |TAMS 0x00000000fc700000, 0x00000000fc700000| Untracked 
|   8|0x00000000fc800000, 0x00000000fc800000, 0x00000000fc900000|  0%| F|  |TAMS 0x00000000fc800000, 0x00000000fc800000| Untracked 
|   9|0x00000000fc900000, 0x00000000fc900000, 0x00000000fca00000|  0%| F|  |TAMS 0x00000000fc900000, 0x00000000fc900000| Untracked 
|  10|0x00000000fca00000, 0x00000000fca00000, 0x00000000fcb00000|  0%| F|  |TAMS 0x00000000fca00000, 0x00000000fca00000| Untracked 
|  11|0x00000000fcb00000, 0x00000000fcb00000, 0x00000000fcc00000|  0%| F|  |TAMS 0x00000000fcb00000, 0x00000000fcb00000| Untracked 
|  12|0x00000000fcc00000, 0x00000000fcc00000, 0x00000000fcd00000|  0%| F|  |TAMS 0x00000000fcc00000, 0x00000000fcc00000| Untracked 
|  13|0x00000000fcd00000, 0x00000000fcd00000, 0x00000000fce00000|  0%| F|  |TAMS 0x00000000fcd00000, 0x00000000fcd00000| Untracked 
|  14|0x00000000fce00000, 0x00000000fce00000, 0x00000000fcf00000|  0%| F|  |TAMS 0x00000000fce00000, 0x00000000fce00000| Untracked 
|  15|0x00000000fcf00000, 0x00000000fcf00000, 0x00000000fd000000|  0%| F|  |TAMS 0x00000000fcf00000, 0x00000000fcf00000| Untracked 
|  16|0x00000000fd000000, 0x00000000fd000000, 0x00000000fd100000|  0%| F|  |TAMS 0x00000000fd000000, 0x00000000fd000000| Untracked 
|  17|0x00000000fd100000, 0x00000000fd100000, 0x00000000fd200000|  0%| F|  |TAMS 0x00000000fd100000, 0x00000000fd100000| Untracked 
|  18|0x00000000fd200000, 0x00000000fd200000, 0x00000000fd300000|  0%| F|  |TAMS 0x00000000fd200000, 0x00000000fd200000| Untracked 
|  19|0x00000000fd300000, 0x00000000fd300000, 0x00000000fd400000|  0%| F|  |TAMS 0x00000000fd300000, 0x00000000fd300000| Untracked 
|  20|0x00000000fd400000, 0x00000000fd400000, 0x00000000fd500000|  0%| F|  |TAMS 0x00000000fd400000, 0x00000000fd400000| Untracked 
|  21|0x00000000fd500000, 0x00000000fd500000, 0x00000000fd600000|  0%| F|  |TAMS 0x00000000fd500000, 0x00000000fd500000| Untracked 
|  22|0x00000000fd600000, 0x00000000fd600000, 0x00000000fd700000|  0%| F|  |TAMS 0x00000000fd600000, 0x00000000fd600000| Untracked 
|  23|0x00000000fd700000, 0x00000000fd700000, 0x00000000fd800000|  0%| F|  |TAMS 0x00000000fd700000, 0x00000000fd700000| Untracked 
|  24|0x00000000fd800000, 0x00000000fd800000, 0x00000000fd900000|  0%| F|  |TAMS 0x00000000fd800000, 0x00000000fd800000| Untracked 
|  25|0x00000000fd900000, 0x00000000fd900000, 0x00000000fda00000|  0%| F|  |TAMS 0x00000000fd900000, 0x00000000fd900000| Untracked 
|  26|0x00000000fda00000, 0x00000000fda00000, 0x00000000fdb00000|  0%| F|  |TAMS 0x00000000fda00000, 0x00000000fda00000| Untracked 
|  27|0x00000000fdb00000, 0x00000000fdb00000, 0x00000000fdc00000|  0%| F|  |TAMS 0x00000000fdb00000, 0x00000000fdb00000| Untracked 
|  28|0x00000000fdc00000, 0x00000000fdc00000, 0x00000000fdd00000|  0%| F|  |TAMS 0x00000000fdc00000, 0x00000000fdc00000| Untracked 
|  29|0x00000000fdd00000, 0x00000000fdd00000, 0x00000000fde00000|  0%| F|  |TAMS 0x00000000fdd00000, 0x00000000fdd00000| Untracked 
|  30|0x00000000fde00000, 0x00000000fde00000, 0x00000000fdf00000|  0%| F|  |TAMS 0x00000000fde00000, 0x00000000fde00000| Untracked 
|  31|0x00000000fdf00000, 0x00000000fdf00000, 0x00000000fe000000|  0%| F|  |TAMS 0x00000000fdf00000, 0x00000000fdf00000| Untracked 
|  32|0x00000000fe000000, 0x00000000fe000000, 0x00000000fe100000|  0%| F|  |TAMS 0x00000000fe000000, 0x00000000fe000000| Untracked 
|  33|0x00000000fe100000, 0x00000000fe100000, 0x00000000fe200000|  0%| F|  |TAMS 0x00000000fe100000, 0x00000000fe100000| Untracked 
|  34|0x00000000fe200000, 0x00000000fe200000, 0x00000000fe300000|  0%| F|  |TAMS 0x00000000fe200000, 0x00000000fe200000| Untracked 
|  35|0x00000000fe300000, 0x00000000fe300000, 0x00000000fe400000|  0%| F|  |TAMS 0x00000000fe300000, 0x00000000fe300000| Untracked 
|  36|0x00000000fe400000, 0x00000000fe400000, 0x00000000fe500000|  0%| F|  |TAMS 0x00000000fe400000, 0x00000000fe400000| Untracked 
|  37|0x00000000fe500000, 0x00000000fe500000, 0x00000000fe600000|  0%| F|  |TAMS 0x00000000fe500000, 0x00000000fe500000| Untracked 
|  38|0x00000000fe600000, 0x00000000fe600000, 0x00000000fe700000|  0%| F|  |TAMS 0x00000000fe600000, 0x00000000fe600000| Untracked 
|  39|0x00000000fe700000, 0x00000000fe700000, 0x00000000fe800000|  0%| F|  |TAMS 0x00000000fe700000, 0x00000000fe700000| Untracked 
|  40|0x00000000fe800000, 0x00000000fe800000, 0x00000000fe900000|  0%| F|  |TAMS 0x00000000fe800000, 0x00000000fe800000| Untracked 
|  41|0x00000000fe900000, 0x00000000fe900000, 0x00000000fea00000|  0%| F|  |TAMS 0x00000000fe900000, 0x00000000fe900000| Untracked 
|  42|0x00000000fea00000, 0x00000000fea00000, 0x00000000feb00000|  0%| F|  |TAMS 0x00000000fea00000, 0x00000000fea00000| Untracked 
|  43|0x00000000feb00000, 0x00000000feb00000, 0x00000000fec00000|  0%| F|  |TAMS 0x00000000feb00000, 0x00000000feb00000| Untracked 
|  44|0x00000000fec00000, 0x00000000fec00000, 0x00000000fed00000|  0%| F|  |TAMS 0x00000000fec00000, 0x00000000fec00000| Untracked 
|  45|0x00000000fed00000, 0x00000000fed00000, 0x00000000fee00000|  0%| F|  |TAMS 0x00000000fed00000, 0x00000000fed00000| Untracked 
|  46|0x00000000fee00000, 0x00000000fee00000, 0x00000000fef00000|  0%| F|  |TAMS 0x00000000fee00000, 0x00000000fee00000| Untracked 
|  47|0x00000000fef00000, 0x00000000fef00000, 0x00000000ff000000|  0%| F|  |TAMS 0x00000000fef00000, 0x00000000fef00000| Untracked 
|  48|0x00000000ff000000, 0x00000000ff000000, 0x00000000ff100000|  0%| F|  |TAMS 0x00000000ff000000, 0x00000000ff000000| Untracked 
|  49|0x00000000ff100000, 0x00000000ff182010, 0x00000000ff200000| 50%| S|CS|TAMS 0x00000000ff100000, 0x00000000ff100000| Complete 
|  50|0x00000000ff200000, 0x00000000ff300000, 0x00000000ff300000|100%| S|CS|TAMS 0x00000000ff200000, 0x00000000ff200000| Complete 
|  51|0x00000000ff300000, 0x00000000ff300000, 0x00000000ff400000|  0%| F|  |TAMS 0x00000000ff300000, 0x00000000ff300000| Untracked 
|  52|0x00000000ff400000, 0x00000000ff400000, 0x00000000ff500000|  0%| F|  |TAMS 0x00000000ff400000, 0x00000000ff400000| Untracked 
|  53|0x00000000ff500000, 0x00000000ff500000, 0x00000000ff600000|  0%| F|  |TAMS 0x00000000ff500000, 0x00000000ff500000| Untracked 
|  54|0x00000000ff600000, 0x00000000ff600000, 0x00000000ff700000|  0%| F|  |TAMS 0x00000000ff600000, 0x00000000ff600000| Untracked 
|  55|0x00000000ff700000, 0x00000000ff700000, 0x00000000ff800000|  0%| F|  |TAMS 0x00000000ff700000, 0x00000000ff700000| Untracked 
|  56|0x00000000ff800000, 0x00000000ff800000, 0x00000000ff900000|  0%| F|  |TAMS 0x00000000ff800000, 0x00000000ff800000| Untracked 
|  57|0x00000000ff900000, 0x00000000ff979008, 0x00000000ffa00000| 47%| E|  |TAMS 0x00000000ff900000, 0x00000000ff900000| Complete 
|  58|0x00000000ffa00000, 0x00000000ffb00000, 0x00000000ffb00000|100%| E|CS|TAMS 0x00000000ffa00000, 0x00000000ffa00000| Complete 
|  59|0x00000000ffb00000, 0x00000000ffc00000, 0x00000000ffc00000|100%| E|CS|TAMS 0x00000000ffb00000, 0x00000000ffb00000| Complete 
|  60|0x00000000ffc00000, 0x00000000ffd00000, 0x00000000ffd00000|100%| E|CS|TAMS 0x00000000ffc00000, 0x00000000ffc00000| Complete 
|  61|0x00000000ffd00000, 0x00000000ffe00000, 0x00000000ffe00000|100%| E|CS|TAMS 0x00000000ffd00000, 0x00000000ffd00000| Complete 
|  62|0x00000000ffe00000, 0x00000000fff00000, 0x00000000fff00000|100%| E|CS|TAMS 0x00000000ffe00000, 0x00000000ffe00000| Complete 
|  63|0x00000000fff00000, 0x0000000100000000, 0x0000000100000000|100%| E|CS|TAMS 0x00000000fff00000, 0x00000000fff00000| Complete 

Card table byte_map: [0x000001fc41ab0000,0x000001fc41ad0000] _byte_map_base: 0x000001fc412d0000

Marking Bits (Prev, Next): (CMBitMap*) 0x000001fc41a1e210, (CMBitMap*) 0x000001fc41a1e250
 Prev Bits: [0x000001fc59f50000, 0x000001fc5a050000)
 Next Bits: [0x000001fc5a050000, 0x000001fc5a150000)

Polling page: 0x000001fc401a0000

Metaspace:

Usage:
  Non-class:      7.06 MB used.
      Class:    672.96 KB used.
       Both:      7.72 MB used.

Virtual space:
  Non-class space:       64.00 MB reserved,       7.12 MB ( 11%) committed,  1 nodes.
      Class space:        1.00 GB reserved,     768.00 KB ( <1%) committed,  1 nodes.
             Both:        1.06 GB reserved,       7.88 MB ( <1%) committed. 

Chunk freelists:
   Non-Class:  8.80 MB
       Class:  15.20 MB
        Both:  24.00 MB

MaxMetaspaceSize: unlimited
CompressedClassSpaceSize: 1.00 GB
Initial GC threshold: 21.00 MB
Current GC threshold: 21.00 MB
CDS: off
MetaspaceReclaimPolicy: balanced
 - commit_granule_bytes: 65536.
 - commit_granule_words: 8192.
 - virtual_space_node_default_size: 8388608.
 - enlarge_chunks_in_place: 1.
 - new_chunks_are_fully_committed: 0.
 - uncommit_free_chunks: 1.
 - use_allocation_guard: 0.
 - handle_deallocations: 1.


Internal statistics:

num_allocs_failed_limit: 0.
num_arena_births: 12.
num_arena_deaths: 0.
num_vsnodes_births: 2.
num_vsnodes_deaths: 0.
num_space_committed: 126.
num_space_uncommitted: 0.
num_chunks_returned_to_freelist: 0.
num_chunks_taken_from_freelist: 58.
num_chunk_merges: 0.
num_chunk_splits: 28.
num_chunks_enlarged: 15.
num_inconsistent_stats: 0.

CodeHeap 'non-profiled nmethods': size=120000Kb used=204Kb max_used=204Kb free=119795Kb
 bounds [0x000001fc523c0000, 0x000001fc52630000, 0x000001fc598f0000]
CodeHeap 'profiled nmethods': size=120000Kb used=970Kb max_used=970Kb free=119029Kb
 bounds [0x000001fc4a8f0000, 0x000001fc4ab60000, 0x000001fc51e20000]
CodeHeap 'non-nmethods': size=5760Kb used=1131Kb max_used=1148Kb free=4628Kb
 bounds [0x000001fc51e20000, 0x000001fc52090000, 0x000001fc523c0000]
 total_blobs=981 nmethods=579 adapters=315
 compilation: enabled
              stopped_count=0, restarted_count=0
 full_count=0

Compilation events (20 events):
Event: 1.070 Thread 0x000001fc5c769110  559       3       java.util.jar.JarFile::getEntry (35 bytes)
Event: 1.070 Thread 0x000001fc5c769110 nmethod 559 0x000001fc4a9cd990 code [0x000001fc4a9cdb80, 0x000001fc4a9cdff8]
Event: 1.070 Thread 0x000001fc5c769110  560  s!   3       jdk.internal.loader.URLClassPath::getLoader (194 bytes)
Event: 1.098 Thread 0x000001fc5c769110 nmethod 560 0x000001fc4a9ce190 code [0x000001fc4a9ce480, 0x000001fc4a9cf748]
Event: 1.103 Thread 0x000001fc5c769110  561       1       java.net.URL::getHost (5 bytes)
Event: 1.104 Thread 0x000001fc5c769110 nmethod 561 0x000001fc523f1590 code [0x000001fc523f1720, 0x000001fc523f17f8]
Event: 1.105 Thread 0x000001fc5c769110  562       3       java.net.URI$Parser::scan (76 bytes)
Event: 1.106 Thread 0x000001fc5c769110 nmethod 562 0x000001fc4a9cff10 code [0x000001fc4a9d0140, 0x000001fc4a9d0998]
Event: 1.108 Thread 0x000001fc5c769110  563       3       java.net.URI$Parser::at (23 bytes)
Event: 1.109 Thread 0x000001fc5c769110 nmethod 563 0x000001fc4a9d0d90 code [0x000001fc4a9d0f80, 0x000001fc4a9d1598]
Event: 1.110 Thread 0x000001fc5c769110  564       1       java.net.URL::getPath (5 bytes)
Event: 1.110 Thread 0x000001fc5c769110 nmethod 564 0x000001fc523f1890 code [0x000001fc523f1a20, 0x000001fc523f1af8]
Event: 1.111 Thread 0x000001fc5c769110  566       1       java.net.URL::getAuthority (5 bytes)
Event: 1.111 Thread 0x000001fc5c769110 nmethod 566 0x000001fc523f1b90 code [0x000001fc523f1d20, 0x000001fc523f1df8]
Event: 1.111 Thread 0x000001fc5c769110  567       1       java.net.URL::getQuery (5 bytes)
Event: 1.111 Thread 0x000001fc5c769110 nmethod 567 0x000001fc523f1e90 code [0x000001fc523f2020, 0x000001fc523f20f8]
Event: 1.111 Thread 0x000001fc5c769110  568       1       java.net.URL::getRef (5 bytes)
Event: 1.112 Thread 0x000001fc5c769110 nmethod 568 0x000001fc523f2190 code [0x000001fc523f2320, 0x000001fc523f23f8]
Event: 1.112 Thread 0x000001fc5c769110  569       1       java.net.URL::getPort (5 bytes)
Event: 1.112 Thread 0x000001fc5c769110 nmethod 569 0x000001fc523f2490 code [0x000001fc523f2620, 0x000001fc523f26f8]

GC Heap History (2 events):
Event: 0.917 GC heap before
{Heap before GC invocations=0 (full 0):
 garbage-first heap   total 65536K, used 13312K [0x00000000fc000000, 0x0000000100000000)
  region size 1024K, 13 young (13312K), 0 survivors (0K)
 Metaspace       used 7657K, committed 7744K, reserved 1114112K
  class space    used 656K, committed 704K, reserved 1048576K
}
Event: 0.923 GC heap after
{Heap after GC invocations=1 (full 0):
 garbage-first heap   total 65536K, used 1544K [0x00000000fc000000, 0x0000000100000000)
  region size 1024K, 2 young (2048K), 2 survivors (2048K)
 Metaspace       used 7657K, committed 7744K, reserved 1114112K
  class space    used 656K, committed 704K, reserved 1048576K
}

Dll operation events (7 events):
Event: 0.011 Loaded shared library C:\Program Files\OpenLogic\jdk-17.0.14.7-hotspot\bin\java.dll
Event: 0.110 Loaded shared library C:\Program Files\OpenLogic\jdk-17.0.14.7-hotspot\bin\jsvml.dll
Event: 0.237 Loaded shared library C:\Program Files\OpenLogic\jdk-17.0.14.7-hotspot\bin\net.dll
Event: 0.240 Loaded shared library C:\Program Files\OpenLogic\jdk-17.0.14.7-hotspot\bin\nio.dll
Event: 0.253 Loaded shared library C:\Program Files\OpenLogic\jdk-17.0.14.7-hotspot\bin\zip.dll
Event: 0.266 Loaded shared library C:\Program Files\OpenLogic\jdk-17.0.14.7-hotspot\bin\verify.dll
Event: 1.062 Loaded shared library C:\Program Files\OpenLogic\jdk-17.0.14.7-hotspot\bin\jimage.dll

Deoptimization events (20 events):
Event: 1.006 Thread 0x000001fc419fc790 Uncommon trap: trap_request=0xffffffde fr.pc=0x000001fc523ee15c relative=0x000000000000067c
Event: 1.006 Thread 0x000001fc419fc790 Uncommon trap: reason=class_check action=maybe_recompile pc=0x000001fc523ee15c method=java.util.HashMap.putVal(ILjava/lang/Object;Ljava/lang/Object;ZZ)Ljava/lang/Object; @ 253 c2
Event: 1.006 Thread 0x000001fc419fc790 DEOPT PACKING pc=0x000001fc523ee15c sp=0x000000377bbfe530
Event: 1.007 Thread 0x000001fc419fc790 DEOPT UNPACKING pc=0x000001fc51e7a1a3 sp=0x000000377bbfe4c0 mode 2
Event: 1.007 Thread 0x000001fc419fc790 Uncommon trap: trap_request=0xffffffde fr.pc=0x000001fc523ee15c relative=0x000000000000067c
Event: 1.007 Thread 0x000001fc419fc790 Uncommon trap: reason=class_check action=maybe_recompile pc=0x000001fc523ee15c method=java.util.HashMap.putVal(ILjava/lang/Object;Ljava/lang/Object;ZZ)Ljava/lang/Object; @ 253 c2
Event: 1.007 Thread 0x000001fc419fc790 DEOPT PACKING pc=0x000001fc523ee15c sp=0x000000377bbfe530
Event: 1.007 Thread 0x000001fc419fc790 DEOPT UNPACKING pc=0x000001fc51e7a1a3 sp=0x000000377bbfe4c0 mode 2
Event: 1.007 Thread 0x000001fc419fc790 Uncommon trap: trap_request=0xffffffde fr.pc=0x000001fc523ee15c relative=0x000000000000067c
Event: 1.007 Thread 0x000001fc419fc790 Uncommon trap: reason=class_check action=maybe_recompile pc=0x000001fc523ee15c method=java.util.HashMap.putVal(ILjava/lang/Object;Ljava/lang/Object;ZZ)Ljava/lang/Object; @ 253 c2
Event: 1.007 Thread 0x000001fc419fc790 DEOPT PACKING pc=0x000001fc523ee15c sp=0x000000377bbfe530
Event: 1.007 Thread 0x000001fc419fc790 DEOPT UNPACKING pc=0x000001fc51e7a1a3 sp=0x000000377bbfe4c0 mode 2
Event: 1.042 Thread 0x000001fc419fc790 Uncommon trap: trap_request=0xffffffde fr.pc=0x000001fc523eef70 relative=0x0000000000000710
Event: 1.042 Thread 0x000001fc419fc790 Uncommon trap: reason=class_check action=maybe_recompile pc=0x000001fc523eef70 method=java.util.HashMap.putVal(ILjava/lang/Object;Ljava/lang/Object;ZZ)Ljava/lang/Object; @ 253 c2
Event: 1.042 Thread 0x000001fc419fc790 DEOPT PACKING pc=0x000001fc523eef70 sp=0x000000377bbfe670
Event: 1.042 Thread 0x000001fc419fc790 DEOPT UNPACKING pc=0x000001fc51e7a1a3 sp=0x000000377bbfe580 mode 2
Event: 1.050 Thread 0x000001fc419fc790 Uncommon trap: trap_request=0xffffff45 fr.pc=0x000001fc523f0790 relative=0x0000000000000db0
Event: 1.050 Thread 0x000001fc419fc790 Uncommon trap: reason=unstable_if action=reinterpret pc=0x000001fc523f0790 method=java.util.HashMap.putVal(ILjava/lang/Object;Ljava/lang/Object;ZZ)Ljava/lang/Object; @ 81 c2
Event: 1.050 Thread 0x000001fc419fc790 DEOPT PACKING pc=0x000001fc523f0790 sp=0x000000377bbfe8d0
Event: 1.050 Thread 0x000001fc419fc790 DEOPT UNPACKING pc=0x000001fc51e7a1a3 sp=0x000000377bbfe850 mode 2

Classes loaded (20 events):
Event: 1.061 Loading class jdk/internal/jimage/NativeImageBuffer$1
Event: 1.061 Loading class jdk/internal/jimage/NativeImageBuffer$1 done
Event: 1.063 Loading class jdk/internal/jimage/ImageHeader
Event: 1.063 Loading class jdk/internal/jimage/ImageHeader done
Event: 1.063 Loading class java/nio/DirectIntBufferU
Event: 1.063 Loading class java/nio/IntBuffer
Event: 1.064 Loading class java/nio/IntBuffer done
Event: 1.064 Loading class java/nio/DirectIntBufferU done
Event: 1.064 Loading class java/nio/DirectByteBufferR
Event: 1.064 Loading class java/nio/DirectByteBufferR done
Event: 1.064 Loading class java/nio/DirectIntBufferRU
Event: 1.064 Loading class java/nio/DirectIntBufferRU done
Event: 1.064 Loading class jdk/internal/jimage/ImageStringsReader
Event: 1.065 Loading class jdk/internal/jimage/ImageStrings
Event: 1.065 Loading class jdk/internal/jimage/ImageStrings done
Event: 1.065 Loading class jdk/internal/jimage/ImageStringsReader done
Event: 1.065 Loading class jdk/internal/jimage/decompressor/Decompressor
Event: 1.065 Loading class jdk/internal/jimage/decompressor/Decompressor done
Event: 1.065 Loading class jdk/internal/jimage/ImageLocation
Event: 1.065 Loading class jdk/internal/jimage/ImageLocation done

Classes unloaded (0 events):
No events

Classes redefined (0 events):
No events

Internal exceptions (1 events):
Event: 0.445 Thread 0x000001fc419fc790 Exception <a 'java/lang/NoSuchMethodError'{0x00000000ffdefb28}: 'int java.lang.invoke.DirectMethodHandle$Holder.invokeStaticInit(java.lang.Object, java.lang.Object)'> (0x00000000ffdefb28) 
thrown [s\src\hotspot\share\interpreter\linkResolver.cpp, line 759]

VM Operations (4 events):
Event: 0.256 Executing VM operation: HandshakeAllThreads
Event: 0.256 Executing VM operation: HandshakeAllThreads done
Event: 0.917 Executing VM operation: G1CollectForAllocation
Event: 0.923 Executing VM operation: G1CollectForAllocation done

Memory protections (0 events):
No events

Nmethod flushes (0 events):
No events

Events (12 events):
Event: 0.110 Thread 0x000001fc419fc790 Thread added: 0x000001fc419fc790
Event: 0.129 Thread 0x000001fc419fc790 Thread added: 0x000001fc5c71c250
Event: 0.129 Thread 0x000001fc419fc790 Thread added: 0x000001fc5c71d980
Event: 0.162 Thread 0x000001fc419fc790 Thread added: 0x000001fc5c769d00
Event: 0.162 Thread 0x000001fc419fc790 Thread added: 0x000001fc5c76a6c0
Event: 0.162 Thread 0x000001fc419fc790 Thread added: 0x000001fc5c76bbf0
Event: 0.162 Thread 0x000001fc419fc790 Thread added: 0x000001fc5c76c5b0
Event: 0.163 Thread 0x000001fc419fc790 Thread added: 0x000001fc5c7752b0
Event: 0.163 Thread 0x000001fc419fc790 Thread added: 0x000001fc5c769110
Event: 0.163 Thread 0x000001fc419fc790 Thread added: 0x000001fc5c8b8070
Event: 0.211 Thread 0x000001fc419fc790 Thread added: 0x000001fc5ca213d0
Event: 0.223 Thread 0x000001fc419fc790 Thread added: 0x000001fc5ca274e0


Dynamic libraries:
0x00007ff76f410000 - 0x00007ff76f41e000 	C:\Program Files\OpenLogic\jdk-17.0.14.7-hotspot\bin\java.exe
0x00007ffe05620000 - 0x00007ffe05886000 	C:\WINDOWS\SYSTEM32\ntdll.dll
0x00007ffe04390000 - 0x00007ffe04459000 	C:\WINDOWS\System32\KERNEL32.DLL
0x00007ffe02a70000 - 0x00007ffe02e3c000 	C:\WINDOWS\System32\KERNELBASE.dll
0x00007ffe03120000 - 0x00007ffe0326b000 	C:\WINDOWS\System32\ucrtbase.dll
0x00007ffde0be0000 - 0x00007ffde0bf7000 	C:\Program Files\OpenLogic\jdk-17.0.14.7-hotspot\bin\jli.dll
0x00007ffde0c00000 - 0x00007ffde0c1b000 	C:\Program Files\OpenLogic\jdk-17.0.14.7-hotspot\bin\VCRUNTIME140.dll
0x00007ffe03dc0000 - 0x00007ffe03f8a000 	C:\WINDOWS\System32\USER32.dll
0x00007ffe03270000 - 0x00007ffe03297000 	C:\WINDOWS\System32\win32u.dll
0x00007ffded5c0000 - 0x00007ffded85a000 	C:\WINDOWS\WinSxS\amd64_microsoft.windows.common-controls_6595b64144ccf1df_6.0.26100.3912_none_3e07963ce335137e\COMCTL32.dll
0x00007ffe03f90000 - 0x00007ffe03fbb000 	C:\WINDOWS\System32\GDI32.dll
0x00007ffe04100000 - 0x00007ffe041a9000 	C:\WINDOWS\System32\msvcrt.dll
0x00007ffe032a0000 - 0x00007ffe033d2000 	C:\WINDOWS\System32\gdi32full.dll
0x00007ffe029c0000 - 0x00007ffe02a63000 	C:\WINDOWS\System32\msvcp_win.dll
0x00007ffe04010000 - 0x00007ffe04040000 	C:\WINDOWS\System32\IMM32.DLL
0x00007ffde7740000 - 0x00007ffde774c000 	C:\Program Files\OpenLogic\jdk-17.0.14.7-hotspot\bin\vcruntime140_1.dll
0x00007ffda6600000 - 0x00007ffda668d000 	C:\Program Files\OpenLogic\jdk-17.0.14.7-hotspot\bin\msvcp140.dll
0x00007ffd529d0000 - 0x00007ffd5363c000 	C:\Program Files\OpenLogic\jdk-17.0.14.7-hotspot\bin\server\jvm.dll
0x00007ffe054a0000 - 0x00007ffe05552000 	C:\WINDOWS\System32\ADVAPI32.dll
0x00007ffe04050000 - 0x00007ffe040f6000 	C:\WINDOWS\System32\sechost.dll
0x00007ffe03ca0000 - 0x00007ffe03db6000 	C:\WINDOWS\System32\RPCRT4.dll
0x00007ffe05320000 - 0x00007ffe05394000 	C:\WINDOWS\System32\WS2_32.dll
0x00007ffdf1be0000 - 0x00007ffdf1beb000 	C:\WINDOWS\SYSTEM32\VERSION.dll
0x00007ffded900000 - 0x00007ffded936000 	C:\WINDOWS\SYSTEM32\WINMM.dll
0x00007ffe02600000 - 0x00007ffe0265e000 	C:\WINDOWS\SYSTEM32\POWRPROF.dll
0x00007ffe025e0000 - 0x00007ffe025f4000 	C:\WINDOWS\SYSTEM32\UMPDC.dll
0x00007ffe01570000 - 0x00007ffe0158a000 	C:\WINDOWS\SYSTEM32\kernel.appcore.dll
0x00007ffde7420000 - 0x00007ffde742a000 	C:\Program Files\OpenLogic\jdk-17.0.14.7-hotspot\bin\jimage.dll
0x00007ffdfcf20000 - 0x00007ffdfd161000 	C:\WINDOWS\SYSTEM32\DBGHELP.DLL
0x00007ffe03650000 - 0x00007ffe039d4000 	C:\WINDOWS\System32\combase.dll
0x00007ffe053b0000 - 0x00007ffe05490000 	C:\WINDOWS\System32\OLEAUT32.dll
0x00007ffde8760000 - 0x00007ffde8799000 	C:\WINDOWS\SYSTEM32\dbgcore.DLL
0x00007ffe03080000 - 0x00007ffe03119000 	C:\WINDOWS\System32\bcryptPrimitives.dll
0x00007ffdcebf0000 - 0x00007ffdcec15000 	C:\Program Files\OpenLogic\jdk-17.0.14.7-hotspot\bin\java.dll
0x00007ffda6520000 - 0x00007ffda65f6000 	C:\Program Files\OpenLogic\jdk-17.0.14.7-hotspot\bin\jsvml.dll
0x00007ffe04bf0000 - 0x00007ffe0531d000 	C:\WINDOWS\System32\SHELL32.dll
0x00007ffe02e40000 - 0x00007ffe02fb4000 	C:\WINDOWS\System32\wintypes.dll
0x00007ffe00460000 - 0x00007ffe00cb6000 	C:\WINDOWS\SYSTEM32\windows.storage.dll
0x00007ffe03550000 - 0x00007ffe0363f000 	C:\WINDOWS\System32\SHCORE.dll
0x00007ffe04ad0000 - 0x00007ffe04b39000 	C:\WINDOWS\System32\shlwapi.dll
0x00007ffe026c0000 - 0x00007ffe026ef000 	C:\WINDOWS\SYSTEM32\profapi.dll
0x00007ffde0b10000 - 0x00007ffde0b29000 	C:\Program Files\OpenLogic\jdk-17.0.14.7-hotspot\bin\net.dll
0x00007ffdf66c0000 - 0x00007ffdf67de000 	C:\WINDOWS\SYSTEM32\WINHTTP.dll
0x00007ffe01ae0000 - 0x00007ffe01b4a000 	C:\WINDOWS\system32\mswsock.dll
0x00007ffdd8cf0000 - 0x00007ffdd8d06000 	C:\Program Files\OpenLogic\jdk-17.0.14.7-hotspot\bin\nio.dll
0x00007ffdce6b0000 - 0x00007ffdce6c8000 	C:\Program Files\OpenLogic\jdk-17.0.14.7-hotspot\bin\zip.dll
0x00007ffdfa220000 - 0x00007ffdfa230000 	C:\Program Files\OpenLogic\jdk-17.0.14.7-hotspot\bin\verify.dll

dbghelp: loaded successfully - version: 4.0.5 - missing functions: none
symbol engine: initialized successfully - sym options: 0x614 - pdb path: .;C:\Program Files\OpenLogic\jdk-17.0.14.7-hotspot\bin;C:\WINDOWS\SYSTEM32;C:\WINDOWS\WinSxS\amd64_microsoft.windows.common-controls_6595b64144ccf1df_6.0.26100.3912_none_3e07963ce335137e;C:\Program Files\OpenLogic\jdk-17.0.14.7-hotspot\bin\server

VM Arguments:
jvm_args: -Xmx64m -Xms64m -Dorg.gradle.appname=gradlew 
java_command: org.gradle.wrapper.GradleWrapperMain app:installDebug -PreactNativeDevServerPort=8081
java_class_path (initial): C:\Users\Kuldeep\Touch-Comeback\android\\gradle\wrapper\gradle-wrapper.jar
Launcher Type: SUN_STANDARD

[Global flags]
     intx CICompilerCount                          = 3                                         {product} {ergonomic}
     uint ConcGCThreads                            = 1                                         {product} {ergonomic}
     uint G1ConcRefinementThreads                  = 4                                         {product} {ergonomic}
   size_t G1HeapRegionSize                         = 1048576                                   {product} {ergonomic}
    uintx GCDrainStackTargetSize                   = 64                                        {product} {ergonomic}
   size_t InitialHeapSize                          = 67108864                                  {product} {command line}
   size_t MarkStackSize                            = 4194304                                   {product} {ergonomic}
   size_t MaxHeapSize                              = 67108864                                  {product} {command line}
   size_t MaxNewSize                               = 39845888                                  {product} {ergonomic}
   size_t MinHeapDeltaBytes                        = 1048576                                   {product} {ergonomic}
   size_t MinHeapSize                              = 67108864                                  {product} {command line}
    uintx NonNMethodCodeHeapSize                   = 5832780                                {pd product} {ergonomic}
    uintx NonProfiledCodeHeapSize                  = 122912730                              {pd product} {ergonomic}
    uintx ProfiledCodeHeapSize                     = 122912730                              {pd product} {ergonomic}
    uintx ReservedCodeCacheSize                    = 251658240                              {pd product} {ergonomic}
     bool SegmentedCodeCache                       = true                                      {product} {ergonomic}
   size_t SoftMaxHeapSize                          = 67108864                               {manageable} {ergonomic}
     bool UseCompressedClassPointers               = true                           {product lp64_product} {ergonomic}
     bool UseCompressedOops                        = true                           {product lp64_product} {ergonomic}
     bool UseG1GC                                  = true                                      {product} {ergonomic}
     bool UseLargePagesIndividualAllocation        = false                                  {pd product} {ergonomic}

Logging:
Log output configuration:
 #0: stdout all=warning uptime,level,tags
 #1: stderr all=off uptime,level,tags

Environment Variables:
JAVA_HOME=C:\Program Files\OpenLogic\jdk-17.0.14.7-hotspot
CLASSPATH=C:\Users\Kuldeep\Touch-Comeback\android\\gradle\wrapper\gradle-wrapper.jar
PATH=C:\Users\Kuldeep\Touch-Comeback\node_modules\.bin;C:\Users\Kuldeep\Touch-Comeback\node_modules\.bin;C:\Users\Kuldeep\node_modules\.bin;C:\Users\node_modules\.bin;C:\node_modules\.bin;C:\Users\Kuldeep\AppData\Local\nvm\v18.20.8\node_modules\npm\node_modules\@npmcli\run-script\lib\node-gyp-bin;C:\Program Files\OpenLogic\jdk-17.0.14.7-hotspot\bin;C:\WINDOWS\system32;C:\WINDOWS;C:\WINDOWS\System32\Wbem;C:\WINDOWS\System32\WindowsPowerShell\v1.0\;C:\WINDOWS\System32\OpenSSH\;C:\Program Files\Microsoft SQL Server\150\Tools\Binn\;C:\Program Files\Microsoft SQL Server\Client SDK\ODBC\170\Tools\Binn\;C:\Program Files\dotnet\;C:\WINDOWS\system32;C:\WINDOWS;C:\WINDOWS\System32\Wbem;C:\WINDOWS\System32\WindowsPowerShell\v1.0\;C:\WINDOWS\System32\OpenSSH\;C:\MinGW\bin;C:\Users\Kuldeep\AppData\Local\Android\Sdk;C:\Users\Kuldeep\AppData\Local\Android\Sdk\tools\bin;C:\Users\Kuldeep\AppData\Local\Android\Sdk\emulator;C:\Users\Kuldeep\AppData\Local\Android\Sdk\platform-tools;C:\Program Files\Git\cmd;C:\ProgramData\chocolatey\bin;%NVM_HOME%;%NVM_SYMLINK%;C:\Program Files\MySQL\MySQL Shell 8.0\bin\;C:\Users\Kuldeep\AppData\Local\Android\Sdk\platform-tools;C:\Users\Kuldeep\AppData\Local\Android\Sdk\tools;C:\Users\Kuldeep\AppData\Local\jdk-11.0.2\bin;C:\Users\Kuldeep\AppData\Local\Programs\Python\Python312\Scripts\;C:\Users\Kuldeep\AppData\Local\Programs\Python\Python312\;C:\Users\Kuldeep\AppData\Local\Microsoft\WindowsApps;C:\Users\Kuldeep\.dotnet\tools;C:\Users\Kuldeep\AppData\Local\Programs\Microsoft VS Code\bin;C:\Users\Kuldeep\AppData\Local\GitHubDesktop\bin;C:\Program Files\OpenLogic\jdk-11.0.25.9-hotspot;C:\Users\Kuldeep\AppData\Local\Android\Sdk;C:\Users\Kuldeep\AppData\Local\Android\Sdk\tools\bin;C:\Users\Kuldeep\AppData\Local\Android\Sdk\emulator;C:\Users\Kuldeep\AppData\Local\Microsoft\WinGet\Packages\Schniz.fnm_Microsoft.Winget.Source_8wekyb3d8bbwe;C:\Users\Kuldeep\AppData\Local\Programs\cursor\resources\app\bin;C:\Users\Kuldeep\AppData\Local\nvm;C:\nvm4w\nodejs
USERNAME=Kuldeep
LANG=en_US.UTF-8
OS=Windows_NT
PROCESSOR_IDENTIFIER=Intel64 Family 6 Model 126 Stepping 5, GenuineIntel
TMP=C:\Users\Kuldeep\AppData\Local\Temp
TEMP=C:\Users\Kuldeep\AppData\Local\Temp



Periodic native trim disabled


---------------  S Y S T E M  ---------------

OS:
 Windows 11 , 64 bit Build 26100 (10.0.26100.3912)
OS uptime: 0 days 5:38 hours

CPU: total 4 (initial active 4) (2 cores per cpu, 2 threads per core) family 6 model 126 stepping 5 microcode 0x86, cx8, cmov, fxsr, ht, mmx, 3dnowpref, sse, sse2, sse3, ssse3, sse4.1, sse4.2, popcnt, lzcnt, tsc, tscinvbit, avx, avx2, aes, erms, clmul, bmi1, bmi2, adx, avx512f, avx512dq, avx512cd, avx512bw, avx512vl, sha, fma, vzeroupper, avx512_vpopcntdq, avx512_vpclmulqdq, avx512_vaes, avx512_vnni, clflush, clflushopt, avx512_vbmi2, avx512_vbmi
Processor Information for processor 0
  Max Mhz: 1190, Current Mhz: 1190, Mhz Limit: 1190
Processor Information for processor 1
  Max Mhz: 1190, Current Mhz: 1190, Mhz Limit: 1190
Processor Information for processor 2
  Max Mhz: 1190, Current Mhz: 991, Mhz Limit: 1190
Processor Information for processor 3
  Max Mhz: 1190, Current Mhz: 1190, Mhz Limit: 1190

Memory: 4k page, system-wide physical 3871M (298M free)
TotalPageFile size 15647M (AvailPageFile size 0M)
current process WorkingSet (physical memory assigned to process): 54M, peak: 54M
current process commit charge ("private bytes"): 137M, peak: 137M

vm_info: OpenJDK 64-Bit Server VM (17.0.14+7-adhoc..jdk17u) for windows-amd64 JRE (17.0.14+7-adhoc..jdk17u), built on Jan 22 2025 11:06:43 by "" with MS VC++ 16.10 / 16.11 (VS2019)

END.
