#
# There is insufficient memory for the Java Runtime Environment to continue.
# Native memory allocation (malloc) failed to allocate 1194000 bytes. Error detail: Chunk::new
# Possible reasons:
#   The system is out of physical RAM or swap space
#   This process is running with CompressedOops enabled, and the Java Heap may be blocking the growth of the native heap
# Possible solutions:
#   Reduce memory load on the system
#   Increase physical memory or swap space
#   Check if swap backing store is full
#   Decrease Java heap size (-Xmx/-Xms)
#   Decrease number of Java threads
#   Decrease Java thread stack sizes (-Xss)
#   Set larger code cache with -XX:ReservedCodeCacheSize=
#   JVM is running with Unscaled Compressed Oops mode in which the Java heap is
#     placed in the first 4GB address space. The Java Heap base address is the
#     maximum limit for the native heap growth. Please use -XX:HeapBaseMinAddress
#     to set the Java Heap base and to place the Java Heap above 4GB virtual address.
# This output file may be truncated or incomplete.
#
#  Out of Memory Error (arena.cpp:191), pid=24456, tid=10404
#
# JRE version: OpenJDK Runtime Environment OpenLogic-OpenJDK (17.0.14+7) (build 17.0.14+7-adhoc..jdk17u)
# Java VM: OpenJDK 64-Bit Server VM OpenLogic-OpenJDK (17.0.14+7-adhoc..jdk17u, mixed mode, sharing, tiered, compressed oops, compressed class ptrs, g1 gc, windows-amd64)
# No core dump will be written. Minidumps are not enabled by default on client versions of Windows
#

---------------  S U M M A R Y ------------

Command Line: -XX:MaxMetaspaceSize=512m --add-opens=java.base/java.util=ALL-UNNAMED --add-opens=java.base/java.lang=ALL-UNNAMED --add-opens=java.base/java.lang.invoke=ALL-UNNAMED --add-opens=java.prefs/java.util.prefs=ALL-UNNAMED --add-exports=jdk.compiler/com.sun.tools.javac.api=ALL-UNNAMED --add-exports=jdk.compiler/com.sun.tools.javac.util=ALL-UNNAMED --add-opens=java.base/java.nio.charset=ALL-UNNAMED --add-opens=java.base/java.net=ALL-UNNAMED --add-opens=java.base/java.util.concurrent.atomic=ALL-UNNAMED -Xmx2048m -Dfile.encoding=windows-1252 -Duser.country=IN -Duser.language=en -Duser.variant -javaagent:C:\Users\Kuldeep\.gradle\wrapper\dists\gradle-8.10.2-all\7iv73wktx1xtkvlq19urqw1wm\gradle-8.10.2\lib\agents\gradle-instrumentation-agent-8.10.2.jar org.gradle.launcher.daemon.bootstrap.GradleDaemon 8.10.2

Host: Intel(R) Core(TM) i3-1005G1 CPU @ 1.20GHz, 4 cores, 3G,  Windows 11 , 64 bit Build 26100 (10.0.26100.4202)
Time: Mon Jun 30 11:36:12 2025 India Standard Time elapsed time: 164.802817 seconds (0d 0h 2m 44s)

---------------  T H R E A D  ---------------

Current thread (0x0000024c3ebd0680):  JavaThread "C2 CompilerThread0" daemon [_thread_in_native, id=10404, stack(0x0000007b83f00000,0x0000007b84000000)]


Current CompileTask:
C2: 164804 4809       4       org.gradle.internal.service.DefaultServiceRegistry$OwnServices::getService (317 bytes)

Stack: [0x0000007b83f00000,0x0000007b84000000]
Native frames: (J=compiled Java code, j=interpreted, Vv=VM code, C=native code)
V  [jvm.dll+0x681069]
V  [jvm.dll+0x838cca]
V  [jvm.dll+0x83a78e]
V  [jvm.dll+0x83adf3]
V  [jvm.dll+0x24826f]
V  [jvm.dll+0xac9f4]
V  [jvm.dll+0xad03c]
V  [jvm.dll+0x367937]
V  [jvm.dll+0x331cda]
V  [jvm.dll+0x33117a]
V  [jvm.dll+0x21a7b1]
V  [jvm.dll+0x219bf1]
V  [jvm.dll+0x1a599d]
V  [jvm.dll+0x22994d]
V  [jvm.dll+0x227adc]
V  [jvm.dll+0x7edb77]
V  [jvm.dll+0x7e7f6c]
V  [jvm.dll+0x67ff37]
C  [ucrtbase.dll+0x37b0]
C  [KERNEL32.DLL+0x2e8d7]
C  [ntdll.dll+0x3c34c]


---------------  P R O C E S S  ---------------

Threads class SMR info:
_java_thread_list=0x0000024c608738c0, length=35, elements={
0x0000024c1fc60080, 0x0000024c3ebad6d0, 0x0000024c3ebaed10, 0x0000024c3ebce010,
0x0000024c3ebce8e0, 0x0000024c3ebcf1b0, 0x0000024c3ebcfa80, 0x0000024c3ebd0680,
0x0000024c3ec30090, 0x0000024c5e018050, 0x0000024c3eb9a570, 0x0000024c5e1c8560,
0x0000024c5f90f020, 0x0000024c5ecbe150, 0x0000024c5ef49390, 0x0000024c5ed7f420,
0x0000024c5fb17ad0, 0x0000024c5f8c3f90, 0x0000024c5f8c49b0, 0x0000024c5f8c44a0,
0x0000024c5f8c3570, 0x0000024c5f8c6810, 0x0000024c5f8c4ec0, 0x0000024c5f8c53d0,
0x0000024c5f8c58e0, 0x0000024c5f8c3a80, 0x0000024c5f8c3060, 0x0000024c5f8c6300,
0x0000024c5f8c5df0, 0x0000024c60729910, 0x0000024c60727fc0, 0x0000024c60727090,
0x0000024c607284d0, 0x0000024c60728ef0, 0x0000024c60729400
}

Java Threads: ( => current thread )
  0x0000024c1fc60080 JavaThread "main" [_thread_blocked, id=13604, stack(0x0000007b83200000,0x0000007b83300000)]
  0x0000024c3ebad6d0 JavaThread "Reference Handler" daemon [_thread_blocked, id=7036, stack(0x0000007b83900000,0x0000007b83a00000)]
  0x0000024c3ebaed10 JavaThread "Finalizer" daemon [_thread_blocked, id=2536, stack(0x0000007b83a00000,0x0000007b83b00000)]
  0x0000024c3ebce010 JavaThread "Signal Dispatcher" daemon [_thread_blocked, id=14612, stack(0x0000007b83b00000,0x0000007b83c00000)]
  0x0000024c3ebce8e0 JavaThread "Attach Listener" daemon [_thread_blocked, id=12224, stack(0x0000007b83c00000,0x0000007b83d00000)]
  0x0000024c3ebcf1b0 JavaThread "Service Thread" daemon [_thread_blocked, id=7972, stack(0x0000007b83d00000,0x0000007b83e00000)]
  0x0000024c3ebcfa80 JavaThread "Monitor Deflation Thread" daemon [_thread_blocked, id=15916, stack(0x0000007b83e00000,0x0000007b83f00000)]
=>0x0000024c3ebd0680 JavaThread "C2 CompilerThread0" daemon [_thread_in_native, id=10404, stack(0x0000007b83f00000,0x0000007b84000000)]
  0x0000024c3ec30090 JavaThread "C1 CompilerThread0" daemon [_thread_blocked, id=15620, stack(0x0000007b84000000,0x0000007b84100000)]
  0x0000024c5e018050 JavaThread "Sweeper thread" daemon [_thread_blocked, id=13176, stack(0x0000007b84100000,0x0000007b84200000)]
  0x0000024c3eb9a570 JavaThread "Common-Cleaner" daemon [_thread_blocked, id=7240, stack(0x0000007b84200000,0x0000007b84300000)]
  0x0000024c5e1c8560 JavaThread "Notification Thread" daemon [_thread_blocked, id=19068, stack(0x0000007b84300000,0x0000007b84400000)]
  0x0000024c5f90f020 JavaThread "Daemon health stats" [_thread_blocked, id=17872, stack(0x0000007b84800000,0x0000007b84900000)]
  0x0000024c5ecbe150 JavaThread "Incoming local TCP Connector on port 59900" [_thread_in_native, id=6660, stack(0x0000007b84900000,0x0000007b84a00000)]
  0x0000024c5ef49390 JavaThread "Daemon periodic checks" [_thread_blocked, id=20820, stack(0x0000007b84a00000,0x0000007b84b00000)]
  0x0000024c5ed7f420 JavaThread "Daemon" [_thread_blocked, id=8136, stack(0x0000007b84b00000,0x0000007b84c00000)]
  0x0000024c5fb17ad0 JavaThread "Handler for socket connection from /127.0.0.1:59900 to /127.0.0.1:59901" [_thread_in_native, id=22220, stack(0x0000007b84c00000,0x0000007b84d00000)]
  0x0000024c5f8c3f90 JavaThread "Cancel handler" [_thread_blocked, id=13092, stack(0x0000007b84d00000,0x0000007b84e00000)]
  0x0000024c5f8c49b0 JavaThread "Daemon worker" [_thread_in_vm, id=4580, stack(0x0000007b84e00000,0x0000007b84f00000)]
  0x0000024c5f8c44a0 JavaThread "Asynchronous log dispatcher for DefaultDaemonConnection: socket connection from /127.0.0.1:59900 to /127.0.0.1:59901" [_thread_blocked, id=13452, stack(0x0000007b84f00000,0x0000007b85000000)]
  0x0000024c5f8c3570 JavaThread "Stdin handler" [_thread_blocked, id=18804, stack(0x0000007b85000000,0x0000007b85100000)]
  0x0000024c5f8c6810 JavaThread "Daemon client event forwarder" [_thread_blocked, id=16812, stack(0x0000007b85100000,0x0000007b85200000)]
  0x0000024c5f8c4ec0 JavaThread "Cache worker for journal cache (C:\Users\Kuldeep\.gradle\caches\journal-1)" [_thread_blocked, id=20080, stack(0x0000007b85200000,0x0000007b85300000)]
  0x0000024c5f8c53d0 JavaThread "File lock request listener" [_thread_in_native, id=23040, stack(0x0000007b85300000,0x0000007b85400000)]
  0x0000024c5f8c58e0 JavaThread "Cache worker for file hash cache (C:\Users\Kuldeep\.gradle\caches\8.10.2\fileHashes)" [_thread_blocked, id=13848, stack(0x0000007b85400000,0x0000007b85500000)]
  0x0000024c5f8c3a80 JavaThread "Cache worker for file hash cache (C:\Users\Kuldeep\Touch-Comeback\android\.gradle\8.10.2\fileHashes)" [_thread_blocked, id=23748, stack(0x0000007b83000000,0x0000007b83100000)]
  0x0000024c5f8c3060 JavaThread "Cache worker for Build Output Cleanup Cache (C:\Users\Kuldeep\Touch-Comeback\android\.gradle\buildOutputCleanup)" [_thread_blocked, id=17520, stack(0x0000007b85500000,0x0000007b85600000)]
  0x0000024c5f8c6300 JavaThread "File watcher server" daemon [_thread_in_native, id=17736, stack(0x0000007b82f00000,0x0000007b83000000)]
  0x0000024c5f8c5df0 JavaThread "File watcher consumer" daemon [_thread_blocked, id=2124, stack(0x0000007b83100000,0x0000007b83200000)]
  0x0000024c60729910 JavaThread "Cache worker for checksums cache (C:\Users\Kuldeep\Touch-Comeback\android\.gradle\8.10.2\checksums)" [_thread_blocked, id=3396, stack(0x0000007b85800000,0x0000007b85900000)]
  0x0000024c60727fc0 JavaThread "Cache worker for file content cache (C:\Users\Kuldeep\.gradle\caches\8.10.2\fileContent)" [_thread_blocked, id=13952, stack(0x0000007b85900000,0x0000007b85a00000)]
  0x0000024c60727090 JavaThread "Cache worker for cache directory md-rule (C:\Users\Kuldeep\.gradle\caches\8.10.2\md-rule)" [_thread_blocked, id=23624, stack(0x0000007b85a00000,0x0000007b85b00000)]
  0x0000024c607284d0 JavaThread "Cache worker for cache directory md-supplier (C:\Users\Kuldeep\.gradle\caches\8.10.2\md-supplier)" [_thread_blocked, id=22836, stack(0x0000007b85b00000,0x0000007b85c00000)]
  0x0000024c60728ef0 JavaThread "jar transforms" [_thread_blocked, id=19192, stack(0x0000007b85c00000,0x0000007b85d00000)]
  0x0000024c60729400 JavaThread "Cache worker for Build Output Cleanup Cache (C:\Users\Kuldeep\Touch-Comeback\node_modules\@react-native\gradle-plugin\.gradle\buildOutputCleanup)" [_thread_blocked, id=3288, stack(0x0000007b85d00000,0x0000007b85e00000)]

Other Threads:
  0x0000024c3eba83d0 VMThread "VM Thread" [stack: 0x0000007b83800000,0x0000007b83900000] [id=23800]
  0x0000024c1fc60e10 WatcherThread [stack: 0x0000007b84400000,0x0000007b84500000] [id=9532]
  0x0000024c1fcbde00 GCTaskThread "GC Thread#0" [stack: 0x0000007b83300000,0x0000007b83400000] [id=2156]
  0x0000024c5e2049f0 GCTaskThread "GC Thread#1" [stack: 0x0000007b84500000,0x0000007b84600000] [id=16372]
  0x0000024c5e367d30 GCTaskThread "GC Thread#2" [stack: 0x0000007b84600000,0x0000007b84700000] [id=5108]
  0x0000024c5e5fa150 GCTaskThread "GC Thread#3" [stack: 0x0000007b84700000,0x0000007b84800000] [id=8416]
  0x0000024c1fccec60 ConcurrentGCThread "G1 Main Marker" [stack: 0x0000007b83400000,0x0000007b83500000] [id=21760]
  0x0000024c1fccf590 ConcurrentGCThread "G1 Conc#0" [stack: 0x0000007b83500000,0x0000007b83600000] [id=20988]
  0x0000024c1fd0e0d0 ConcurrentGCThread "G1 Refine#0" [stack: 0x0000007b83600000,0x0000007b83700000] [id=21236]
  0x0000024c1fd0ea10 ConcurrentGCThread "G1 Service" [stack: 0x0000007b83700000,0x0000007b83800000] [id=22244]

Threads with active compile tasks:
C2 CompilerThread0   165547 4809       4       org.gradle.internal.service.DefaultServiceRegistry$OwnServices::getService (317 bytes)

VM state: not at safepoint (normal execution)

VM Mutex/Monitor currently owned by a thread: None

Heap address: 0x0000000080000000, size: 2048 MB, Compressed Oops mode: 32-bit

CDS archive(s) mapped at: [0x0000024c3f000000-0x0000024c3fbc0000-0x0000024c3fbc0000), size 12320768, SharedBaseAddress: 0x0000024c3f000000, ArchiveRelocationMode: 1.
Compressed class space mapped at: 0x0000024c40000000-0x0000024c5a000000, reserved size: 436207616
Narrow klass base: 0x0000024c3f000000, Narrow klass shift: 0, Narrow klass range: 0x100000000

GC Precious Log:
 CPUs: 4 total, 4 available
 Memory: 3871M
 Large Page Support: Disabled
 NUMA Support: Disabled
 Compressed Oops: Enabled (32-bit)
 Heap Region Size: 1M
 Heap Min Capacity: 8M
 Heap Initial Capacity: 62M
 Heap Max Capacity: 2G
 Pre-touch: Disabled
 Parallel Workers: 4
 Concurrent Workers: 1
 Concurrent Refinement Workers: 4
 Periodic GC: Disabled

Heap:
 garbage-first heap   total 78848K, used 52996K [0x0000000080000000, 0x0000000100000000)
  region size 1024K, 20 young (20480K), 2 survivors (2048K)
 Metaspace       used 39072K, committed 39616K, reserved 491520K
  class space    used 5475K, committed 5760K, reserved 425984K

Heap Regions: E=young(eden), S=young(survivor), O=old, HS=humongous(starts), HC=humongous(continues), CS=collection set, F=free, OA=open archive, CA=closed archive, TAMS=top-at-mark-start (previous, next)
|   0|0x0000000080000000, 0x0000000080100000, 0x0000000080100000|100%|HS|  |TAMS 0x0000000080100000, 0x0000000080000000| Complete 
|   1|0x0000000080100000, 0x0000000080200000, 0x0000000080200000|100%|HC|  |TAMS 0x0000000080200000, 0x0000000080100000| Complete 
|   2|0x0000000080200000, 0x0000000080300000, 0x0000000080300000|100%|HC|  |TAMS 0x0000000080300000, 0x0000000080200000| Complete 
|   3|0x0000000080300000, 0x0000000080400000, 0x0000000080400000|100%|HC|  |TAMS 0x0000000080400000, 0x0000000080300000| Complete 
|   4|0x0000000080400000, 0x0000000080500000, 0x0000000080500000|100%| O|  |TAMS 0x0000000080500000, 0x0000000080400000| Untracked 
|   5|0x0000000080500000, 0x0000000080600000, 0x0000000080600000|100%| O|  |TAMS 0x0000000080600000, 0x0000000080500000| Untracked 
|   6|0x0000000080600000, 0x0000000080700000, 0x0000000080700000|100%| O|  |TAMS 0x0000000080700000, 0x0000000080600000| Untracked 
|   7|0x0000000080700000, 0x0000000080800000, 0x0000000080800000|100%| O|  |TAMS 0x0000000080800000, 0x0000000080700000| Untracked 
|   8|0x0000000080800000, 0x0000000080900000, 0x0000000080900000|100%| O|  |TAMS 0x0000000080900000, 0x0000000080800000| Untracked 
|   9|0x0000000080900000, 0x0000000080a00000, 0x0000000080a00000|100%|HS|  |TAMS 0x0000000080a00000, 0x0000000080900000| Complete 
|  10|0x0000000080a00000, 0x0000000080b00000, 0x0000000080b00000|100%| O|  |TAMS 0x0000000080b00000, 0x0000000080a00000| Untracked 
|  11|0x0000000080b00000, 0x0000000080c00000, 0x0000000080c00000|100%| O|  |TAMS 0x0000000080c00000, 0x0000000080b00000| Untracked 
|  12|0x0000000080c00000, 0x0000000080d00000, 0x0000000080d00000|100%| O|  |TAMS 0x0000000080d00000, 0x0000000080c00000| Untracked 
|  13|0x0000000080d00000, 0x0000000080e00000, 0x0000000080e00000|100%| O|  |TAMS 0x0000000080e00000, 0x0000000080d00000| Untracked 
|  14|0x0000000080e00000, 0x0000000080f00000, 0x0000000080f00000|100%| O|  |TAMS 0x0000000080f00000, 0x0000000080e00000| Untracked 
|  15|0x0000000080f00000, 0x0000000081000000, 0x0000000081000000|100%| O|  |TAMS 0x0000000081000000, 0x0000000080f00000| Untracked 
|  16|0x0000000081000000, 0x0000000081100000, 0x0000000081100000|100%| O|  |TAMS 0x0000000081100000, 0x0000000081000000| Untracked 
|  17|0x0000000081100000, 0x0000000081200000, 0x0000000081200000|100%| O|  |TAMS 0x0000000081200000, 0x0000000081100000| Untracked 
|  18|0x0000000081200000, 0x0000000081300000, 0x0000000081300000|100%| O|  |TAMS 0x0000000081300000, 0x0000000081200000| Untracked 
|  19|0x0000000081300000, 0x0000000081400000, 0x0000000081400000|100%| O|  |TAMS 0x0000000081400000, 0x0000000081300000| Untracked 
|  20|0x0000000081400000, 0x0000000081500000, 0x0000000081500000|100%| O|  |TAMS 0x0000000081500000, 0x0000000081400000| Untracked 
|  21|0x0000000081500000, 0x0000000081600000, 0x0000000081600000|100%| O|  |TAMS 0x0000000081600000, 0x0000000081500000| Untracked 
|  22|0x0000000081600000, 0x0000000081700000, 0x0000000081700000|100%| O|  |TAMS 0x0000000081700000, 0x0000000081600000| Untracked 
|  23|0x0000000081700000, 0x0000000081800000, 0x0000000081800000|100%| O|  |TAMS 0x0000000081800000, 0x0000000081700000| Untracked 
|  24|0x0000000081800000, 0x0000000081900000, 0x0000000081900000|100%| O|  |TAMS 0x0000000081900000, 0x0000000081800000| Untracked 
|  25|0x0000000081900000, 0x0000000081a00000, 0x0000000081a00000|100%| O|  |TAMS 0x0000000081a00000, 0x0000000081900000| Untracked 
|  26|0x0000000081a00000, 0x0000000081b00000, 0x0000000081b00000|100%| O|  |TAMS 0x0000000081b00000, 0x0000000081a00000| Untracked 
|  27|0x0000000081b00000, 0x0000000081c00000, 0x0000000081c00000|100%| O|  |TAMS 0x0000000081c00000, 0x0000000081b00000| Untracked 
|  28|0x0000000081c00000, 0x0000000081d00000, 0x0000000081d00000|100%| O|  |TAMS 0x0000000081d00000, 0x0000000081c00000| Untracked 
|  29|0x0000000081d00000, 0x0000000081e00000, 0x0000000081e00000|100%| O|  |TAMS 0x0000000081e00000, 0x0000000081d00000| Untracked 
|  30|0x0000000081e00000, 0x0000000081f00000, 0x0000000081f00000|100%| O|  |TAMS 0x0000000081f00000, 0x0000000081e00000| Untracked 
|  31|0x0000000081f00000, 0x0000000082000000, 0x0000000082000000|100%| O|  |TAMS 0x0000000081f00000, 0x0000000081f00000| Untracked 
|  32|0x0000000082000000, 0x0000000082100000, 0x0000000082100000|100%| O|  |TAMS 0x0000000082100000, 0x0000000082000000| Untracked 
|  33|0x0000000082100000, 0x000000008217b000, 0x0000000082200000| 48%| O|  |TAMS 0x0000000082100000, 0x0000000082100000| Untracked 
|  34|0x0000000082200000, 0x0000000082200000, 0x0000000082300000|  0%| F|  |TAMS 0x0000000082200000, 0x0000000082200000| Untracked 
|  35|0x0000000082300000, 0x0000000082300000, 0x0000000082400000|  0%| F|  |TAMS 0x0000000082300000, 0x0000000082300000| Untracked 
|  36|0x0000000082400000, 0x0000000082400000, 0x0000000082500000|  0%| F|  |TAMS 0x0000000082400000, 0x0000000082400000| Untracked 
|  37|0x0000000082500000, 0x0000000082500000, 0x0000000082600000|  0%| F|  |TAMS 0x0000000082500000, 0x0000000082500000| Untracked 
|  38|0x0000000082600000, 0x0000000082600000, 0x0000000082700000|  0%| F|  |TAMS 0x0000000082600000, 0x0000000082600000| Untracked 
|  39|0x0000000082700000, 0x0000000082700000, 0x0000000082800000|  0%| F|  |TAMS 0x0000000082700000, 0x0000000082700000| Untracked 
|  40|0x0000000082800000, 0x0000000082800000, 0x0000000082900000|  0%| F|  |TAMS 0x0000000082800000, 0x0000000082800000| Untracked 
|  41|0x0000000082900000, 0x0000000082900000, 0x0000000082a00000|  0%| F|  |TAMS 0x0000000082900000, 0x0000000082900000| Untracked 
|  42|0x0000000082a00000, 0x0000000082a00000, 0x0000000082b00000|  0%| F|  |TAMS 0x0000000082a00000, 0x0000000082a00000| Untracked 
|  43|0x0000000082b00000, 0x0000000082b00000, 0x0000000082c00000|  0%| F|  |TAMS 0x0000000082b00000, 0x0000000082b00000| Untracked 
|  44|0x0000000082c00000, 0x0000000082c00000, 0x0000000082d00000|  0%| F|  |TAMS 0x0000000082c00000, 0x0000000082c00000| Untracked 
|  45|0x0000000082d00000, 0x0000000082d00000, 0x0000000082e00000|  0%| F|  |TAMS 0x0000000082d00000, 0x0000000082d00000| Untracked 
|  46|0x0000000082e00000, 0x0000000082e00000, 0x0000000082f00000|  0%| F|  |TAMS 0x0000000082e00000, 0x0000000082e00000| Untracked 
|  47|0x0000000082f00000, 0x0000000082f00000, 0x0000000083000000|  0%| F|  |TAMS 0x0000000082f00000, 0x0000000082f00000| Untracked 
|  48|0x0000000083000000, 0x0000000083000000, 0x0000000083100000|  0%| F|  |TAMS 0x0000000083000000, 0x0000000083000000| Untracked 
|  49|0x0000000083100000, 0x0000000083100000, 0x0000000083200000|  0%| F|  |TAMS 0x0000000083100000, 0x0000000083100000| Untracked 
|  50|0x0000000083200000, 0x0000000083200000, 0x0000000083300000|  0%| F|  |TAMS 0x0000000083200000, 0x0000000083200000| Untracked 
|  51|0x0000000083300000, 0x0000000083300000, 0x0000000083400000|  0%| F|  |TAMS 0x0000000083300000, 0x0000000083300000| Untracked 
|  52|0x0000000083400000, 0x0000000083400000, 0x0000000083500000|  0%| F|  |TAMS 0x0000000083400000, 0x0000000083400000| Untracked 
|  53|0x0000000083500000, 0x0000000083500000, 0x0000000083600000|  0%| F|  |TAMS 0x0000000083500000, 0x0000000083500000| Untracked 
|  54|0x0000000083600000, 0x0000000083600000, 0x0000000083700000|  0%| F|  |TAMS 0x0000000083600000, 0x0000000083600000| Untracked 
|  55|0x0000000083700000, 0x0000000083700000, 0x0000000083800000|  0%| F|  |TAMS 0x0000000083700000, 0x0000000083700000| Untracked 
|  56|0x0000000083800000, 0x0000000083800000, 0x0000000083900000|  0%| F|  |TAMS 0x0000000083800000, 0x0000000083800000| Untracked 
|  57|0x0000000083900000, 0x000000008391b200, 0x0000000083a00000| 10%| E|  |TAMS 0x0000000083900000, 0x0000000083900000| Complete 
|  58|0x0000000083a00000, 0x0000000083b00000, 0x0000000083b00000|100%| E|CS|TAMS 0x0000000083a00000, 0x0000000083a00000| Complete 
|  59|0x0000000083b00000, 0x0000000083c00000, 0x0000000083c00000|100%| E|CS|TAMS 0x0000000083b00000, 0x0000000083b00000| Complete 
|  60|0x0000000083c00000, 0x0000000083d00000, 0x0000000083d00000|100%| E|CS|TAMS 0x0000000083c00000, 0x0000000083c00000| Complete 
|  61|0x0000000083d00000, 0x0000000083e00000, 0x0000000083e00000|100%| E|CS|TAMS 0x0000000083d00000, 0x0000000083d00000| Complete 
|  62|0x0000000083e00000, 0x0000000083f00000, 0x0000000083f00000|100%| E|CS|TAMS 0x0000000083e00000, 0x0000000083e00000| Complete 
|  63|0x0000000083f00000, 0x0000000084000000, 0x0000000084000000|100%| E|CS|TAMS 0x0000000083f00000, 0x0000000083f00000| Complete 
|  64|0x0000000084000000, 0x0000000084100000, 0x0000000084100000|100%| E|CS|TAMS 0x0000000084000000, 0x0000000084000000| Complete 
|  65|0x0000000084100000, 0x0000000084200000, 0x0000000084200000|100%| E|CS|TAMS 0x0000000084100000, 0x0000000084100000| Complete 
|  66|0x0000000084200000, 0x0000000084300000, 0x0000000084300000|100%| E|CS|TAMS 0x0000000084200000, 0x0000000084200000| Complete 
|  67|0x0000000084300000, 0x0000000084400000, 0x0000000084400000|100%| E|CS|TAMS 0x0000000084300000, 0x0000000084300000| Complete 
|  68|0x0000000084400000, 0x0000000084500000, 0x0000000084500000|100%| E|CS|TAMS 0x0000000084400000, 0x0000000084400000| Complete 
|  69|0x0000000084500000, 0x0000000084600000, 0x0000000084600000|100%| E|CS|TAMS 0x0000000084500000, 0x0000000084500000| Complete 
|  70|0x0000000084600000, 0x0000000084700000, 0x0000000084700000|100%| E|CS|TAMS 0x0000000084600000, 0x0000000084600000| Complete 
|  71|0x0000000084700000, 0x0000000084746340, 0x0000000084800000| 27%| S|CS|TAMS 0x0000000084700000, 0x0000000084700000| Complete 
|  72|0x0000000084800000, 0x0000000084900000, 0x0000000084900000|100%| S|CS|TAMS 0x0000000084800000, 0x0000000084800000| Complete 
|  73|0x0000000084900000, 0x0000000084a00000, 0x0000000084a00000|100%| E|CS|TAMS 0x0000000084900000, 0x0000000084900000| Complete 
|  74|0x0000000084a00000, 0x0000000084b00000, 0x0000000084b00000|100%| E|CS|TAMS 0x0000000084a00000, 0x0000000084a00000| Complete 
|  75|0x0000000084b00000, 0x0000000084c00000, 0x0000000084c00000|100%| E|CS|TAMS 0x0000000084b00000, 0x0000000084b00000| Complete 
|  76|0x0000000084c00000, 0x0000000084d00000, 0x0000000084d00000|100%| E|CS|TAMS 0x0000000084c00000, 0x0000000084c00000| Complete 

Card table byte_map: [0x0000024c37f20000,0x0000024c38320000] _byte_map_base: 0x0000024c37b20000

Marking Bits (Prev, Next): (CMBitMap*) 0x0000024c1fcbe370, (CMBitMap*) 0x0000024c1fcbe330
 Prev Bits: [0x0000024c3a720000, 0x0000024c3c720000)
 Next Bits: [0x0000024c38720000, 0x0000024c3a720000)

Polling page: 0x0000024c1dc10000

Metaspace:

Usage:
  Non-class:     32.81 MB used.
      Class:      5.35 MB used.
       Both:     38.16 MB used.

Virtual space:
  Non-class space:       64.00 MB reserved,      33.06 MB ( 52%) committed,  1 nodes.
      Class space:      416.00 MB reserved,       5.62 MB (  1%) committed,  1 nodes.
             Both:      480.00 MB reserved,      38.69 MB (  8%) committed. 

Chunk freelists:
   Non-Class:  14.69 MB
       Class:  10.23 MB
        Both:  24.92 MB

MaxMetaspaceSize: 512.00 MB
CompressedClassSpaceSize: 416.00 MB
Initial GC threshold: 21.00 MB
Current GC threshold: 61.19 MB
CDS: on
MetaspaceReclaimPolicy: balanced
 - commit_granule_bytes: 65536.
 - commit_granule_words: 8192.
 - virtual_space_node_default_size: 8388608.
 - enlarge_chunks_in_place: 1.
 - new_chunks_are_fully_committed: 0.
 - uncommit_free_chunks: 1.
 - use_allocation_guard: 0.
 - handle_deallocations: 1.


Internal statistics:

num_allocs_failed_limit: 3.
num_arena_births: 578.
num_arena_deaths: 0.
num_vsnodes_births: 2.
num_vsnodes_deaths: 0.
num_space_committed: 619.
num_space_uncommitted: 0.
num_chunks_returned_to_freelist: 3.
num_chunks_taken_from_freelist: 2075.
num_chunk_merges: 3.
num_chunk_splits: 1379.
num_chunks_enlarged: 971.
num_inconsistent_stats: 0.

CodeHeap 'non-profiled nmethods': size=120000Kb used=2911Kb max_used=2911Kb free=117088Kb
 bounds [0x0000024c305f0000, 0x0000024c308d0000, 0x0000024c37b20000]
CodeHeap 'profiled nmethods': size=120000Kb used=9772Kb max_used=9772Kb free=110227Kb
 bounds [0x0000024c28b20000, 0x0000024c294b0000, 0x0000024c30050000]
CodeHeap 'non-nmethods': size=5760Kb used=2317Kb max_used=2354Kb free=3442Kb
 bounds [0x0000024c30050000, 0x0000024c302c0000, 0x0000024c305f0000]
 total_blobs=5617 nmethods=4804 adapters=725
 compilation: enabled
              stopped_count=0, restarted_count=0
 full_count=0

Compilation events (20 events):
Event: 160.847 Thread 0x0000024c3ec30090 nmethod 4799 0x0000024c294a7190 code [0x0000024c294a7320, 0x0000024c294a7458]
Event: 160.847 Thread 0x0000024c3ec30090 4800       3       com.google.common.collect.MapMakerInternalMap::segmentFor (17 bytes)
Event: 160.849 Thread 0x0000024c3ec30090 nmethod 4800 0x0000024c294a7510 code [0x0000024c294a76a0, 0x0000024c294a77d8]
Event: 161.486 Thread 0x0000024c3ebd0680 4801   !   4       java.util.concurrent.LinkedBlockingQueue::poll (128 bytes)
Event: 161.716 Thread 0x0000024c3ec30090 4803   !   3       org.gradle.internal.concurrent.ExecutorPolicy$CatchAndRecordFailures::onExecute (29 bytes)
Event: 161.791 Thread 0x0000024c3ebd0680 nmethod 4801 0x0000024c308c5590 code [0x0000024c308c57c0, 0x0000024c308c69b0]
Event: 161.791 Thread 0x0000024c3ebd0680 4802       4       org.gradle.launcher.daemon.server.exec.DaemonConnectionBackedEventConsumer$ForwardEvents::moreMessagesToSend (35 bytes)
Event: 161.794 Thread 0x0000024c3ebd0680 nmethod 4802 0x0000024c308c7790 code [0x0000024c308c7900, 0x0000024c308c79b8]
Event: 161.886 Thread 0x0000024c3ec30090 nmethod 4803 0x0000024c294a7890 code [0x0000024c294a7ba0, 0x0000024c294a8e88]
Event: 163.335 Thread 0x0000024c3ec30090 4804       3       java.util.concurrent.ConcurrentHashMap$Traverser::<init> (36 bytes)
Event: 163.337 Thread 0x0000024c3ec30090 nmethod 4804 0x0000024c294a9510 code [0x0000024c294a96a0, 0x0000024c294a9898]
Event: 163.525 Thread 0x0000024c3ec30090 4805       1       org.gradle.internal.instantiation.generator.AbstractClassGenerator$GeneratedClassImpl::getOuterType (5 bytes)
Event: 163.526 Thread 0x0000024c3ec30090 nmethod 4805 0x0000024c308c7a90 code [0x0000024c308c7c20, 0x0000024c308c7cf8]
Event: 163.606 Thread 0x0000024c3ec30090 4806       3       org.gradle.internal.service.DefaultServiceRegistry$ManagedObjectServiceProvider::setInstance (18 bytes)
Event: 163.614 Thread 0x0000024c3ec30090 nmethod 4806 0x0000024c294a9990 code [0x0000024c294a9b40, 0x0000024c294a9d08]
Event: 163.896 Thread 0x0000024c3ec30090 4807       3       org.gradle.internal.deprecation.DeprecationLogger::disable (24 bytes)
Event: 163.907 Thread 0x0000024c3ec30090 nmethod 4807 0x0000024c294a9e10 code [0x0000024c294aa000, 0x0000024c294aa5f8]
Event: 163.907 Thread 0x0000024c3ec30090 4808       3       org.gradle.internal.deprecation.DeprecationLogger::maybeEnable (24 bytes)
Event: 163.908 Thread 0x0000024c3ec30090 nmethod 4808 0x0000024c294aa810 code [0x0000024c294aaa00, 0x0000024c294aaff8]
Event: 163.910 Thread 0x0000024c3ebd0680 4809       4       org.gradle.internal.service.DefaultServiceRegistry$OwnServices::getService (317 bytes)

GC Heap History (20 events):
Event: 66.481 GC heap before
{Heap before GC invocations=11 (full 0):
 garbage-first heap   total 63488K, used 26716K [0x0000000080000000, 0x0000000100000000)
  region size 1024K, 4 young (4096K), 3 survivors (3072K)
 Metaspace       used 24097K, committed 24448K, reserved 491520K
  class space    used 3541K, committed 3712K, reserved 425984K
}
Event: 66.498 GC heap after
{Heap after GC invocations=12 (full 0):
 garbage-first heap   total 63488K, used 25851K [0x0000000080000000, 0x0000000100000000)
  region size 1024K, 1 young (1024K), 1 survivors (1024K)
 Metaspace       used 24097K, committed 24448K, reserved 491520K
  class space    used 3541K, committed 3712K, reserved 425984K
}
Event: 68.654 GC heap before
{Heap before GC invocations=12 (full 0):
 garbage-first heap   total 63488K, used 50427K [0x0000000080000000, 0x0000000100000000)
  region size 1024K, 25 young (25600K), 1 survivors (1024K)
 Metaspace       used 27361K, committed 27776K, reserved 491520K
  class space    used 4007K, committed 4224K, reserved 425984K
}
Event: 68.659 GC heap after
{Heap after GC invocations=13 (full 0):
 garbage-first heap   total 63488K, used 26899K [0x0000000080000000, 0x0000000100000000)
  region size 1024K, 2 young (2048K), 2 survivors (2048K)
 Metaspace       used 27361K, committed 27776K, reserved 491520K
  class space    used 4007K, committed 4224K, reserved 425984K
}
Event: 77.047 GC heap before
{Heap before GC invocations=13 (full 0):
 garbage-first heap   total 63488K, used 49427K [0x0000000080000000, 0x0000000100000000)
  region size 1024K, 25 young (25600K), 2 survivors (2048K)
 Metaspace       used 31928K, committed 32320K, reserved 491520K
  class space    used 4455K, committed 4608K, reserved 425984K
}
Event: 77.415 GC heap after
{Heap after GC invocations=14 (full 0):
 garbage-first heap   total 63488K, used 30168K [0x0000000080000000, 0x0000000100000000)
  region size 1024K, 4 young (4096K), 4 survivors (4096K)
 Metaspace       used 31928K, committed 32320K, reserved 491520K
  class space    used 4455K, committed 4608K, reserved 425984K
}
Event: 82.953 GC heap before
{Heap before GC invocations=14 (full 0):
 garbage-first heap   total 63488K, used 41432K [0x0000000080000000, 0x0000000100000000)
  region size 1024K, 15 young (15360K), 4 survivors (4096K)
 Metaspace       used 31937K, committed 32320K, reserved 491520K
  class space    used 4455K, committed 4608K, reserved 425984K
}
Event: 82.993 GC heap after
{Heap after GC invocations=15 (full 0):
 garbage-first heap   total 63488K, used 31653K [0x0000000080000000, 0x0000000100000000)
  region size 1024K, 2 young (2048K), 2 survivors (2048K)
 Metaspace       used 31937K, committed 32320K, reserved 491520K
  class space    used 4455K, committed 4608K, reserved 425984K
}
Event: 97.050 GC heap before
{Heap before GC invocations=15 (full 0):
 garbage-first heap   total 63488K, used 49061K [0x0000000080000000, 0x0000000100000000)
  region size 1024K, 19 young (19456K), 2 survivors (2048K)
 Metaspace       used 33909K, committed 34368K, reserved 491520K
  class space    used 4774K, committed 4992K, reserved 425984K
}
Event: 97.099 GC heap after
{Heap after GC invocations=16 (full 0):
 garbage-first heap   total 63488K, used 32837K [0x0000000080000000, 0x0000000100000000)
  region size 1024K, 3 young (3072K), 3 survivors (3072K)
 Metaspace       used 33909K, committed 34368K, reserved 491520K
  class space    used 4774K, committed 4992K, reserved 425984K
}
Event: 98.102 GC heap before
{Heap before GC invocations=17 (full 0):
 garbage-first heap   total 63488K, used 32837K [0x0000000080000000, 0x0000000100000000)
  region size 1024K, 5 young (5120K), 3 survivors (3072K)
 Metaspace       used 33948K, committed 34432K, reserved 491520K
  class space    used 4783K, committed 4992K, reserved 425984K
}
Event: 98.117 GC heap after
{Heap after GC invocations=18 (full 0):
 garbage-first heap   total 63488K, used 33531K [0x0000000080000000, 0x0000000100000000)
  region size 1024K, 3 young (3072K), 3 survivors (3072K)
 Metaspace       used 33948K, committed 34432K, reserved 491520K
  class space    used 4783K, committed 4992K, reserved 425984K
}
Event: 98.321 GC heap before
{Heap before GC invocations=19 (full 0):
 garbage-first heap   total 63488K, used 34555K [0x0000000080000000, 0x0000000100000000)
  region size 1024K, 4 young (4096K), 3 survivors (3072K)
 Metaspace       used 33948K, committed 34432K, reserved 491520K
  class space    used 4783K, committed 4992K, reserved 425984K
}
Event: 98.327 GC heap after
{Heap after GC invocations=20 (full 0):
 garbage-first heap   total 63488K, used 34220K [0x0000000080000000, 0x0000000100000000)
  region size 1024K, 1 young (1024K), 1 survivors (1024K)
 Metaspace       used 33948K, committed 34432K, reserved 491520K
  class space    used 4783K, committed 4992K, reserved 425984K
}
Event: 107.483 GC heap before
{Heap before GC invocations=21 (full 0):
 garbage-first heap   total 63488K, used 54700K [0x0000000080000000, 0x0000000100000000)
  region size 1024K, 17 young (17408K), 1 survivors (1024K)
 Metaspace       used 36448K, committed 36928K, reserved 491520K
  class space    used 5072K, committed 5312K, reserved 425984K
}
Event: 107.501 GC heap after
{Heap after GC invocations=22 (full 0):
 garbage-first heap   total 63488K, used 34342K [0x0000000080000000, 0x0000000100000000)
  region size 1024K, 2 young (2048K), 2 survivors (2048K)
 Metaspace       used 36448K, committed 36928K, reserved 491520K
  class space    used 5072K, committed 5312K, reserved 425984K
}
Event: 108.081 GC heap before
{Heap before GC invocations=22 (full 0):
 garbage-first heap   total 63488K, used 50726K [0x0000000080000000, 0x0000000100000000)
  region size 1024K, 18 young (18432K), 2 survivors (2048K)
 Metaspace       used 36846K, committed 37312K, reserved 491520K
  class space    used 5134K, committed 5376K, reserved 425984K
}
Event: 108.093 GC heap after
{Heap after GC invocations=23 (full 0):
 garbage-first heap   total 63488K, used 34591K [0x0000000080000000, 0x0000000100000000)
  region size 1024K, 2 young (2048K), 2 survivors (2048K)
 Metaspace       used 36846K, committed 37312K, reserved 491520K
  class space    used 5134K, committed 5376K, reserved 425984K
}
Event: 109.293 GC heap before
{Heap before GC invocations=24 (full 0):
 garbage-first heap   total 78848K, used 49951K [0x0000000080000000, 0x0000000100000000)
  region size 1024K, 18 young (18432K), 2 survivors (2048K)
 Metaspace       used 37327K, committed 37888K, reserved 491520K
  class space    used 5190K, committed 5440K, reserved 425984K
}
Event: 109.302 GC heap after
{Heap after GC invocations=25 (full 0):
 garbage-first heap   total 78848K, used 35588K [0x0000000080000000, 0x0000000100000000)
  region size 1024K, 2 young (2048K), 2 survivors (2048K)
 Metaspace       used 37327K, committed 37888K, reserved 491520K
  class space    used 5190K, committed 5440K, reserved 425984K
}

Dll operation events (15 events):
Event: 0.023 Loaded shared library C:\Program Files\OpenLogic\jdk-17.0.14.7-hotspot\bin\java.dll
Event: 0.055 Loaded shared library C:\Program Files\OpenLogic\jdk-17.0.14.7-hotspot\bin\jsvml.dll
Event: 0.328 Loaded shared library C:\Program Files\OpenLogic\jdk-17.0.14.7-hotspot\bin\zip.dll
Event: 0.333 Loaded shared library C:\Program Files\OpenLogic\jdk-17.0.14.7-hotspot\bin\instrument.dll
Event: 0.338 Loaded shared library C:\Program Files\OpenLogic\jdk-17.0.14.7-hotspot\bin\net.dll
Event: 0.340 Loaded shared library C:\Program Files\OpenLogic\jdk-17.0.14.7-hotspot\bin\nio.dll
Event: 0.343 Loaded shared library C:\Program Files\OpenLogic\jdk-17.0.14.7-hotspot\bin\zip.dll
Event: 1.062 Loaded shared library C:\Program Files\OpenLogic\jdk-17.0.14.7-hotspot\bin\jimage.dll
Event: 1.599 Loaded shared library C:\Program Files\OpenLogic\jdk-17.0.14.7-hotspot\bin\verify.dll
Event: 1.987 Loaded shared library C:\Users\Kuldeep\.gradle\native\c067742578af261105cb4f569cf0c3c89f3d7b1fecec35dd04571415982c5e48\windows-amd64\native-platform.dll
Event: 2.019 Loaded shared library C:\Users\Kuldeep\.gradle\native\100fb08df4bc3b14c8652ba06237920a3bd2aa13389f12d3474272988ae205f9\windows-amd64\native-platform-file-events.dll
Event: 5.599 Loaded shared library C:\Program Files\OpenLogic\jdk-17.0.14.7-hotspot\bin\management.dll
Event: 5.603 Loaded shared library C:\Program Files\OpenLogic\jdk-17.0.14.7-hotspot\bin\management_ext.dll
Event: 6.184 Loaded shared library C:\Program Files\OpenLogic\jdk-17.0.14.7-hotspot\bin\extnet.dll
Event: 6.777 Loaded shared library C:\Program Files\OpenLogic\jdk-17.0.14.7-hotspot\bin\sunmscapi.dll

Deoptimization events (20 events):
Event: 109.387 Thread 0x0000024c5f8c49b0 DEOPT PACKING pc=0x0000024c307b20a0 sp=0x0000007b84ef5540
Event: 109.387 Thread 0x0000024c5f8c49b0 DEOPT UNPACKING pc=0x0000024c300aa1a3 sp=0x0000007b84ef54a8 mode 2
Event: 109.540 Thread 0x0000024c5f8c49b0 Uncommon trap: trap_request=0xffffff45 fr.pc=0x0000024c307c039c relative=0x00000000000049fc
Event: 109.540 Thread 0x0000024c5f8c49b0 Uncommon trap: reason=unstable_if action=reinterpret pc=0x0000024c307c039c method=org.objectweb.asm.Frame.execute(IILorg/objectweb/asm/Symbol;Lorg/objectweb/asm/SymbolTable;)V @ 1 c2
Event: 109.540 Thread 0x0000024c5f8c49b0 DEOPT PACKING pc=0x0000024c307c039c sp=0x0000007b84ef69b0
Event: 109.540 Thread 0x0000024c5f8c49b0 DEOPT UNPACKING pc=0x0000024c300aa1a3 sp=0x0000007b84ef6968 mode 2
Event: 132.198 Thread 0x0000024c5f8c49b0 Uncommon trap: trap_request=0xffffff45 fr.pc=0x0000024c308ad154 relative=0x0000000000000234
Event: 132.213 Thread 0x0000024c5f8c49b0 Uncommon trap: reason=unstable_if action=reinterpret pc=0x0000024c308ad154 method=org.objectweb.asm.Frame.push(I)V @ 26 c2
Event: 132.228 Thread 0x0000024c5f8c49b0 DEOPT PACKING pc=0x0000024c308ad154 sp=0x0000007b84ef6d50
Event: 132.229 Thread 0x0000024c5f8c49b0 DEOPT UNPACKING pc=0x0000024c300aa1a3 sp=0x0000007b84ef6cf8 mode 2
Event: 133.578 Thread 0x0000024c5f8c49b0 DEOPT PACKING pc=0x0000024c28f83393 sp=0x0000007b84ef6c00
Event: 133.578 Thread 0x0000024c5f8c49b0 DEOPT UNPACKING pc=0x0000024c300aace3 sp=0x0000007b84ef6070 mode 0
Event: 150.584 Thread 0x0000024c5f8c49b0 Uncommon trap: trap_request=0xffffff45 fr.pc=0x0000024c307cb438 relative=0x0000000000000118
Event: 150.599 Thread 0x0000024c5f8c49b0 Uncommon trap: reason=unstable_if action=reinterpret pc=0x0000024c307cb438 method=java.util.Arrays.hashCode([Ljava/lang/Object;)I @ 34 c2
Event: 150.601 Thread 0x0000024c5f8c49b0 DEOPT PACKING pc=0x0000024c307cb438 sp=0x0000007b84ef7450
Event: 150.602 Thread 0x0000024c5f8c49b0 DEOPT UNPACKING pc=0x0000024c300aa1a3 sp=0x0000007b84ef73c8 mode 2
Event: 161.625 Thread 0x0000024c5f8c49b0 Uncommon trap: trap_request=0xffffffc6 fr.pc=0x0000024c3079d48c relative=0x000000000000024c
Event: 161.625 Thread 0x0000024c5f8c49b0 Uncommon trap: reason=bimorphic_or_optimized_type_check action=maybe_recompile pc=0x0000024c3079d48c method=com.google.common.base.CharMatcher.indexIn(Ljava/lang/CharSequence;I)I @ 31 c2
Event: 161.626 Thread 0x0000024c5f8c49b0 DEOPT PACKING pc=0x0000024c3079d48c sp=0x0000007b84ef7690
Event: 161.642 Thread 0x0000024c5f8c49b0 DEOPT UNPACKING pc=0x0000024c300aa1a3 sp=0x0000007b84ef7638 mode 2

Classes loaded (20 events):
Event: 102.524 Loading class java/util/stream/ReduceOps$2
Event: 102.528 Loading class java/util/stream/ReduceOps$2 done
Event: 102.528 Loading class java/util/stream/ReduceOps$2ReducingSink
Event: 102.532 Loading class java/util/stream/ReduceOps$2ReducingSink done
Event: 102.706 Loading class java/lang/StringIndexOutOfBoundsException
Event: 102.802 Loading class java/lang/StringIndexOutOfBoundsException done
Event: 107.427 Loading class java/util/Collections$SynchronizedRandomAccessList
Event: 107.429 Loading class java/util/Collections$SynchronizedList
Event: 107.435 Loading class java/util/Collections$SynchronizedList done
Event: 107.435 Loading class java/util/Collections$SynchronizedRandomAccessList done
Event: 107.717 Loading class java/lang/invoke/BoundMethodHandle$Species_LLLLLLLLLLLLLLLLLLLLLLLL
Event: 107.718 Loading class java/lang/invoke/BoundMethodHandle$Species_LLLLLLLLLLLLLLLLLLLLLLLL done
Event: 109.606 Loading class java/util/ArrayList$ListItr
Event: 109.607 Loading class java/util/ArrayList$ListItr done
Event: 153.578 Loading class java/util/concurrent/atomic/AtomicReferenceFieldUpdater
Event: 153.599 Loading class java/util/concurrent/atomic/AtomicReferenceFieldUpdater done
Event: 153.602 Loading class java/util/concurrent/atomic/AtomicReferenceFieldUpdater$AtomicReferenceFieldUpdaterImpl
Event: 153.641 Loading class java/util/concurrent/atomic/AtomicReferenceFieldUpdater$AtomicReferenceFieldUpdaterImpl done
Event: 153.642 Loading class java/util/concurrent/atomic/AtomicReferenceFieldUpdater$AtomicReferenceFieldUpdaterImpl$1
Event: 153.643 Loading class java/util/concurrent/atomic/AtomicReferenceFieldUpdater$AtomicReferenceFieldUpdaterImpl$1 done

Classes unloaded (0 events):
No events

Classes redefined (0 events):
No events

Internal exceptions (20 events):
Event: 107.211 Thread 0x0000024c5f8c49b0 Exception <a 'java/lang/NoSuchMethodError'{0x0000000082d2ccd8}: 'java.lang.Object java.lang.invoke.Invokers$Holder.invoker(java.lang.Object, java.lang.Object, java.lang.Object, java.lang.Object, java.lang.Object, java.lang.Object)'> (0x0000000082d2ccd8) 
thrown [s\src\hotspot\share\interpreter\linkResolver.cpp, line 759]
Event: 107.368 Thread 0x0000024c5f8c49b0 Exception <a 'java/lang/NoSuchMethodError'{0x0000000082dc0648}: 'java.lang.Object java.lang.invoke.Invokers$Holder.invoker(java.lang.Object, java.lang.Object, java.lang.Object, java.lang.Object)'> (0x0000000082dc0648) 
thrown [s\src\hotspot\share\interpreter\linkResolver.cpp, line 759]
Event: 107.592 Thread 0x0000024c5f8c49b0 Exception <a 'java/lang/NoSuchMethodError'{0x0000000083d825a8}: 'java.lang.Object java.lang.invoke.Invokers$Holder.invoker(java.lang.Object, java.lang.Object, java.lang.Object, java.lang.Object, java.lang.Object)'> (0x0000000083d825a8) 
thrown [s\src\hotspot\share\interpreter\linkResolver.cpp, line 759]
Event: 107.626 Thread 0x0000024c5f8c49b0 Exception <a 'java/lang/NoSuchMethodError'{0x0000000083da1270}: 'java.lang.Object java.lang.invoke.DirectMethodHandle$Holder.invokeSpecial(java.lang.Object, java.lang.Object, java.lang.Object, java.lang.Object, java.lang.Object, java.lang.Object, java.lang.Object, java.lang.Object, java.lang.Object, java.lang.Object, java.lang.Object, java.lang.Object, java.lang.Object, java.lang.Object, java.lang.Object, java.lang.Object, java.lang.Object, java.lang.Object, java.lang.Object, java.lang.Object, java.lang.Ob
Event: 107.627 Thread 0x0000024c5f8c49b0 Exception <a 'java/lang/NoSuchMethodError'{0x0000000083da7780}: 'java.lang.Object java.lang.invoke.DelegatingMethodHandle$Holder.reinvoke_L(java.lang.Object, java.lang.Object, java.lang.Object, java.lang.Object, java.lang.Object, java.lang.Object, java.lang.Object, java.lang.Object, java.lang.Object, java.lang.Object, java.lang.Object, java.lang.Object, java.lang.Object, java.lang.Object, java.lang.Object, java.lang.Object, java.lang.Object, java.lang.Object, java.lang.Object, java.lang.Object, java.lang.O
Event: 107.633 Thread 0x0000024c5f8c49b0 Exception <a 'java/lang/NoSuchMethodError'{0x0000000083db3470}: 'java.lang.Object java.lang.invoke.Invokers$Holder.invoker(java.lang.Object, java.lang.Object, java.lang.Object, java.lang.Object, java.lang.Object, java.lang.Object, java.lang.Object, java.lang.Object, java.lang.Object, java.lang.Object, java.lang.Object, java.lang.Object, java.lang.Object, java.lang.Object, java.lang.Object, java.lang.Object, java.lang.Object, java.lang.Object, java.lang.Object, java.lang.Object, java.lang.Object, java.lang.
Event: 107.634 Thread 0x0000024c5f8c49b0 Exception <a 'java/lang/NoSuchMethodError'{0x0000000083dba318}: 'java.lang.Object java.lang.invoke.DelegatingMethodHandle$Holder.delegate(java.lang.Object, java.lang.Object, java.lang.Object, java.lang.Object, java.lang.Object, java.lang.Object, java.lang.Object, java.lang.Object, java.lang.Object, java.lang.Object, java.lang.Object, java.lang.Object, java.lang.Object, java.lang.Object, java.lang.Object, java.lang.Object, java.lang.Object, java.lang.Object, java.lang.Object, java.lang.Object, java.lang.Obj
Event: 107.739 Thread 0x0000024c5f8c49b0 Exception <a 'java/lang/NoSuchMethodError'{0x0000000083c87ad0}: 'java.lang.Object java.lang.invoke.DirectMethodHandle$Holder.invokeStatic(java.lang.Object, java.lang.Object, java.lang.Object, java.lang.Object, java.lang.Object, java.lang.Object, java.lang.Object, java.lang.Object, java.lang.Object, java.lang.Object, java.lang.Object, java.lang.Object, java.lang.Object, java.lang.Object, java.lang.Object, java.lang.Object, java.lang.Object, java.lang.Object, java.lang.Object, java.lang.Object, java.lang.Obj
Event: 109.491 Thread 0x0000024c5f8c49b0 Exception <a 'java/lang/NoSuchMethodError'{0x0000000084a5d870}: 'java.lang.Object java.lang.invoke.DirectMethodHandle$Holder.newInvokeSpecial(java.lang.Object, java.lang.Object, java.lang.Object, java.lang.Object, int)'> (0x0000000084a5d870) 
thrown [s\src\hotspot\share\interpreter\linkResolver.cpp, line 759]
Event: 109.492 Thread 0x0000024c5f8c49b0 Exception <a 'java/lang/NoSuchMethodError'{0x0000000084a63030}: 'java.lang.Object java.lang.invoke.DirectMethodHandle$Holder.invokeSpecial(java.lang.Object, java.lang.Object, java.lang.Object, java.lang.Object, java.lang.Object, int)'> (0x0000000084a63030) 
thrown [s\src\hotspot\share\interpreter\linkResolver.cpp, line 759]
Event: 109.493 Thread 0x0000024c5f8c49b0 Exception <a 'java/lang/NoSuchMethodError'{0x0000000084a67fb0}: 'java.lang.Object java.lang.invoke.Invokers$Holder.linkToTargetMethod(java.lang.Object, java.lang.Object, java.lang.Object, int, java.lang.Object)'> (0x0000000084a67fb0) 
thrown [s\src\hotspot\share\interpreter\linkResolver.cpp, line 759]
Event: 109.769 Thread 0x0000024c5f8c49b0 Exception <a 'java/lang/NoSuchMethodError'{0x00000000846d9890}: 'int java.lang.invoke.DirectMethodHandle$Holder.invokeInterface(java.lang.Object, java.lang.Object, java.lang.Object, java.lang.Object)'> (0x00000000846d9890) 
thrown [s\src\hotspot\share\interpreter\linkResolver.cpp, line 759]
Event: 109.969 Thread 0x0000024c5f8c49b0 Exception <a 'java/lang/NoSuchMethodError'{0x000000008438bae8}: 'java.lang.Object java.lang.invoke.DirectMethodHandle$Holder.invokeStatic(java.lang.Object, long, java.lang.Object)'> (0x000000008438bae8) 
thrown [s\src\hotspot\share\interpreter\linkResolver.cpp, line 759]
Event: 109.985 Thread 0x0000024c5f8c49b0 Exception <a 'java/lang/NoSuchMethodError'{0x0000000084394138}: 'java.lang.Object java.lang.invoke.DirectMethodHandle$Holder.newInvokeSpecial(java.lang.Object, long)'> (0x0000000084394138) 
thrown [s\src\hotspot\share\interpreter\linkResolver.cpp, line 759]
Event: 110.407 Thread 0x0000024c5f8c49b0 Exception <a 'java/lang/NoSuchMethodError'{0x00000000843f4790}: 'java.lang.Object java.lang.invoke.DirectMethodHandle$Holder.newInvokeSpecial(java.lang.Object, java.lang.Object, java.lang.Object, java.lang.Object, java.lang.Object, long)'> (0x00000000843f4790) 
thrown [s\src\hotspot\share\interpreter\linkResolver.cpp, line 759]
Event: 110.431 Thread 0x0000024c5f8c49b0 Exception <a 'java/lang/NoSuchMethodError'{0x00000000843fa148}: 'java.lang.Object java.lang.invoke.DirectMethodHandle$Holder.invokeSpecial(java.lang.Object, java.lang.Object, java.lang.Object, java.lang.Object, java.lang.Object, java.lang.Object, long)'> (0x00000000843fa148) 
thrown [s\src\hotspot\share\interpreter\linkResolver.cpp, line 759]
Event: 110.511 Thread 0x0000024c5f8c49b0 Exception <a 'java/lang/NoSuchMethodError'{0x0000000084248988}: 'java.lang.Object java.lang.invoke.DirectMethodHandle$Holder.newInvokeSpecial(java.lang.Object, java.lang.Object, java.lang.Object, long)'> (0x0000000084248988) 
thrown [s\src\hotspot\share\interpreter\linkResolver.cpp, line 759]
Event: 110.538 Thread 0x0000024c5f8c49b0 Exception <a 'java/lang/NoSuchMethodError'{0x000000008424ded0}: 'java.lang.Object java.lang.invoke.DirectMethodHandle$Holder.invokeSpecial(java.lang.Object, java.lang.Object, java.lang.Object, java.lang.Object, long)'> (0x000000008424ded0) 
thrown [s\src\hotspot\share\interpreter\linkResolver.cpp, line 759]
Event: 110.552 Thread 0x0000024c5f8c49b0 Exception <a 'java/lang/NoSuchMethodError'{0x0000000084252b00}: 'java.lang.Object java.lang.invoke.Invokers$Holder.linkToTargetMethod(java.lang.Object, java.lang.Object, long, java.lang.Object)'> (0x0000000084252b00) 
thrown [s\src\hotspot\share\interpreter\linkResolver.cpp, line 759]
Event: 150.582 Thread 0x0000024c5f8c49b0 Implicit null exception at 0x0000024c307cb36c to 0x0000024c307cb41c

VM Operations (20 events):
Event: 132.205 Executing VM operation: Cleanup
Event: 132.220 Executing VM operation: Cleanup done
Event: 139.309 Executing VM operation: Cleanup
Event: 139.368 Executing VM operation: Cleanup done
Event: 141.372 Executing VM operation: Cleanup
Event: 141.481 Executing VM operation: Cleanup done
Event: 142.492 Executing VM operation: Cleanup
Event: 142.664 Executing VM operation: Cleanup done
Event: 148.725 Executing VM operation: Cleanup
Event: 148.803 Executing VM operation: Cleanup done
Event: 150.819 Executing VM operation: Cleanup
Event: 150.835 Executing VM operation: Cleanup done
Event: 151.847 Executing VM operation: Cleanup
Event: 151.847 Executing VM operation: Cleanup done
Event: 153.869 Executing VM operation: Cleanup
Event: 153.963 Executing VM operation: Cleanup done
Event: 162.057 Executing VM operation: Cleanup
Event: 162.106 Executing VM operation: Cleanup done
Event: 163.119 Executing VM operation: Cleanup
Event: 163.150 Executing VM operation: Cleanup done

Memory protections (0 events):
No events

Nmethod flushes (0 events):
No events

Events (20 events):
Event: 6.815 Thread 0x0000024c5ecbe150 Thread added: 0x0000024c5ed7f420
Event: 6.839 Thread 0x0000024c5ed7f420 Thread added: 0x0000024c5fb17ad0
Event: 7.209 Thread 0x0000024c5ed7f420 Thread added: 0x0000024c5f8c3f90
Event: 7.244 Thread 0x0000024c5ed7f420 Thread added: 0x0000024c5f8c49b0
Event: 7.299 Thread 0x0000024c5f8c49b0 Thread added: 0x0000024c5f8c44a0
Event: 7.310 Thread 0x0000024c5f8c49b0 Thread added: 0x0000024c5f8c3570
Event: 7.314 Thread 0x0000024c5f8c49b0 Thread added: 0x0000024c5f8c6810
Event: 9.244 Thread 0x0000024c5f8c49b0 Thread added: 0x0000024c5f8c4ec0
Event: 9.397 Thread 0x0000024c5f8c49b0 Thread added: 0x0000024c5f8c53d0
Event: 11.394 Thread 0x0000024c5f8c49b0 Thread added: 0x0000024c5f8c58e0
Event: 34.024 Thread 0x0000024c5f8c49b0 Thread added: 0x0000024c5f8c3a80
Event: 34.166 Thread 0x0000024c5f8c49b0 Thread added: 0x0000024c5f8c3060
Event: 62.242 Thread 0x0000024c5f8c49b0 Thread added: 0x0000024c5f8c6300
Event: 62.481 Thread 0x0000024c5f8c49b0 Thread added: 0x0000024c5f8c5df0
Event: 66.205 Thread 0x0000024c5f8c49b0 Thread added: 0x0000024c60729910
Event: 66.327 Thread 0x0000024c5f8c49b0 Thread added: 0x0000024c60727fc0
Event: 67.282 Thread 0x0000024c5f8c49b0 Thread added: 0x0000024c60727090
Event: 67.906 Thread 0x0000024c5f8c49b0 Thread added: 0x0000024c607284d0
Event: 90.394 Thread 0x0000024c5f8c49b0 Thread added: 0x0000024c60728ef0
Event: 103.974 Thread 0x0000024c5f8c49b0 Thread added: 0x0000024c60729400


Dynamic libraries:
0x00007ff7bed10000 - 0x00007ff7bed1e000 	C:\Program Files\OpenLogic\jdk-17.0.14.7-hotspot\bin\java.exe
0x00007fff60320000 - 0x00007fff60585000 	C:\WINDOWS\SYSTEM32\ntdll.dll
0x00007fff5eb40000 - 0x00007fff5ec09000 	C:\WINDOWS\System32\KERNEL32.DLL
0x00007fff5dcd0000 - 0x00007fff5e0b8000 	C:\WINDOWS\System32\KERNELBASE.dll
0x00007fff5d470000 - 0x00007fff5d5bb000 	C:\WINDOWS\System32\ucrtbase.dll
0x00007fff4b200000 - 0x00007fff4b217000 	C:\Program Files\OpenLogic\jdk-17.0.14.7-hotspot\bin\jli.dll
0x00007fff5ffa0000 - 0x00007fff6016a000 	C:\WINDOWS\System32\USER32.dll
0x00007fff4b220000 - 0x00007fff4b23b000 	C:\Program Files\OpenLogic\jdk-17.0.14.7-hotspot\bin\VCRUNTIME140.dll
0x00007fff5db60000 - 0x00007fff5db87000 	C:\WINDOWS\System32\win32u.dll
0x00007fff5e200000 - 0x00007fff5e22b000 	C:\WINDOWS\System32\GDI32.dll
0x00007fff45eb0000 - 0x00007fff4614a000 	C:\WINDOWS\WinSxS\amd64_microsoft.windows.common-controls_6595b64144ccf1df_6.0.26100.4202_none_3e0698d4e335f517\COMCTL32.dll
0x00007fff5ecd0000 - 0x00007fff5ed79000 	C:\WINDOWS\System32\msvcrt.dll
0x00007fff5d980000 - 0x00007fff5dab7000 	C:\WINDOWS\System32\gdi32full.dll
0x00007fff5dc20000 - 0x00007fff5dcc3000 	C:\WINDOWS\System32\msvcp_win.dll
0x00007fff5e890000 - 0x00007fff5e8c0000 	C:\WINDOWS\System32\IMM32.DLL
0x00007fff56d80000 - 0x00007fff56d8c000 	C:\Program Files\OpenLogic\jdk-17.0.14.7-hotspot\bin\vcruntime140_1.dll
0x00007ffefcb10000 - 0x00007ffefcb9d000 	C:\Program Files\OpenLogic\jdk-17.0.14.7-hotspot\bin\msvcp140.dll
0x00007ffecdee0000 - 0x00007ffeceb4c000 	C:\Program Files\OpenLogic\jdk-17.0.14.7-hotspot\bin\server\jvm.dll
0x00007fff5e5b0000 - 0x00007fff5e663000 	C:\WINDOWS\System32\ADVAPI32.dll
0x00007fff5ec20000 - 0x00007fff5ecc6000 	C:\WINDOWS\System32\sechost.dll
0x00007fff5e0c0000 - 0x00007fff5e1d5000 	C:\WINDOWS\System32\RPCRT4.dll
0x00007fff60260000 - 0x00007fff602d4000 	C:\WINDOWS\System32\WS2_32.dll
0x00007fff5d2c0000 - 0x00007fff5d31e000 	C:\WINDOWS\SYSTEM32\POWRPROF.dll
0x00007fff57170000 - 0x00007fff5717b000 	C:\WINDOWS\SYSTEM32\VERSION.dll
0x00007fff46150000 - 0x00007fff46185000 	C:\WINDOWS\SYSTEM32\WINMM.dll
0x00007fff5d2a0000 - 0x00007fff5d2b4000 	C:\WINDOWS\SYSTEM32\UMPDC.dll
0x00007fff5c230000 - 0x00007fff5c24b000 	C:\WINDOWS\SYSTEM32\kernel.appcore.dll
0x00007fff54c00000 - 0x00007fff54c0a000 	C:\Program Files\OpenLogic\jdk-17.0.14.7-hotspot\bin\jimage.dll
0x00007fff57a30000 - 0x00007fff57c71000 	C:\WINDOWS\SYSTEM32\DBGHELP.DLL
0x00007fff5f5c0000 - 0x00007fff5f945000 	C:\WINDOWS\System32\combase.dll
0x00007fff60170000 - 0x00007fff60251000 	C:\WINDOWS\System32\OLEAUT32.dll
0x00007fff402b0000 - 0x00007fff402e9000 	C:\WINDOWS\SYSTEM32\dbgcore.DLL
0x00007fff5dac0000 - 0x00007fff5db59000 	C:\WINDOWS\System32\bcryptPrimitives.dll
0x00007fff4b240000 - 0x00007fff4b24e000 	C:\Program Files\OpenLogic\jdk-17.0.14.7-hotspot\bin\instrument.dll
0x00007fff4b010000 - 0x00007fff4b035000 	C:\Program Files\OpenLogic\jdk-17.0.14.7-hotspot\bin\java.dll
0x00007ffef4f00000 - 0x00007ffef4fd6000 	C:\Program Files\OpenLogic\jdk-17.0.14.7-hotspot\bin\jsvml.dll
0x00007fff5ed80000 - 0x00007fff5f4c2000 	C:\WINDOWS\System32\SHELL32.dll
0x00007fff5d680000 - 0x00007fff5d7f4000 	C:\WINDOWS\System32\wintypes.dll
0x00007fff5b110000 - 0x00007fff5b968000 	C:\WINDOWS\SYSTEM32\windows.storage.dll
0x00007fff5e9c0000 - 0x00007fff5eab1000 	C:\WINDOWS\System32\SHCORE.dll
0x00007fff5f4d0000 - 0x00007fff5f53a000 	C:\WINDOWS\System32\shlwapi.dll
0x00007fff5d380000 - 0x00007fff5d3af000 	C:\WINDOWS\SYSTEM32\profapi.dll
0x00007fff39c40000 - 0x00007fff39c58000 	C:\Program Files\OpenLogic\jdk-17.0.14.7-hotspot\bin\zip.dll
0x00007fff4aff0000 - 0x00007fff4b009000 	C:\Program Files\OpenLogic\jdk-17.0.14.7-hotspot\bin\net.dll
0x00007fff4d0a0000 - 0x00007fff4d1be000 	C:\WINDOWS\SYSTEM32\WINHTTP.dll
0x00007fff5c7a0000 - 0x00007fff5c80a000 	C:\WINDOWS\system32\mswsock.dll
0x00007fff39d50000 - 0x00007fff39d66000 	C:\Program Files\OpenLogic\jdk-17.0.14.7-hotspot\bin\nio.dll
0x00007fff4b2c0000 - 0x00007fff4b2d0000 	C:\Program Files\OpenLogic\jdk-17.0.14.7-hotspot\bin\verify.dll
0x00007fff3f5e0000 - 0x00007fff3f607000 	C:\Users\Kuldeep\.gradle\native\c067742578af261105cb4f569cf0c3c89f3d7b1fecec35dd04571415982c5e48\windows-amd64\native-platform.dll
0x00007ffef6d10000 - 0x00007ffef6e54000 	C:\Users\Kuldeep\.gradle\native\100fb08df4bc3b14c8652ba06237920a3bd2aa13389f12d3474272988ae205f9\windows-amd64\native-platform-file-events.dll
0x00007fff54b60000 - 0x00007fff54b69000 	C:\Program Files\OpenLogic\jdk-17.0.14.7-hotspot\bin\management.dll
0x00007fff4d2f0000 - 0x00007fff4d2fb000 	C:\Program Files\OpenLogic\jdk-17.0.14.7-hotspot\bin\management_ext.dll
0x00007fff5e4f0000 - 0x00007fff5e4f8000 	C:\WINDOWS\System32\PSAPI.DLL
0x00007fff5ca50000 - 0x00007fff5ca6b000 	C:\WINDOWS\SYSTEM32\CRYPTSP.dll
0x00007fff5c190000 - 0x00007fff5c1ca000 	C:\WINDOWS\system32\rsaenh.dll
0x00007fff5c840000 - 0x00007fff5c86b000 	C:\WINDOWS\SYSTEM32\USERENV.dll
0x00007fff5d350000 - 0x00007fff5d376000 	C:\WINDOWS\SYSTEM32\bcrypt.dll
0x00007fff5ca70000 - 0x00007fff5ca7c000 	C:\WINDOWS\SYSTEM32\CRYPTBASE.dll
0x00007fff5bcb0000 - 0x00007fff5bce3000 	C:\WINDOWS\SYSTEM32\IPHLPAPI.DLL
0x00007fff5e230000 - 0x00007fff5e23a000 	C:\WINDOWS\System32\NSI.dll
0x00007fff4d920000 - 0x00007fff4d93f000 	C:\WINDOWS\SYSTEM32\dhcpcsvc6.DLL
0x00007fff4dc80000 - 0x00007fff4dca5000 	C:\WINDOWS\SYSTEM32\dhcpcsvc.DLL
0x00007fff5bd50000 - 0x00007fff5be77000 	C:\WINDOWS\SYSTEM32\DNSAPI.dll
0x00007fff4b1f0000 - 0x00007fff4b1f8000 	C:\Program Files\OpenLogic\jdk-17.0.14.7-hotspot\bin\extnet.dll
0x00007fff4b2b0000 - 0x00007fff4b2be000 	C:\Program Files\OpenLogic\jdk-17.0.14.7-hotspot\bin\sunmscapi.dll
0x00007fff5d800000 - 0x00007fff5d977000 	C:\WINDOWS\System32\CRYPT32.dll
0x00007fff5cc70000 - 0x00007fff5cca0000 	C:\WINDOWS\SYSTEM32\ncrypt.dll
0x00007fff5cc20000 - 0x00007fff5cc5f000 	C:\WINDOWS\SYSTEM32\NTASN1.dll
0x00007fff54b20000 - 0x00007fff54b28000 	C:\WINDOWS\system32\wshunix.dll

dbghelp: loaded successfully - version: 4.0.5 - missing functions: none
symbol engine: initialized successfully - sym options: 0x614 - pdb path: .;C:\Program Files\OpenLogic\jdk-17.0.14.7-hotspot\bin;C:\WINDOWS\SYSTEM32;C:\WINDOWS\WinSxS\amd64_microsoft.windows.common-controls_6595b64144ccf1df_6.0.26100.4202_none_3e0698d4e335f517;C:\Program Files\OpenLogic\jdk-17.0.14.7-hotspot\bin\server;C:\Users\Kuldeep\.gradle\native\c067742578af261105cb4f569cf0c3c89f3d7b1fecec35dd04571415982c5e48\windows-amd64;C:\Users\Kuldeep\.gradle\native\100fb08df4bc3b14c8652ba06237920a3bd2aa13389f12d3474272988ae205f9\windows-amd64

VM Arguments:
jvm_args: -XX:MaxMetaspaceSize=512m --add-opens=java.base/java.util=ALL-UNNAMED --add-opens=java.base/java.lang=ALL-UNNAMED --add-opens=java.base/java.lang.invoke=ALL-UNNAMED --add-opens=java.prefs/java.util.prefs=ALL-UNNAMED --add-exports=jdk.compiler/com.sun.tools.javac.api=ALL-UNNAMED --add-exports=jdk.compiler/com.sun.tools.javac.util=ALL-UNNAMED --add-opens=java.base/java.nio.charset=ALL-UNNAMED --add-opens=java.base/java.net=ALL-UNNAMED --add-opens=java.base/java.util.concurrent.atomic=ALL-UNNAMED -Xmx2048m -Dfile.encoding=windows-1252 -Duser.country=IN -Duser.language=en -Duser.variant -javaagent:C:\Users\Kuldeep\.gradle\wrapper\dists\gradle-8.10.2-all\7iv73wktx1xtkvlq19urqw1wm\gradle-8.10.2\lib\agents\gradle-instrumentation-agent-8.10.2.jar 
java_command: org.gradle.launcher.daemon.bootstrap.GradleDaemon 8.10.2
java_class_path (initial): C:\Users\Kuldeep\.gradle\wrapper\dists\gradle-8.10.2-all\7iv73wktx1xtkvlq19urqw1wm\gradle-8.10.2\lib\gradle-daemon-main-8.10.2.jar
Launcher Type: SUN_STANDARD

[Global flags]
     intx CICompilerCount                          = 3                                         {product} {ergonomic}
   size_t CompressedClassSpaceSize                 = 436207616                                 {product} {ergonomic}
     uint ConcGCThreads                            = 1                                         {product} {ergonomic}
     uint G1ConcRefinementThreads                  = 4                                         {product} {ergonomic}
   size_t G1HeapRegionSize                         = 1048576                                   {product} {ergonomic}
    uintx GCDrainStackTargetSize                   = 64                                        {product} {ergonomic}
   size_t InitialHeapSize                          = 65011712                                  {product} {ergonomic}
   size_t MarkStackSize                            = 4194304                                   {product} {ergonomic}
   size_t MaxHeapSize                              = 2147483648                                {product} {command line}
   size_t MaxMetaspaceSize                         = 536870912                                 {product} {command line}
   size_t MaxNewSize                               = 1287651328                                {product} {ergonomic}
   size_t MinHeapDeltaBytes                        = 1048576                                   {product} {ergonomic}
   size_t MinHeapSize                              = 8388608                                   {product} {ergonomic}
    uintx NonNMethodCodeHeapSize                   = 5832780                                {pd product} {ergonomic}
    uintx NonProfiledCodeHeapSize                  = 122912730                              {pd product} {ergonomic}
    uintx ProfiledCodeHeapSize                     = 122912730                              {pd product} {ergonomic}
    uintx ReservedCodeCacheSize                    = 251658240                              {pd product} {ergonomic}
     bool SegmentedCodeCache                       = true                                      {product} {ergonomic}
   size_t SoftMaxHeapSize                          = 2147483648                             {manageable} {ergonomic}
     bool UseCompressedClassPointers               = true                           {product lp64_product} {ergonomic}
     bool UseCompressedOops                        = true                           {product lp64_product} {ergonomic}
     bool UseG1GC                                  = true                                      {product} {ergonomic}
     bool UseLargePagesIndividualAllocation        = false                                  {pd product} {ergonomic}

Logging:
Log output configuration:
 #0: stdout all=warning uptime,level,tags
 #1: stderr all=off uptime,level,tags

Environment Variables:
JAVA_HOME=C:\Program Files\OpenLogic\jdk-17.0.14.7-hotspot
CLASSPATH=C:\Users\Kuldeep\Touch-Comeback\android\\gradle\wrapper\gradle-wrapper.jar
PATH=C:\Users\Kuldeep\Touch-Comeback\node_modules\.bin;C:\Users\Kuldeep\Touch-Comeback\node_modules\.bin;C:\Users\Kuldeep\node_modules\.bin;C:\Users\node_modules\.bin;C:\node_modules\.bin;C:\Users\Kuldeep\AppData\Local\nvm\v18.20.8\node_modules\npm\node_modules\@npmcli\run-script\lib\node-gyp-bin;C:\Program Files\OpenLogic\jdk-17.0.14.7-hotspot\bin;C:\WINDOWS\system32;C:\WINDOWS;C:\WINDOWS\System32\Wbem;C:\WINDOWS\System32\WindowsPowerShell\v1.0\;C:\WINDOWS\System32\OpenSSH\;C:\Program Files\Microsoft SQL Server\150\Tools\Binn\;C:\Program Files\Microsoft SQL Server\Client SDK\ODBC\170\Tools\Binn\;C:\Program Files\dotnet\;C:\WINDOWS\system32;C:\WINDOWS;C:\WINDOWS\System32\Wbem;C:\WINDOWS\System32\WindowsPowerShell\v1.0\;C:\WINDOWS\System32\OpenSSH\;C:\MinGW\bin;C:\Users\Kuldeep\AppData\Local\Android\Sdk;C:\Users\Kuldeep\AppData\Local\Android\Sdk\tools\bin;C:\Users\Kuldeep\AppData\Local\Android\Sdk\emulator;C:\Users\Kuldeep\AppData\Local\Android\Sdk\platform-tools;C:\Program Files\Git\cmd;C:\ProgramData\chocolatey\bin;C:\Users\Kuldeep\AppData\Local\nvm;C:\nvm4w\nodejs;C:\Program Files\MongoDB\Server\6.0\bin;C:\Program Files (x86)\cloudflared\;C:\Program Files\MySQL\MySQL Shell 8.0\bin\;C:\Users\Kuldeep\AppData\Local\Android\Sdk\platform-tools;C:\Users\Kuldeep\AppData\Local\Android\Sdk\tools;C:\Users\Kuldeep\AppData\Local\jdk-11.0.2\bin;C:\Users\Kuldeep\AppData\Local\Programs\Python\Python312\Scripts\;C:\Users\Kuldeep\AppData\Local\Programs\Python\Python312\;C:\Users\Kuldeep\AppData\Local\Microsoft\WindowsApps;C:\Users\Kuldeep\.dotnet\tools;C:\Users\Kuldeep\AppData\Local\Programs\Microsoft VS Code\bin;C:\Users\Kuldeep\AppData\Local\GitHubDesktop\bin;C:\Program Files\OpenLogic\jdk-11.0.25.9-hotspot;C:\Users\Kuldeep\AppData\Local\Android\Sdk;C:\Users\Kuldeep\AppData\Local\Android\Sdk\tools\bin;C:\Users\Kuldeep\AppData\Local\Android\Sdk\emulator;C:\Users\Kuldeep\AppData\Local\Microsoft\WinGet\Packages\Schniz.fnm_Microsoft.Winget.Source_8wekyb3d8bbwe;C:\Users\Kuldeep\AppData\Local\nvm;C:\nvm4w\nodejs;C:\Program Files\MongoDB\Server\6.0\bin;
USERNAME=Kuldeep
LANG=en_US.UTF-8
OS=Windows_NT
PROCESSOR_IDENTIFIER=Intel64 Family 6 Model 126 Stepping 5, GenuineIntel
TMP=C:\Users\Kuldeep\AppData\Local\Temp
TEMP=C:\Users\Kuldeep\AppData\Local\Temp



Periodic native trim disabled


---------------  S Y S T E M  ---------------

OS:
 Windows 11 , 64 bit Build 26100 (10.0.26100.4202)
OS uptime: 2 days 11:18 hours

CPU: total 4 (initial active 4) (2 cores per cpu, 2 threads per core) family 6 model 126 stepping 5 microcode 0x86, cx8, cmov, fxsr, ht, mmx, 3dnowpref, sse, sse2, sse3, ssse3, sse4.1, sse4.2, popcnt, lzcnt, tsc, tscinvbit, avx, avx2, aes, erms, clmul, bmi1, bmi2, adx, avx512f, avx512dq, avx512cd, avx512bw, avx512vl, sha, fma, vzeroupper, avx512_vpopcntdq, avx512_vpclmulqdq, avx512_vaes, avx512_vnni, clflush, clflushopt, avx512_vbmi2, avx512_vbmi
Processor Information for all 4 processors :
  Max Mhz: 1190, Current Mhz: 1190, Mhz Limit: 1190

Memory: 4k page, system-wide physical 3871M (200M free)
TotalPageFile size 15647M (AvailPageFile size 123M)
current process WorkingSet (physical memory assigned to process): 46M, peak: 148M
current process commit charge ("private bytes"): 243M, peak: 244M

vm_info: OpenJDK 64-Bit Server VM (17.0.14+7-adhoc..jdk17u) for windows-amd64 JRE (17.0.14+7-adhoc..jdk17u), built on Jan 22 2025 11:06:43 by "" with MS VC++ 16.10 / 16.11 (VS2019)

END.
