#
# There is insufficient memory for the Java Runtime Environment to continue.
# Native memory allocation (malloc) failed to allocate 1258816 bytes. Error detail: Chunk::new
# Possible reasons:
#   The system is out of physical RAM or swap space
#   This process is running with CompressedOops enabled, and the Java Heap may be blocking the growth of the native heap
# Possible solutions:
#   Reduce memory load on the system
#   Increase physical memory or swap space
#   Check if swap backing store is full
#   Decrease Java heap size (-Xmx/-Xms)
#   Decrease number of Java threads
#   Decrease Java thread stack sizes (-Xss)
#   Set larger code cache with -XX:ReservedCodeCacheSize=
#   JVM is running with Unscaled Compressed Oops mode in which the Java heap is
#     placed in the first 4GB address space. The Java Heap base address is the
#     maximum limit for the native heap growth. Please use -XX:HeapBaseMinAddress
#     to set the Java Heap base and to place the Java Heap above 4GB virtual address.
# This output file may be truncated or incomplete.
#
#  Out of Memory Error (arena.cpp:191), pid=20280, tid=16244
#
# JRE version: OpenJDK Runtime Environment OpenLogic-OpenJDK (17.0.14+7) (build 17.0.14+7-adhoc..jdk17u)
# Java VM: OpenJDK 64-Bit Server VM OpenLogic-OpenJDK (17.0.14+7-adhoc..jdk17u, mixed mode, sharing, tiered, compressed oops, compressed class ptrs, g1 gc, windows-amd64)
# No core dump will be written. Minidumps are not enabled by default on client versions of Windows
#

---------------  S U M M A R Y ------------

Command Line: -XX:MaxMetaspaceSize=512m --add-opens=java.base/java.util=ALL-UNNAMED --add-opens=java.base/java.lang=ALL-UNNAMED --add-opens=java.base/java.lang.invoke=ALL-UNNAMED --add-opens=java.prefs/java.util.prefs=ALL-UNNAMED --add-exports=jdk.compiler/com.sun.tools.javac.api=ALL-UNNAMED --add-exports=jdk.compiler/com.sun.tools.javac.util=ALL-UNNAMED --add-opens=java.base/java.nio.charset=ALL-UNNAMED --add-opens=java.base/java.net=ALL-UNNAMED --add-opens=java.base/java.util.concurrent.atomic=ALL-UNNAMED -Xmx2048m -Dfile.encoding=windows-1252 -Duser.country=IN -Duser.language=en -Duser.variant -javaagent:C:\Users\Kuldeep\.gradle\wrapper\dists\gradle-8.10.2-all\7iv73wktx1xtkvlq19urqw1wm\gradle-8.10.2\lib\agents\gradle-instrumentation-agent-8.10.2.jar org.gradle.launcher.daemon.bootstrap.GradleDaemon 8.10.2

Host: Intel(R) Core(TM) i3-1005G1 CPU @ 1.20GHz, 4 cores, 3G,  Windows 11 , 64 bit Build 26100 (10.0.26100.4202)
Time: Mon Jun 30 11:38:52 2025 India Standard Time elapsed time: 93.415339 seconds (0d 0h 1m 33s)

---------------  T H R E A D  ---------------

Current thread (0x000001e66233c620):  JavaThread "C2 CompilerThread0" daemon [_thread_in_native, id=16244, stack(0x0000008878500000,0x0000008878600000)]


Current CompileTask:
C2:  93415 12101       4       java.beans.MethodRef::set (58 bytes)

Stack: [0x0000008878500000,0x0000008878600000]
Native frames: (J=compiled Java code, j=interpreted, Vv=VM code, C=native code)
V  [jvm.dll+0x681069]
V  [jvm.dll+0x838cca]
V  [jvm.dll+0x83a78e]
V  [jvm.dll+0x83adf3]
V  [jvm.dll+0x24826f]
V  [jvm.dll+0xac9f4]
V  [jvm.dll+0xad03c]
V  [jvm.dll+0x2af8ef]
V  [jvm.dll+0x5874f7]
V  [jvm.dll+0x2230d2]
V  [jvm.dll+0x2234cf]
V  [jvm.dll+0x21c5e0]
V  [jvm.dll+0x219ae1]
V  [jvm.dll+0x1a599d]
V  [jvm.dll+0x22994d]
V  [jvm.dll+0x227adc]
V  [jvm.dll+0x7edb77]
V  [jvm.dll+0x7e7f6c]
V  [jvm.dll+0x67ff37]
C  [ucrtbase.dll+0x37b0]
C  [KERNEL32.DLL+0x2e8d7]
C  [ntdll.dll+0x3c34c]


---------------  P R O C E S S  ---------------

Threads class SMR info:
_java_thread_list=0x000001e606da0080, length=89, elements={
0x000001e641470810, 0x000001e66231c690, 0x000001e66231dcd0, 0x000001e662339fb0,
0x000001e66233a880, 0x000001e66233b150, 0x000001e66233ba20, 0x000001e66233c620,
0x000001e6623b36d0, 0x000001e6623b6f10, 0x000001e6623bead0, 0x000001e662605c30,
0x000001e67e6171f0, 0x000001e67f151040, 0x000001e67ea16770, 0x000001e67edb1960,
0x000001e67e9f39c0, 0x000001e67ea1cdd0, 0x000001e67ea1d2b0, 0x000001e67e259ea0,
0x000001e67e25a3b0, 0x000001e67e25a8c0, 0x000001e67e25add0, 0x000001e604597850,
0x000001e604597d60, 0x000001e604597340, 0x000001e604598270, 0x000001e604598780,
0x000001e604596e30, 0x000001e60459aaf0, 0x000001e604598c90, 0x000001e604599bc0,
0x000001e60459c950, 0x000001e60459a0d0, 0x000001e60459d370, 0x000001e60459d880,
0x000001e60459dd90, 0x000001e60459e7b0, 0x000001e60459e2a0, 0x000001e60515a820,
0x000001e605158ed0, 0x000001e60515a310, 0x000001e605157070, 0x000001e6051598f0,
0x000001e605157580, 0x000001e605159e00, 0x000001e60515ad30, 0x000001e60515b240,
0x000001e6051589c0, 0x000001e605157a90, 0x000001e60515b750, 0x000001e60515e9f0,
0x000001e60515d0a0, 0x000001e60515cb90, 0x000001e60515c170, 0x000001e60515d5b0,
0x000001e60515c680, 0x000001e60515dac0, 0x000001e60515dfd0, 0x000001e67e259990,
0x000001e67e259480, 0x000001e60459ce60, 0x000001e6054b0db0, 0x000001e6054b08a0,
0x000001e6054b12c0, 0x000001e6054b1ce0, 0x000001e6054b4a70, 0x000001e6054b2c10,
0x000001e6054b4f80, 0x000001e6054b3120, 0x000001e6054b21f0, 0x000001e6054b3630,
0x000001e6054b17d0, 0x000001e6054b68d0, 0x000001e6054b5490, 0x000001e6054b6de0,
0x000001e6054b72f0, 0x000001e6054b5eb0, 0x000001e6054b3b40, 0x000001e6054b7800,
0x000001e6054b59a0, 0x000001e6054b63c0, 0x000001e6054b7d10, 0x000001e6054b4560,
0x000001e6054b8220, 0x000001e605c25710, 0x000001e605c247e0, 0x000001e605c238b0,
0x000001e605c26640
}

Java Threads: ( => current thread )
  0x000001e641470810 JavaThread "main" [_thread_blocked, id=19352, stack(0x0000008877800000,0x0000008877900000)]
  0x000001e66231c690 JavaThread "Reference Handler" daemon [_thread_blocked, id=4284, stack(0x0000008877f00000,0x0000008878000000)]
  0x000001e66231dcd0 JavaThread "Finalizer" daemon [_thread_blocked, id=21736, stack(0x0000008878000000,0x0000008878100000)]
  0x000001e662339fb0 JavaThread "Signal Dispatcher" daemon [_thread_blocked, id=13828, stack(0x0000008878100000,0x0000008878200000)]
  0x000001e66233a880 JavaThread "Attach Listener" daemon [_thread_blocked, id=12120, stack(0x0000008878200000,0x0000008878300000)]
  0x000001e66233b150 JavaThread "Service Thread" daemon [_thread_blocked, id=22856, stack(0x0000008878300000,0x0000008878400000)]
  0x000001e66233ba20 JavaThread "Monitor Deflation Thread" daemon [_thread_blocked, id=6196, stack(0x0000008878400000,0x0000008878500000)]
=>0x000001e66233c620 JavaThread "C2 CompilerThread0" daemon [_thread_in_native, id=16244, stack(0x0000008878500000,0x0000008878600000)]
  0x000001e6623b36d0 JavaThread "C1 CompilerThread0" daemon [_thread_blocked, id=18884, stack(0x0000008878600000,0x0000008878700000)]
  0x000001e6623b6f10 JavaThread "Sweeper thread" daemon [_thread_blocked, id=8984, stack(0x0000008878700000,0x0000008878800000)]
  0x000001e6623bead0 JavaThread "Common-Cleaner" daemon [_thread_blocked, id=22324, stack(0x0000008878800000,0x0000008878900000)]
  0x000001e662605c30 JavaThread "Notification Thread" daemon [_thread_blocked, id=19772, stack(0x0000008878900000,0x0000008878a00000)]
  0x000001e67e6171f0 JavaThread "Daemon health stats" [_thread_blocked, id=10280, stack(0x0000008878e00000,0x0000008878f00000)]
  0x000001e67f151040 JavaThread "Incoming local TCP Connector on port 60076" [_thread_in_native, id=2944, stack(0x0000008878f00000,0x0000008879000000)]
  0x000001e67ea16770 JavaThread "Daemon periodic checks" [_thread_blocked, id=19656, stack(0x0000008879000000,0x0000008879100000)]
  0x000001e67edb1960 JavaThread "Daemon" [_thread_blocked, id=20336, stack(0x0000008879100000,0x0000008879200000)]
  0x000001e67e9f39c0 JavaThread "Handler for socket connection from /127.0.0.1:60076 to /127.0.0.1:60077" [_thread_in_native, id=18816, stack(0x0000008879200000,0x0000008879300000)]
  0x000001e67ea1cdd0 JavaThread "Cancel handler" [_thread_blocked, id=19016, stack(0x0000008879300000,0x0000008879400000)]
  0x000001e67ea1d2b0 JavaThread "Daemon worker" [_thread_in_vm, id=1352, stack(0x0000008879400000,0x0000008879500000)]
  0x000001e67e259ea0 JavaThread "Asynchronous log dispatcher for DefaultDaemonConnection: socket connection from /127.0.0.1:60076 to /127.0.0.1:60077" [_thread_blocked, id=18316, stack(0x0000008879500000,0x0000008879600000)]
  0x000001e67e25a3b0 JavaThread "Stdin handler" [_thread_blocked, id=20972, stack(0x0000008879600000,0x0000008879700000)]
  0x000001e67e25a8c0 JavaThread "Daemon client event forwarder" [_thread_blocked, id=16408, stack(0x0000008879700000,0x0000008879800000)]
  0x000001e67e25add0 JavaThread "Cache worker for journal cache (C:\Users\Kuldeep\.gradle\caches\journal-1)" [_thread_blocked, id=2036, stack(0x0000008879800000,0x0000008879900000)]
  0x000001e604597850 JavaThread "File lock request listener" [_thread_in_native, id=16792, stack(0x0000008879900000,0x0000008879a00000)]
  0x000001e604597d60 JavaThread "Cache worker for file hash cache (C:\Users\Kuldeep\.gradle\caches\8.10.2\fileHashes)" [_thread_blocked, id=17240, stack(0x0000008879a00000,0x0000008879b00000)]
  0x000001e604597340 JavaThread "Cache worker for file hash cache (C:\Users\Kuldeep\Touch-Comeback\android\.gradle\8.10.2\fileHashes)" [_thread_blocked, id=22492, stack(0x0000008879b00000,0x0000008879c00000)]
  0x000001e604598270 JavaThread "Cache worker for Build Output Cleanup Cache (C:\Users\Kuldeep\Touch-Comeback\android\.gradle\buildOutputCleanup)" [_thread_blocked, id=16972, stack(0x0000008879c00000,0x0000008879d00000)]
  0x000001e604598780 JavaThread "File watcher server" daemon [_thread_in_native, id=15184, stack(0x0000008879d00000,0x0000008879e00000)]
  0x000001e604596e30 JavaThread "File watcher consumer" daemon [_thread_blocked, id=12964, stack(0x0000008879e00000,0x0000008879f00000)]
  0x000001e60459aaf0 JavaThread "Cache worker for checksums cache (C:\Users\Kuldeep\Touch-Comeback\android\.gradle\8.10.2\checksums)" [_thread_blocked, id=18236, stack(0x0000008879f00000,0x000000887a000000)]
  0x000001e604598c90 JavaThread "Cache worker for file content cache (C:\Users\Kuldeep\.gradle\caches\8.10.2\fileContent)" [_thread_blocked, id=10464, stack(0x000000887a000000,0x000000887a100000)]
  0x000001e604599bc0 JavaThread "Cache worker for cache directory md-rule (C:\Users\Kuldeep\.gradle\caches\8.10.2\md-rule)" [_thread_blocked, id=13180, stack(0x000000887a200000,0x000000887a300000)]
  0x000001e60459c950 JavaThread "Cache worker for cache directory md-supplier (C:\Users\Kuldeep\.gradle\caches\8.10.2\md-supplier)" [_thread_blocked, id=10332, stack(0x000000887a300000,0x000000887a400000)]
  0x000001e60459a0d0 JavaThread "jar transforms" [_thread_blocked, id=15588, stack(0x000000887a400000,0x000000887a500000)]
  0x000001e60459d370 JavaThread "Cache worker for Build Output Cleanup Cache (C:\Users\Kuldeep\Touch-Comeback\node_modules\@react-native\gradle-plugin\.gradle\buildOutputCleanup)" [_thread_blocked, id=3020, stack(0x000000887a500000,0x000000887a600000)]
  0x000001e60459d880 JavaThread "Unconstrained build operations" [_thread_blocked, id=22620, stack(0x000000887a600000,0x000000887a700000)]
  0x000001e60459dd90 JavaThread "Unconstrained build operations Thread 2" [_thread_blocked, id=13736, stack(0x000000887a700000,0x000000887a800000)]
  0x000001e60459e7b0 JavaThread "Unconstrained build operations Thread 3" [_thread_blocked, id=14372, stack(0x000000887a800000,0x000000887a900000)]
  0x000001e60459e2a0 JavaThread "Unconstrained build operations Thread 4" [_thread_blocked, id=19256, stack(0x000000887a900000,0x000000887aa00000)]
  0x000001e60515a820 JavaThread "Unconstrained build operations Thread 5" [_thread_blocked, id=22372, stack(0x000000887aa00000,0x000000887ab00000)]
  0x000001e605158ed0 JavaThread "Unconstrained build operations Thread 6" [_thread_blocked, id=11880, stack(0x000000887ab00000,0x000000887ac00000)]
  0x000001e60515a310 JavaThread "Unconstrained build operations Thread 7" [_thread_blocked, id=6680, stack(0x000000887ae00000,0x000000887af00000)]
  0x000001e605157070 JavaThread "Unconstrained build operations Thread 8" [_thread_blocked, id=6968, stack(0x000000887af00000,0x000000887b000000)]
  0x000001e6051598f0 JavaThread "Unconstrained build operations Thread 9" [_thread_blocked, id=20876, stack(0x000000887b000000,0x000000887b100000)]
  0x000001e605157580 JavaThread "Unconstrained build operations Thread 10" [_thread_blocked, id=21784, stack(0x000000887b100000,0x000000887b200000)]
  0x000001e605159e00 JavaThread "Unconstrained build operations Thread 11" [_thread_blocked, id=12392, stack(0x000000887b200000,0x000000887b300000)]
  0x000001e60515ad30 JavaThread "Unconstrained build operations Thread 12" [_thread_blocked, id=1864, stack(0x000000887b300000,0x000000887b400000)]
  0x000001e60515b240 JavaThread "Unconstrained build operations Thread 13" [_thread_blocked, id=18992, stack(0x000000887b400000,0x000000887b500000)]
  0x000001e6051589c0 JavaThread "Unconstrained build operations Thread 14" [_thread_blocked, id=21184, stack(0x000000887b500000,0x000000887b600000)]
  0x000001e605157a90 JavaThread "Unconstrained build operations Thread 15" [_thread_blocked, id=3116, stack(0x000000887b600000,0x000000887b700000)]
  0x000001e60515b750 JavaThread "Memory manager" [_thread_blocked, id=23456, stack(0x000000887b700000,0x000000887b800000)]
  0x000001e60515e9f0 JavaThread "build event listener" [_thread_blocked, id=9520, stack(0x000000887b800000,0x000000887b900000)]
  0x000001e60515d0a0 JavaThread "ForkJoinPool.commonPool-worker-1" daemon [_thread_blocked, id=1632, stack(0x000000887b900000,0x000000887ba00000)]
  0x000001e60515cb90 JavaThread "ForkJoinPool.commonPool-worker-2" daemon [_thread_blocked, id=7856, stack(0x000000887ba00000,0x000000887bb00000)]
  0x000001e60515c170 JavaThread "ForkJoinPool.commonPool-worker-3" daemon [_thread_blocked, id=10152, stack(0x000000887bb00000,0x000000887bc00000)]
  0x000001e60515d5b0 JavaThread "included builds" [_thread_blocked, id=22844, stack(0x000000887bc00000,0x000000887bd00000)]
  0x000001e60515c680 JavaThread "Execution worker" [_thread_blocked, id=13852, stack(0x000000887bd00000,0x000000887be00000)]
  0x000001e60515dac0 JavaThread "Execution worker Thread 2" [_thread_blocked, id=19572, stack(0x000000887be00000,0x000000887bf00000)]
  0x000001e60515dfd0 JavaThread "Execution worker Thread 3" [_thread_blocked, id=12260, stack(0x000000887bf00000,0x000000887c000000)]
  0x000001e67e259990 JavaThread "Cache worker for execution history cache (C:\Users\Kuldeep\Touch-Comeback\node_modules\@react-native\gradle-plugin\.gradle\8.10.2\executionHistory)" [_thread_blocked, id=17668, stack(0x000000887c000000,0x000000887c100000)]
  0x000001e67e259480 JavaThread "Unconstrained build operations Thread 16" [_thread_blocked, id=15376, stack(0x000000887c100000,0x000000887c200000)]
  0x000001e60459ce60 JavaThread "Unconstrained build operations Thread 17" [_thread_blocked, id=11916, stack(0x000000887c200000,0x000000887c300000)]
  0x000001e6054b0db0 JavaThread "Unconstrained build operations Thread 18" [_thread_blocked, id=23600, stack(0x000000887c300000,0x000000887c400000)]
  0x000001e6054b08a0 JavaThread "Unconstrained build operations Thread 19" [_thread_blocked, id=20384, stack(0x000000887c400000,0x000000887c500000)]
  0x000001e6054b12c0 JavaThread "Unconstrained build operations Thread 20" [_thread_blocked, id=6504, stack(0x000000887c500000,0x000000887c600000)]
  0x000001e6054b1ce0 JavaThread "Unconstrained build operations Thread 21" [_thread_blocked, id=8632, stack(0x000000887c600000,0x000000887c700000)]
  0x000001e6054b4a70 JavaThread "Unconstrained build operations Thread 22" [_thread_blocked, id=20332, stack(0x000000887c700000,0x000000887c800000)]
  0x000001e6054b2c10 JavaThread "Unconstrained build operations Thread 23" [_thread_blocked, id=16872, stack(0x000000887c800000,0x000000887c900000)]
  0x000001e6054b4f80 JavaThread "Unconstrained build operations Thread 24" [_thread_blocked, id=21052, stack(0x000000887c900000,0x000000887ca00000)]
  0x000001e6054b3120 JavaThread "Unconstrained build operations Thread 25" [_thread_blocked, id=20240, stack(0x000000887ca00000,0x000000887cb00000)]
  0x000001e6054b21f0 JavaThread "Unconstrained build operations Thread 26" [_thread_blocked, id=20400, stack(0x000000887cb00000,0x000000887cc00000)]
  0x000001e6054b3630 JavaThread "Unconstrained build operations Thread 27" [_thread_blocked, id=11680, stack(0x000000887cc00000,0x000000887cd00000)]
  0x000001e6054b17d0 JavaThread "Unconstrained build operations Thread 28" [_thread_blocked, id=12280, stack(0x000000887cd00000,0x000000887ce00000)]
  0x000001e6054b68d0 JavaThread "Unconstrained build operations Thread 29" [_thread_blocked, id=20840, stack(0x000000887ce00000,0x000000887cf00000)]
  0x000001e6054b5490 JavaThread "Unconstrained build operations Thread 30" [_thread_blocked, id=11816, stack(0x000000887cf00000,0x000000887d000000)]
  0x000001e6054b6de0 JavaThread "Unconstrained build operations Thread 31" [_thread_blocked, id=24356, stack(0x000000887d000000,0x000000887d100000)]
  0x000001e6054b72f0 JavaThread "Unconstrained build operations Thread 32" [_thread_blocked, id=5392, stack(0x000000887d100000,0x000000887d200000)]
  0x000001e6054b5eb0 JavaThread "Unconstrained build operations Thread 33" [_thread_blocked, id=12796, stack(0x000000887d200000,0x000000887d300000)]
  0x000001e6054b3b40 JavaThread "Unconstrained build operations Thread 34" [_thread_blocked, id=2192, stack(0x000000887d300000,0x000000887d400000)]
  0x000001e6054b7800 JavaThread "Unconstrained build operations Thread 35" [_thread_blocked, id=3484, stack(0x000000887d400000,0x000000887d500000)]
  0x000001e6054b59a0 JavaThread "Unconstrained build operations Thread 36" [_thread_blocked, id=20784, stack(0x000000887d500000,0x000000887d600000)]
  0x000001e6054b63c0 JavaThread "jar transforms Thread 2" [_thread_blocked, id=10492, stack(0x000000887d600000,0x000000887d700000)]
  0x000001e6054b7d10 JavaThread "jar transforms Thread 3" [_thread_blocked, id=11792, stack(0x000000887d700000,0x000000887d800000)]
  0x000001e6054b4560 JavaThread "Unconstrained build operations Thread 37" [_thread_blocked, id=21852, stack(0x000000887d800000,0x000000887d900000)]
  0x000001e6054b8220 JavaThread "Unconstrained build operations Thread 38" [_thread_blocked, id=15596, stack(0x000000887d900000,0x000000887da00000)]
  0x000001e605c25710 JavaThread "Unconstrained build operations Thread 39" [_thread_blocked, id=7264, stack(0x000000887da00000,0x000000887db00000)]
  0x000001e605c247e0 JavaThread "Unconstrained build operations Thread 40" [_thread_blocked, id=19164, stack(0x000000887db00000,0x000000887dc00000)]
  0x000001e605c238b0 JavaThread "jar transforms Thread 4" [_thread_blocked, id=5896, stack(0x0000008877600000,0x0000008877700000)]
  0x000001e605c26640 JavaThread "build event listener" [_thread_blocked, id=16624, stack(0x0000008877700000,0x0000008877800000)]

Other Threads:
  0x000001e662315f80 VMThread "VM Thread" [stack: 0x0000008877e00000,0x0000008877f00000] [id=24400]
  0x000001e6414715a0 WatcherThread [stack: 0x0000008878a00000,0x0000008878b00000] [id=20268]
  0x000001e6414cdb00 GCTaskThread "GC Thread#0" [stack: 0x0000008877900000,0x0000008877a00000] [id=10868]
  0x000001e662763760 GCTaskThread "GC Thread#1" [stack: 0x0000008878b00000,0x0000008878c00000] [id=8296]
  0x000001e662779150 GCTaskThread "GC Thread#2" [stack: 0x0000008878c00000,0x0000008878d00000] [id=18264]
  0x000001e67e6550d0 GCTaskThread "GC Thread#3" [stack: 0x0000008878d00000,0x0000008878e00000] [id=19900]
  0x000001e6414de960 ConcurrentGCThread "G1 Main Marker" [stack: 0x0000008877a00000,0x0000008877b00000] [id=19608]
  0x000001e6414df290 ConcurrentGCThread "G1 Conc#0" [stack: 0x0000008877b00000,0x0000008877c00000] [id=22096]
  0x000001e6621d0090 ConcurrentGCThread "G1 Refine#0" [stack: 0x0000008877c00000,0x0000008877d00000] [id=6868]
  0x000001e6624f28e0 ConcurrentGCThread "G1 Refine#1" [stack: 0x000000887a100000,0x000000887a200000] [id=12736]
  0x000001e6621d08d0 ConcurrentGCThread "G1 Service" [stack: 0x0000008877d00000,0x0000008877e00000] [id=13684]

Threads with active compile tasks:
C2 CompilerThread0    93749 12101       4       java.beans.MethodRef::set (58 bytes)

VM state: not at safepoint (normal execution)

VM Mutex/Monitor currently owned by a thread: None

Heap address: 0x0000000080000000, size: 2048 MB, Compressed Oops mode: 32-bit

CDS archive(s) mapped at: [0x000001e663000000-0x000001e663bc0000-0x000001e663bc0000), size 12320768, SharedBaseAddress: 0x000001e663000000, ArchiveRelocationMode: 1.
Compressed class space mapped at: 0x000001e664000000-0x000001e67e000000, reserved size: 436207616
Narrow klass base: 0x000001e663000000, Narrow klass shift: 0, Narrow klass range: 0x100000000

GC Precious Log:
 CPUs: 4 total, 4 available
 Memory: 3871M
 Large Page Support: Disabled
 NUMA Support: Disabled
 Compressed Oops: Enabled (32-bit)
 Heap Region Size: 1M
 Heap Min Capacity: 8M
 Heap Initial Capacity: 62M
 Heap Max Capacity: 2G
 Pre-touch: Disabled
 Parallel Workers: 4
 Concurrent Workers: 1
 Concurrent Refinement Workers: 4
 Periodic GC: Disabled

Heap:
 garbage-first heap   total 264192K, used 163967K [0x0000000080000000, 0x0000000100000000)
  region size 1024K, 60 young (61440K), 8 survivors (8192K)
 Metaspace       used 86610K, committed 87552K, reserved 557056K
  class space    used 11951K, committed 12416K, reserved 425984K

Heap Regions: E=young(eden), S=young(survivor), O=old, HS=humongous(starts), HC=humongous(continues), CS=collection set, F=free, OA=open archive, CA=closed archive, TAMS=top-at-mark-start (previous, next)
|   0|0x0000000080000000, 0x0000000080100000, 0x0000000080100000|100%|HS|  |TAMS 0x0000000080100000, 0x0000000080000000| Complete 
|   1|0x0000000080100000, 0x0000000080200000, 0x0000000080200000|100%|HC|  |TAMS 0x0000000080200000, 0x0000000080100000| Complete 
|   2|0x0000000080200000, 0x0000000080300000, 0x0000000080300000|100%|HC|  |TAMS 0x0000000080300000, 0x0000000080200000| Complete 
|   3|0x0000000080300000, 0x0000000080400000, 0x0000000080400000|100%|HC|  |TAMS 0x0000000080400000, 0x0000000080300000| Complete 
|   4|0x0000000080400000, 0x0000000080500000, 0x0000000080500000|100%| O|  |TAMS 0x0000000080500000, 0x0000000080400000| Untracked 
|   5|0x0000000080500000, 0x0000000080600000, 0x0000000080600000|100%| O|  |TAMS 0x0000000080600000, 0x0000000080500000| Untracked 
|   6|0x0000000080600000, 0x0000000080700000, 0x0000000080700000|100%| O|  |TAMS 0x0000000080700000, 0x0000000080600000| Untracked 
|   7|0x0000000080700000, 0x0000000080800000, 0x0000000080800000|100%| O|  |TAMS 0x0000000080800000, 0x0000000080700000| Untracked 
|   8|0x0000000080800000, 0x0000000080900000, 0x0000000080900000|100%| O|  |TAMS 0x0000000080900000, 0x0000000080800000| Untracked 
|   9|0x0000000080900000, 0x0000000080a00000, 0x0000000080a00000|100%|HS|  |TAMS 0x0000000080a00000, 0x0000000080900000| Complete 
|  10|0x0000000080a00000, 0x0000000080b00000, 0x0000000080b00000|100%| O|  |TAMS 0x0000000080b00000, 0x0000000080a00000| Untracked 
|  11|0x0000000080b00000, 0x0000000080c00000, 0x0000000080c00000|100%| O|  |TAMS 0x0000000080c00000, 0x0000000080b00000| Untracked 
|  12|0x0000000080c00000, 0x0000000080d00000, 0x0000000080d00000|100%| O|  |TAMS 0x0000000080d00000, 0x0000000080c00000| Untracked 
|  13|0x0000000080d00000, 0x0000000080e00000, 0x0000000080e00000|100%| O|  |TAMS 0x0000000080e00000, 0x0000000080d00000| Untracked 
|  14|0x0000000080e00000, 0x0000000080f00000, 0x0000000080f00000|100%| O|  |TAMS 0x0000000080f00000, 0x0000000080e00000| Untracked 
|  15|0x0000000080f00000, 0x0000000081000000, 0x0000000081000000|100%| O|  |TAMS 0x0000000081000000, 0x0000000080f00000| Untracked 
|  16|0x0000000081000000, 0x0000000081100000, 0x0000000081100000|100%| O|  |TAMS 0x0000000081100000, 0x0000000081000000| Untracked 
|  17|0x0000000081100000, 0x0000000081200000, 0x0000000081200000|100%| O|  |TAMS 0x0000000081200000, 0x0000000081100000| Untracked 
|  18|0x0000000081200000, 0x0000000081300000, 0x0000000081300000|100%| O|  |TAMS 0x0000000081300000, 0x0000000081200000| Untracked 
|  19|0x0000000081300000, 0x0000000081400000, 0x0000000081400000|100%| O|  |TAMS 0x0000000081400000, 0x0000000081300000| Untracked 
|  20|0x0000000081400000, 0x0000000081500000, 0x0000000081500000|100%| O|  |TAMS 0x0000000081500000, 0x0000000081400000| Untracked 
|  21|0x0000000081500000, 0x0000000081600000, 0x0000000081600000|100%| O|  |TAMS 0x0000000081600000, 0x0000000081500000| Untracked 
|  22|0x0000000081600000, 0x0000000081700000, 0x0000000081700000|100%| O|  |TAMS 0x0000000081700000, 0x0000000081600000| Untracked 
|  23|0x0000000081700000, 0x0000000081800000, 0x0000000081800000|100%| O|  |TAMS 0x0000000081800000, 0x0000000081700000| Untracked 
|  24|0x0000000081800000, 0x0000000081900000, 0x0000000081900000|100%| O|  |TAMS 0x0000000081900000, 0x0000000081800000| Untracked 
|  25|0x0000000081900000, 0x0000000081a00000, 0x0000000081a00000|100%| O|  |TAMS 0x0000000081a00000, 0x0000000081900000| Untracked 
|  26|0x0000000081a00000, 0x0000000081b00000, 0x0000000081b00000|100%| O|  |TAMS 0x0000000081b00000, 0x0000000081a00000| Untracked 
|  27|0x0000000081b00000, 0x0000000081c00000, 0x0000000081c00000|100%| O|  |TAMS 0x0000000081c00000, 0x0000000081b00000| Untracked 
|  28|0x0000000081c00000, 0x0000000081d00000, 0x0000000081d00000|100%| O|  |TAMS 0x0000000081d00000, 0x0000000081c00000| Untracked 
|  29|0x0000000081d00000, 0x0000000081e00000, 0x0000000081e00000|100%| O|  |TAMS 0x0000000081e00000, 0x0000000081d00000| Untracked 
|  30|0x0000000081e00000, 0x0000000081f00000, 0x0000000081f00000|100%| O|  |TAMS 0x0000000081f00000, 0x0000000081e00000| Untracked 
|  31|0x0000000081f00000, 0x0000000082000000, 0x0000000082000000|100%| O|  |TAMS 0x0000000082000000, 0x0000000081f00000| Untracked 
|  32|0x0000000082000000, 0x0000000082100000, 0x0000000082100000|100%| O|  |TAMS 0x0000000082100000, 0x0000000082000000| Untracked 
|  33|0x0000000082100000, 0x0000000082200000, 0x0000000082200000|100%| O|  |TAMS 0x0000000082200000, 0x0000000082100000| Untracked 
|  34|0x0000000082200000, 0x0000000082300000, 0x0000000082300000|100%| O|  |TAMS 0x0000000082300000, 0x0000000082200000| Untracked 
|  35|0x0000000082300000, 0x0000000082400000, 0x0000000082400000|100%| O|  |TAMS 0x0000000082400000, 0x0000000082300000| Untracked 
|  36|0x0000000082400000, 0x0000000082500000, 0x0000000082500000|100%| O|  |TAMS 0x0000000082500000, 0x0000000082400000| Untracked 
|  37|0x0000000082500000, 0x0000000082600000, 0x0000000082600000|100%| O|  |TAMS 0x0000000082600000, 0x0000000082500000| Untracked 
|  38|0x0000000082600000, 0x0000000082700000, 0x0000000082700000|100%| O|  |TAMS 0x0000000082700000, 0x0000000082600000| Untracked 
|  39|0x0000000082700000, 0x0000000082800000, 0x0000000082800000|100%| O|  |TAMS 0x0000000082800000, 0x0000000082700000| Untracked 
|  40|0x0000000082800000, 0x0000000082900000, 0x0000000082900000|100%| O|  |TAMS 0x0000000082900000, 0x0000000082800000| Untracked 
|  41|0x0000000082900000, 0x0000000082a00000, 0x0000000082a00000|100%| O|  |TAMS 0x0000000082a00000, 0x0000000082900000| Untracked 
|  42|0x0000000082a00000, 0x0000000082b00000, 0x0000000082b00000|100%| O|  |TAMS 0x0000000082b00000, 0x0000000082a00000| Untracked 
|  43|0x0000000082b00000, 0x0000000082c00000, 0x0000000082c00000|100%| O|  |TAMS 0x0000000082c00000, 0x0000000082b00000| Untracked 
|  44|0x0000000082c00000, 0x0000000082c00000, 0x0000000082d00000|  0%| F|  |TAMS 0x0000000082c00000, 0x0000000082c00000| Untracked 
|  45|0x0000000082d00000, 0x0000000082e00000, 0x0000000082e00000|100%| O|  |TAMS 0x0000000082e00000, 0x0000000082d00000| Untracked 
|  46|0x0000000082e00000, 0x0000000082f00000, 0x0000000082f00000|100%| O|  |TAMS 0x0000000082f00000, 0x0000000082e00000| Untracked 
|  47|0x0000000082f00000, 0x0000000083000000, 0x0000000083000000|100%| O|  |TAMS 0x0000000083000000, 0x0000000082f00000| Untracked 
|  48|0x0000000083000000, 0x0000000083100000, 0x0000000083100000|100%|HS|  |TAMS 0x0000000083100000, 0x0000000083000000| Complete 
|  49|0x0000000083100000, 0x0000000083200000, 0x0000000083200000|100%|HC|  |TAMS 0x0000000083200000, 0x0000000083100000| Complete 
|  50|0x0000000083200000, 0x0000000083300000, 0x0000000083300000|100%|HS|  |TAMS 0x0000000083300000, 0x0000000083200000| Complete 
|  51|0x0000000083300000, 0x0000000083400000, 0x0000000083400000|100%|HC|  |TAMS 0x0000000083400000, 0x0000000083300000| Complete 
|  52|0x0000000083400000, 0x0000000083500000, 0x0000000083500000|100%|HS|  |TAMS 0x0000000083500000, 0x0000000083400000| Complete 
|  53|0x0000000083500000, 0x0000000083600000, 0x0000000083600000|100%|HC|  |TAMS 0x0000000083600000, 0x0000000083500000| Complete 
|  54|0x0000000083600000, 0x0000000083700000, 0x0000000083700000|100%|HC|  |TAMS 0x0000000083700000, 0x0000000083600000| Complete 
|  55|0x0000000083700000, 0x0000000083800000, 0x0000000083800000|100%|HC|  |TAMS 0x0000000083800000, 0x0000000083700000| Complete 
|  56|0x0000000083800000, 0x0000000083900000, 0x0000000083900000|100%|HS|  |TAMS 0x0000000083900000, 0x0000000083800000| Complete 
|  57|0x0000000083900000, 0x0000000083a00000, 0x0000000083a00000|100%|HC|  |TAMS 0x0000000083a00000, 0x0000000083900000| Complete 
|  58|0x0000000083a00000, 0x0000000083b00000, 0x0000000083b00000|100%|HC|  |TAMS 0x0000000083b00000, 0x0000000083a00000| Complete 
|  59|0x0000000083b00000, 0x0000000083c00000, 0x0000000083c00000|100%|HC|  |TAMS 0x0000000083c00000, 0x0000000083b00000| Complete 
|  60|0x0000000083c00000, 0x0000000083d00000, 0x0000000083d00000|100%| O|  |TAMS 0x0000000083d00000, 0x0000000083c00000| Untracked 
|  61|0x0000000083d00000, 0x0000000083e00000, 0x0000000083e00000|100%| O|  |TAMS 0x0000000083e00000, 0x0000000083d00000| Untracked 
|  62|0x0000000083e00000, 0x0000000083f00000, 0x0000000083f00000|100%| O|  |TAMS 0x0000000083f00000, 0x0000000083e00000| Untracked 
|  63|0x0000000083f00000, 0x0000000084000000, 0x0000000084000000|100%| O|  |TAMS 0x0000000084000000, 0x0000000083f00000| Untracked 
|  64|0x0000000084000000, 0x0000000084100000, 0x0000000084100000|100%| O|  |TAMS 0x0000000084100000, 0x0000000084000000| Untracked 
|  65|0x0000000084100000, 0x0000000084200000, 0x0000000084200000|100%| O|  |TAMS 0x0000000084200000, 0x0000000084100000| Untracked 
|  66|0x0000000084200000, 0x0000000084300000, 0x0000000084300000|100%| O|  |TAMS 0x0000000084300000, 0x0000000084200000| Untracked 
|  67|0x0000000084300000, 0x0000000084300000, 0x0000000084400000|  0%| F|  |TAMS 0x0000000084300000, 0x0000000084300000| Untracked 
|  68|0x0000000084400000, 0x0000000084400000, 0x0000000084500000|  0%| F|  |TAMS 0x0000000084400000, 0x0000000084400000| Untracked 
|  69|0x0000000084500000, 0x0000000084600000, 0x0000000084600000|100%| O|  |TAMS 0x0000000084600000, 0x0000000084500000| Untracked 
|  70|0x0000000084600000, 0x0000000084700000, 0x0000000084700000|100%| O|  |TAMS 0x0000000084700000, 0x0000000084600000| Untracked 
|  71|0x0000000084700000, 0x0000000084800000, 0x0000000084800000|100%| O|  |TAMS 0x0000000084800000, 0x0000000084700000| Untracked 
|  72|0x0000000084800000, 0x0000000084900000, 0x0000000084900000|100%| O|  |TAMS 0x0000000084900000, 0x0000000084800000| Untracked 
|  73|0x0000000084900000, 0x0000000084a00000, 0x0000000084a00000|100%| O|  |TAMS 0x0000000084a00000, 0x0000000084900000| Untracked 
|  74|0x0000000084a00000, 0x0000000084b00000, 0x0000000084b00000|100%| O|  |TAMS 0x0000000084b00000, 0x0000000084a00000| Untracked 
|  75|0x0000000084b00000, 0x0000000084c00000, 0x0000000084c00000|100%| O|  |TAMS 0x0000000084c00000, 0x0000000084b00000| Untracked 
|  76|0x0000000084c00000, 0x0000000084d00000, 0x0000000084d00000|100%| O|  |TAMS 0x0000000084d00000, 0x0000000084c00000| Untracked 
|  77|0x0000000084d00000, 0x0000000084e00000, 0x0000000084e00000|100%| O|  |TAMS 0x0000000084e00000, 0x0000000084d00000| Untracked 
|  78|0x0000000084e00000, 0x0000000084f00000, 0x0000000084f00000|100%| O|  |TAMS 0x0000000084f00000, 0x0000000084e00000| Untracked 
|  79|0x0000000084f00000, 0x0000000085000000, 0x0000000085000000|100%| O|  |TAMS 0x0000000085000000, 0x0000000084f00000| Untracked 
|  80|0x0000000085000000, 0x0000000085100000, 0x0000000085100000|100%| O|  |TAMS 0x0000000085100000, 0x0000000085000000| Untracked 
|  81|0x0000000085100000, 0x0000000085200000, 0x0000000085200000|100%| O|  |TAMS 0x0000000085200000, 0x0000000085100000| Untracked 
|  82|0x0000000085200000, 0x0000000085300000, 0x0000000085300000|100%| O|  |TAMS 0x0000000085300000, 0x0000000085200000| Untracked 
|  83|0x0000000085300000, 0x0000000085400000, 0x0000000085400000|100%| O|  |TAMS 0x0000000085400000, 0x0000000085300000| Untracked 
|  84|0x0000000085400000, 0x0000000085500000, 0x0000000085500000|100%| O|  |TAMS 0x0000000085500000, 0x0000000085400000| Untracked 
|  85|0x0000000085500000, 0x0000000085600000, 0x0000000085600000|100%|HS|  |TAMS 0x0000000085600000, 0x0000000085500000| Complete 
|  86|0x0000000085600000, 0x0000000085700000, 0x0000000085700000|100%|HS|  |TAMS 0x0000000085700000, 0x0000000085600000| Complete 
|  87|0x0000000085700000, 0x0000000085800000, 0x0000000085800000|100%|HS|  |TAMS 0x0000000085800000, 0x0000000085700000| Complete 
|  88|0x0000000085800000, 0x0000000085900000, 0x0000000085900000|100%|HS|  |TAMS 0x0000000085900000, 0x0000000085800000| Complete 
|  89|0x0000000085900000, 0x0000000085a00000, 0x0000000085a00000|100%| O|  |TAMS 0x0000000085900000, 0x0000000085900000| Untracked 
|  90|0x0000000085a00000, 0x0000000085b00000, 0x0000000085b00000|100%|HS|  |TAMS 0x0000000085b00000, 0x0000000085a00000| Complete 
|  91|0x0000000085b00000, 0x0000000085c00000, 0x0000000085c00000|100%|HS|  |TAMS 0x0000000085c00000, 0x0000000085b00000| Complete 
|  92|0x0000000085c00000, 0x0000000085d00000, 0x0000000085d00000|100%| O|  |TAMS 0x0000000085d00000, 0x0000000085c00000| Untracked 
|  93|0x0000000085d00000, 0x0000000085e00000, 0x0000000085e00000|100%| O|  |TAMS 0x0000000085e00000, 0x0000000085d00000| Untracked 
|  94|0x0000000085e00000, 0x0000000085f00000, 0x0000000085f00000|100%| O|  |TAMS 0x0000000085f00000, 0x0000000085e00000| Untracked 
|  95|0x0000000085f00000, 0x0000000086000000, 0x0000000086000000|100%| O|  |TAMS 0x0000000085fdec00, 0x0000000085f00000| Untracked 
|  96|0x0000000086000000, 0x0000000086100000, 0x0000000086100000|100%| O|  |TAMS 0x0000000086000000, 0x0000000086000000| Untracked 
|  97|0x0000000086100000, 0x0000000086200000, 0x0000000086200000|100%| O|  |TAMS 0x0000000086100000, 0x0000000086100000| Untracked 
|  98|0x0000000086200000, 0x0000000086300000, 0x0000000086300000|100%| O|  |TAMS 0x0000000086200000, 0x0000000086200000| Untracked 
|  99|0x0000000086300000, 0x0000000086400000, 0x0000000086400000|100%| O|  |TAMS 0x0000000086300000, 0x0000000086300000| Untracked 
| 100|0x0000000086400000, 0x0000000086500000, 0x0000000086500000|100%| O|  |TAMS 0x0000000086400000, 0x0000000086400000| Untracked 
| 101|0x0000000086500000, 0x000000008652d800, 0x0000000086600000| 17%| O|  |TAMS 0x0000000086500000, 0x0000000086500000| Untracked 
| 102|0x0000000086600000, 0x0000000086600000, 0x0000000086700000|  0%| F|  |TAMS 0x0000000086600000, 0x0000000086600000| Untracked 
| 103|0x0000000086700000, 0x0000000086800000, 0x0000000086800000|100%|HS|  |TAMS 0x0000000086700000, 0x0000000086700000| Complete 
| 104|0x0000000086800000, 0x0000000086900000, 0x0000000086900000|100%|HS|  |TAMS 0x0000000086800000, 0x0000000086800000| Complete 
| 105|0x0000000086900000, 0x0000000086a00000, 0x0000000086a00000|100%|HC|  |TAMS 0x0000000086900000, 0x0000000086900000| Complete 
| 106|0x0000000086a00000, 0x0000000086a00000, 0x0000000086b00000|  0%| F|  |TAMS 0x0000000086a00000, 0x0000000086a00000| Untracked 
| 107|0x0000000086b00000, 0x0000000086b00000, 0x0000000086c00000|  0%| F|  |TAMS 0x0000000086b00000, 0x0000000086b00000| Untracked 
| 108|0x0000000086c00000, 0x0000000086c00000, 0x0000000086d00000|  0%| F|  |TAMS 0x0000000086c00000, 0x0000000086c00000| Untracked 
| 109|0x0000000086d00000, 0x0000000086d00000, 0x0000000086e00000|  0%| F|  |TAMS 0x0000000086d00000, 0x0000000086d00000| Untracked 
| 110|0x0000000086e00000, 0x0000000086e00000, 0x0000000086f00000|  0%| F|  |TAMS 0x0000000086e00000, 0x0000000086e00000| Untracked 
| 111|0x0000000086f00000, 0x0000000086f00000, 0x0000000087000000|  0%| F|  |TAMS 0x0000000086f00000, 0x0000000086f00000| Untracked 
| 112|0x0000000087000000, 0x0000000087000000, 0x0000000087100000|  0%| F|  |TAMS 0x0000000087000000, 0x0000000087000000| Untracked 
| 113|0x0000000087100000, 0x0000000087100000, 0x0000000087200000|  0%| F|  |TAMS 0x0000000087100000, 0x0000000087100000| Untracked 
| 114|0x0000000087200000, 0x0000000087200000, 0x0000000087300000|  0%| F|  |TAMS 0x0000000087200000, 0x0000000087200000| Untracked 
| 115|0x0000000087300000, 0x0000000087300000, 0x0000000087400000|  0%| F|  |TAMS 0x0000000087300000, 0x0000000087300000| Untracked 
| 116|0x0000000087400000, 0x0000000087400000, 0x0000000087500000|  0%| F|  |TAMS 0x0000000087400000, 0x0000000087400000| Untracked 
| 117|0x0000000087500000, 0x0000000087500000, 0x0000000087600000|  0%| F|  |TAMS 0x0000000087500000, 0x0000000087500000| Untracked 
| 118|0x0000000087600000, 0x0000000087600000, 0x0000000087700000|  0%| F|  |TAMS 0x0000000087600000, 0x0000000087600000| Untracked 
| 119|0x0000000087700000, 0x0000000087700000, 0x0000000087800000|  0%| F|  |TAMS 0x0000000087700000, 0x0000000087700000| Untracked 
| 120|0x0000000087800000, 0x0000000087800000, 0x0000000087900000|  0%| F|  |TAMS 0x0000000087800000, 0x0000000087800000| Untracked 
| 121|0x0000000087900000, 0x0000000087900000, 0x0000000087a00000|  0%| F|  |TAMS 0x0000000087900000, 0x0000000087900000| Untracked 
| 122|0x0000000087a00000, 0x0000000087a00000, 0x0000000087b00000|  0%| F|  |TAMS 0x0000000087a00000, 0x0000000087a00000| Untracked 
| 123|0x0000000087b00000, 0x0000000087b00000, 0x0000000087c00000|  0%| F|  |TAMS 0x0000000087b00000, 0x0000000087b00000| Untracked 
| 124|0x0000000087c00000, 0x0000000087c00000, 0x0000000087d00000|  0%| F|  |TAMS 0x0000000087c00000, 0x0000000087c00000| Untracked 
| 125|0x0000000087d00000, 0x0000000087d00000, 0x0000000087e00000|  0%| F|  |TAMS 0x0000000087d00000, 0x0000000087d00000| Untracked 
| 126|0x0000000087e00000, 0x0000000087e00000, 0x0000000087f00000|  0%| F|  |TAMS 0x0000000087e00000, 0x0000000087e00000| Untracked 
| 127|0x0000000087f00000, 0x0000000087f00000, 0x0000000088000000|  0%| F|  |TAMS 0x0000000087f00000, 0x0000000087f00000| Untracked 
| 128|0x0000000088000000, 0x0000000088000000, 0x0000000088100000|  0%| F|  |TAMS 0x0000000088000000, 0x0000000088000000| Untracked 
| 129|0x0000000088100000, 0x0000000088100000, 0x0000000088200000|  0%| F|  |TAMS 0x0000000088100000, 0x0000000088100000| Untracked 
| 130|0x0000000088200000, 0x0000000088200000, 0x0000000088300000|  0%| F|  |TAMS 0x0000000088200000, 0x0000000088200000| Untracked 
| 131|0x0000000088300000, 0x0000000088300000, 0x0000000088400000|  0%| F|  |TAMS 0x0000000088300000, 0x0000000088300000| Untracked 
| 132|0x0000000088400000, 0x0000000088400000, 0x0000000088500000|  0%| F|  |TAMS 0x0000000088400000, 0x0000000088400000| Untracked 
| 133|0x0000000088500000, 0x0000000088500000, 0x0000000088600000|  0%| F|  |TAMS 0x0000000088500000, 0x0000000088500000| Untracked 
| 134|0x0000000088600000, 0x0000000088600000, 0x0000000088700000|  0%| F|  |TAMS 0x0000000088600000, 0x0000000088600000| Untracked 
| 135|0x0000000088700000, 0x0000000088700000, 0x0000000088800000|  0%| F|  |TAMS 0x0000000088700000, 0x0000000088700000| Untracked 
| 136|0x0000000088800000, 0x0000000088800000, 0x0000000088900000|  0%| F|  |TAMS 0x0000000088800000, 0x0000000088800000| Untracked 
| 137|0x0000000088900000, 0x0000000088900000, 0x0000000088a00000|  0%| F|  |TAMS 0x0000000088900000, 0x0000000088900000| Untracked 
| 138|0x0000000088a00000, 0x0000000088a00000, 0x0000000088b00000|  0%| F|  |TAMS 0x0000000088a00000, 0x0000000088a00000| Untracked 
| 139|0x0000000088b00000, 0x0000000088b00000, 0x0000000088c00000|  0%| F|  |TAMS 0x0000000088b00000, 0x0000000088b00000| Untracked 
| 140|0x0000000088c00000, 0x0000000088c00000, 0x0000000088d00000|  0%| F|  |TAMS 0x0000000088c00000, 0x0000000088c00000| Untracked 
| 141|0x0000000088d00000, 0x0000000088df27a8, 0x0000000088e00000| 94%| S|CS|TAMS 0x0000000088d00000, 0x0000000088d00000| Complete 
| 142|0x0000000088e00000, 0x0000000088f00000, 0x0000000088f00000|100%| S|CS|TAMS 0x0000000088e00000, 0x0000000088e00000| Complete 
| 143|0x0000000088f00000, 0x0000000089000000, 0x0000000089000000|100%| S|CS|TAMS 0x0000000088f00000, 0x0000000088f00000| Complete 
| 144|0x0000000089000000, 0x0000000089100000, 0x0000000089100000|100%| S|CS|TAMS 0x0000000089000000, 0x0000000089000000| Complete 
| 145|0x0000000089100000, 0x0000000089200000, 0x0000000089200000|100%| S|CS|TAMS 0x0000000089100000, 0x0000000089100000| Complete 
| 146|0x0000000089200000, 0x0000000089300000, 0x0000000089300000|100%| S|CS|TAMS 0x0000000089200000, 0x0000000089200000| Complete 
| 147|0x0000000089300000, 0x0000000089400000, 0x0000000089400000|100%| S|CS|TAMS 0x0000000089300000, 0x0000000089300000| Complete 
| 148|0x0000000089400000, 0x0000000089500000, 0x0000000089500000|100%| S|CS|TAMS 0x0000000089400000, 0x0000000089400000| Complete 
| 149|0x0000000089500000, 0x0000000089500000, 0x0000000089600000|  0%| F|  |TAMS 0x0000000089500000, 0x0000000089500000| Untracked 
| 150|0x0000000089600000, 0x0000000089600000, 0x0000000089700000|  0%| F|  |TAMS 0x0000000089600000, 0x0000000089600000| Untracked 
| 151|0x0000000089700000, 0x0000000089700000, 0x0000000089800000|  0%| F|  |TAMS 0x0000000089700000, 0x0000000089700000| Untracked 
| 152|0x0000000089800000, 0x0000000089800000, 0x0000000089900000|  0%| F|  |TAMS 0x0000000089800000, 0x0000000089800000| Untracked 
| 153|0x0000000089900000, 0x0000000089900000, 0x0000000089a00000|  0%| F|  |TAMS 0x0000000089900000, 0x0000000089900000| Untracked 
| 154|0x0000000089a00000, 0x0000000089a00000, 0x0000000089b00000|  0%| F|  |TAMS 0x0000000089a00000, 0x0000000089a00000| Untracked 
| 155|0x0000000089b00000, 0x0000000089b00000, 0x0000000089c00000|  0%| F|  |TAMS 0x0000000089b00000, 0x0000000089b00000| Untracked 
| 156|0x0000000089c00000, 0x0000000089c00000, 0x0000000089d00000|  0%| F|  |TAMS 0x0000000089c00000, 0x0000000089c00000| Untracked 
| 157|0x0000000089d00000, 0x0000000089d00000, 0x0000000089e00000|  0%| F|  |TAMS 0x0000000089d00000, 0x0000000089d00000| Untracked 
| 158|0x0000000089e00000, 0x0000000089e00000, 0x0000000089f00000|  0%| F|  |TAMS 0x0000000089e00000, 0x0000000089e00000| Untracked 
| 159|0x0000000089f00000, 0x0000000089f00000, 0x000000008a000000|  0%| F|  |TAMS 0x0000000089f00000, 0x0000000089f00000| Untracked 
| 160|0x000000008a000000, 0x000000008a000000, 0x000000008a100000|  0%| F|  |TAMS 0x000000008a000000, 0x000000008a000000| Untracked 
| 161|0x000000008a100000, 0x000000008a100000, 0x000000008a200000|  0%| F|  |TAMS 0x000000008a100000, 0x000000008a100000| Untracked 
| 162|0x000000008a200000, 0x000000008a200000, 0x000000008a300000|  0%| F|  |TAMS 0x000000008a200000, 0x000000008a200000| Untracked 
| 163|0x000000008a300000, 0x000000008a300000, 0x000000008a400000|  0%| F|  |TAMS 0x000000008a300000, 0x000000008a300000| Untracked 
| 164|0x000000008a400000, 0x000000008a400000, 0x000000008a500000|  0%| F|  |TAMS 0x000000008a400000, 0x000000008a400000| Untracked 
| 165|0x000000008a500000, 0x000000008a500000, 0x000000008a600000|  0%| F|  |TAMS 0x000000008a500000, 0x000000008a500000| Untracked 
| 166|0x000000008a600000, 0x000000008a600000, 0x000000008a700000|  0%| F|  |TAMS 0x000000008a600000, 0x000000008a600000| Untracked 
| 167|0x000000008a700000, 0x000000008a700000, 0x000000008a800000|  0%| F|  |TAMS 0x000000008a700000, 0x000000008a700000| Untracked 
| 168|0x000000008a800000, 0x000000008a800000, 0x000000008a900000|  0%| F|  |TAMS 0x000000008a800000, 0x000000008a800000| Untracked 
| 169|0x000000008a900000, 0x000000008a900000, 0x000000008aa00000|  0%| F|  |TAMS 0x000000008a900000, 0x000000008a900000| Untracked 
| 170|0x000000008aa00000, 0x000000008aa00000, 0x000000008ab00000|  0%| F|  |TAMS 0x000000008aa00000, 0x000000008aa00000| Untracked 
| 171|0x000000008ab00000, 0x000000008ab00000, 0x000000008ac00000|  0%| F|  |TAMS 0x000000008ab00000, 0x000000008ab00000| Untracked 
| 172|0x000000008ac00000, 0x000000008ac00000, 0x000000008ad00000|  0%| F|  |TAMS 0x000000008ac00000, 0x000000008ac00000| Untracked 
| 173|0x000000008ad00000, 0x000000008ad00000, 0x000000008ae00000|  0%| F|  |TAMS 0x000000008ad00000, 0x000000008ad00000| Untracked 
| 174|0x000000008ae00000, 0x000000008ae00000, 0x000000008af00000|  0%| F|  |TAMS 0x000000008ae00000, 0x000000008ae00000| Untracked 
| 175|0x000000008af00000, 0x000000008af00000, 0x000000008b000000|  0%| F|  |TAMS 0x000000008af00000, 0x000000008af00000| Untracked 
| 176|0x000000008b000000, 0x000000008b000000, 0x000000008b100000|  0%| F|  |TAMS 0x000000008b000000, 0x000000008b000000| Untracked 
| 177|0x000000008b100000, 0x000000008b100000, 0x000000008b200000|  0%| F|  |TAMS 0x000000008b100000, 0x000000008b100000| Untracked 
| 178|0x000000008b200000, 0x000000008b200000, 0x000000008b300000|  0%| F|  |TAMS 0x000000008b200000, 0x000000008b200000| Untracked 
| 179|0x000000008b300000, 0x000000008b300000, 0x000000008b400000|  0%| F|  |TAMS 0x000000008b300000, 0x000000008b300000| Untracked 
| 180|0x000000008b400000, 0x000000008b400000, 0x000000008b500000|  0%| F|  |TAMS 0x000000008b400000, 0x000000008b400000| Untracked 
| 181|0x000000008b500000, 0x000000008b500000, 0x000000008b600000|  0%| F|  |TAMS 0x000000008b500000, 0x000000008b500000| Untracked 
| 182|0x000000008b600000, 0x000000008b600000, 0x000000008b700000|  0%| F|  |TAMS 0x000000008b600000, 0x000000008b600000| Untracked 
| 183|0x000000008b700000, 0x000000008b700000, 0x000000008b800000|  0%| F|  |TAMS 0x000000008b700000, 0x000000008b700000| Untracked 
| 184|0x000000008b800000, 0x000000008b800000, 0x000000008b900000|  0%| F|  |TAMS 0x000000008b800000, 0x000000008b800000| Untracked 
| 185|0x000000008b900000, 0x000000008b900000, 0x000000008ba00000|  0%| F|  |TAMS 0x000000008b900000, 0x000000008b900000| Untracked 
| 186|0x000000008ba00000, 0x000000008ba00000, 0x000000008bb00000|  0%| F|  |TAMS 0x000000008ba00000, 0x000000008ba00000| Untracked 
| 187|0x000000008bb00000, 0x000000008bb00000, 0x000000008bc00000|  0%| F|  |TAMS 0x000000008bb00000, 0x000000008bb00000| Untracked 
| 188|0x000000008bc00000, 0x000000008bc00000, 0x000000008bd00000|  0%| F|  |TAMS 0x000000008bc00000, 0x000000008bc00000| Untracked 
| 189|0x000000008bd00000, 0x000000008bd00000, 0x000000008be00000|  0%| F|  |TAMS 0x000000008bd00000, 0x000000008bd00000| Untracked 
| 190|0x000000008be00000, 0x000000008be00000, 0x000000008bf00000|  0%| F|  |TAMS 0x000000008be00000, 0x000000008be00000| Untracked 
| 191|0x000000008bf00000, 0x000000008bf00000, 0x000000008c000000|  0%| F|  |TAMS 0x000000008bf00000, 0x000000008bf00000| Untracked 
| 192|0x000000008c000000, 0x000000008c000000, 0x000000008c100000|  0%| F|  |TAMS 0x000000008c000000, 0x000000008c000000| Untracked 
| 193|0x000000008c100000, 0x000000008c100000, 0x000000008c200000|  0%| F|  |TAMS 0x000000008c100000, 0x000000008c100000| Untracked 
| 194|0x000000008c200000, 0x000000008c200000, 0x000000008c300000|  0%| F|  |TAMS 0x000000008c200000, 0x000000008c200000| Untracked 
| 195|0x000000008c300000, 0x000000008c300000, 0x000000008c400000|  0%| F|  |TAMS 0x000000008c300000, 0x000000008c300000| Untracked 
| 196|0x000000008c400000, 0x000000008c400000, 0x000000008c500000|  0%| F|  |TAMS 0x000000008c400000, 0x000000008c400000| Untracked 
| 197|0x000000008c500000, 0x000000008c500000, 0x000000008c600000|  0%| F|  |TAMS 0x000000008c500000, 0x000000008c500000| Untracked 
| 198|0x000000008c600000, 0x000000008c600000, 0x000000008c700000|  0%| F|  |TAMS 0x000000008c600000, 0x000000008c600000| Untracked 
| 199|0x000000008c700000, 0x000000008c700000, 0x000000008c800000|  0%| F|  |TAMS 0x000000008c700000, 0x000000008c700000| Untracked 
| 200|0x000000008c800000, 0x000000008c800000, 0x000000008c900000|  0%| F|  |TAMS 0x000000008c800000, 0x000000008c800000| Untracked 
| 201|0x000000008c900000, 0x000000008c900000, 0x000000008ca00000|  0%| F|  |TAMS 0x000000008c900000, 0x000000008c900000| Untracked 
| 202|0x000000008ca00000, 0x000000008ca00000, 0x000000008cb00000|  0%| F|  |TAMS 0x000000008ca00000, 0x000000008ca00000| Untracked 
| 203|0x000000008cb00000, 0x000000008cb00000, 0x000000008cc00000|  0%| F|  |TAMS 0x000000008cb00000, 0x000000008cb00000| Untracked 
| 204|0x000000008cc00000, 0x000000008cc00000, 0x000000008cd00000|  0%| F|  |TAMS 0x000000008cc00000, 0x000000008cc00000| Untracked 
| 205|0x000000008cd00000, 0x000000008cd00000, 0x000000008ce00000|  0%| F|  |TAMS 0x000000008cd00000, 0x000000008cd00000| Untracked 
| 206|0x000000008ce00000, 0x000000008cf00000, 0x000000008cf00000|100%| E|  |TAMS 0x000000008ce00000, 0x000000008ce00000| Complete 
| 207|0x000000008cf00000, 0x000000008d000000, 0x000000008d000000|100%| E|CS|TAMS 0x000000008cf00000, 0x000000008cf00000| Complete 
| 208|0x000000008d000000, 0x000000008d100000, 0x000000008d100000|100%| E|CS|TAMS 0x000000008d000000, 0x000000008d000000| Complete 
| 209|0x000000008d100000, 0x000000008d200000, 0x000000008d200000|100%| E|CS|TAMS 0x000000008d100000, 0x000000008d100000| Complete 
| 210|0x000000008d200000, 0x000000008d300000, 0x000000008d300000|100%| E|CS|TAMS 0x000000008d200000, 0x000000008d200000| Complete 
| 211|0x000000008d300000, 0x000000008d400000, 0x000000008d400000|100%| E|CS|TAMS 0x000000008d300000, 0x000000008d300000| Complete 
| 212|0x000000008d400000, 0x000000008d500000, 0x000000008d500000|100%| E|CS|TAMS 0x000000008d400000, 0x000000008d400000| Complete 
| 213|0x000000008d500000, 0x000000008d600000, 0x000000008d600000|100%| E|CS|TAMS 0x000000008d500000, 0x000000008d500000| Complete 
| 214|0x000000008d600000, 0x000000008d700000, 0x000000008d700000|100%| E|CS|TAMS 0x000000008d600000, 0x000000008d600000| Complete 
| 215|0x000000008d700000, 0x000000008d800000, 0x000000008d800000|100%| E|CS|TAMS 0x000000008d700000, 0x000000008d700000| Complete 
| 216|0x000000008d800000, 0x000000008d900000, 0x000000008d900000|100%| E|CS|TAMS 0x000000008d800000, 0x000000008d800000| Complete 
| 217|0x000000008d900000, 0x000000008da00000, 0x000000008da00000|100%| E|CS|TAMS 0x000000008d900000, 0x000000008d900000| Complete 
| 218|0x000000008da00000, 0x000000008db00000, 0x000000008db00000|100%| E|CS|TAMS 0x000000008da00000, 0x000000008da00000| Complete 
| 219|0x000000008db00000, 0x000000008dc00000, 0x000000008dc00000|100%| E|CS|TAMS 0x000000008db00000, 0x000000008db00000| Complete 
| 220|0x000000008dc00000, 0x000000008dd00000, 0x000000008dd00000|100%| E|CS|TAMS 0x000000008dc00000, 0x000000008dc00000| Complete 
| 221|0x000000008dd00000, 0x000000008de00000, 0x000000008de00000|100%| E|CS|TAMS 0x000000008dd00000, 0x000000008dd00000| Complete 
| 222|0x000000008de00000, 0x000000008df00000, 0x000000008df00000|100%| E|CS|TAMS 0x000000008de00000, 0x000000008de00000| Complete 
| 223|0x000000008df00000, 0x000000008e000000, 0x000000008e000000|100%| E|CS|TAMS 0x000000008df00000, 0x000000008df00000| Complete 
| 224|0x000000008e000000, 0x000000008e100000, 0x000000008e100000|100%| E|CS|TAMS 0x000000008e000000, 0x000000008e000000| Complete 
| 225|0x000000008e100000, 0x000000008e200000, 0x000000008e200000|100%| E|CS|TAMS 0x000000008e100000, 0x000000008e100000| Complete 
| 226|0x000000008e200000, 0x000000008e300000, 0x000000008e300000|100%| E|CS|TAMS 0x000000008e200000, 0x000000008e200000| Complete 
| 227|0x000000008e300000, 0x000000008e400000, 0x000000008e400000|100%| E|CS|TAMS 0x000000008e300000, 0x000000008e300000| Complete 
| 228|0x000000008e400000, 0x000000008e500000, 0x000000008e500000|100%| E|CS|TAMS 0x000000008e400000, 0x000000008e400000| Complete 
| 229|0x000000008e500000, 0x000000008e600000, 0x000000008e600000|100%| E|CS|TAMS 0x000000008e500000, 0x000000008e500000| Complete 
| 230|0x000000008e600000, 0x000000008e700000, 0x000000008e700000|100%| E|CS|TAMS 0x000000008e600000, 0x000000008e600000| Complete 
| 231|0x000000008e700000, 0x000000008e800000, 0x000000008e800000|100%| E|CS|TAMS 0x000000008e700000, 0x000000008e700000| Complete 
| 232|0x000000008e800000, 0x000000008e900000, 0x000000008e900000|100%| E|CS|TAMS 0x000000008e800000, 0x000000008e800000| Complete 
| 233|0x000000008e900000, 0x000000008ea00000, 0x000000008ea00000|100%| E|CS|TAMS 0x000000008e900000, 0x000000008e900000| Complete 
| 234|0x000000008ea00000, 0x000000008eb00000, 0x000000008eb00000|100%| E|CS|TAMS 0x000000008ea00000, 0x000000008ea00000| Complete 
| 235|0x000000008eb00000, 0x000000008ec00000, 0x000000008ec00000|100%| E|CS|TAMS 0x000000008eb00000, 0x000000008eb00000| Complete 
| 236|0x000000008ec00000, 0x000000008ed00000, 0x000000008ed00000|100%| E|CS|TAMS 0x000000008ec00000, 0x000000008ec00000| Complete 
| 237|0x000000008ed00000, 0x000000008ee00000, 0x000000008ee00000|100%| E|CS|TAMS 0x000000008ed00000, 0x000000008ed00000| Complete 
| 238|0x000000008ee00000, 0x000000008ef00000, 0x000000008ef00000|100%| E|CS|TAMS 0x000000008ee00000, 0x000000008ee00000| Complete 
| 239|0x000000008ef00000, 0x000000008f000000, 0x000000008f000000|100%| E|CS|TAMS 0x000000008ef00000, 0x000000008ef00000| Complete 
| 240|0x000000008f000000, 0x000000008f100000, 0x000000008f100000|100%| E|CS|TAMS 0x000000008f000000, 0x000000008f000000| Complete 
| 241|0x000000008f100000, 0x000000008f200000, 0x000000008f200000|100%| E|CS|TAMS 0x000000008f100000, 0x000000008f100000| Complete 
| 242|0x000000008f200000, 0x000000008f300000, 0x000000008f300000|100%| E|CS|TAMS 0x000000008f200000, 0x000000008f200000| Complete 
| 243|0x000000008f300000, 0x000000008f400000, 0x000000008f400000|100%| E|CS|TAMS 0x000000008f300000, 0x000000008f300000| Complete 
| 244|0x000000008f400000, 0x000000008f500000, 0x000000008f500000|100%| E|CS|TAMS 0x000000008f400000, 0x000000008f400000| Complete 
| 245|0x000000008f500000, 0x000000008f600000, 0x000000008f600000|100%| E|CS|TAMS 0x000000008f500000, 0x000000008f500000| Complete 
| 246|0x000000008f600000, 0x000000008f700000, 0x000000008f700000|100%| E|CS|TAMS 0x000000008f600000, 0x000000008f600000| Complete 
| 247|0x000000008f700000, 0x000000008f800000, 0x000000008f800000|100%| E|CS|TAMS 0x000000008f700000, 0x000000008f700000| Complete 
| 248|0x000000008f800000, 0x000000008f900000, 0x000000008f900000|100%| E|CS|TAMS 0x000000008f800000, 0x000000008f800000| Complete 
| 249|0x000000008f900000, 0x000000008fa00000, 0x000000008fa00000|100%| E|CS|TAMS 0x000000008f900000, 0x000000008f900000| Complete 
| 250|0x000000008fa00000, 0x000000008fb00000, 0x000000008fb00000|100%| E|CS|TAMS 0x000000008fa00000, 0x000000008fa00000| Complete 
| 251|0x000000008fb00000, 0x000000008fc00000, 0x000000008fc00000|100%| E|CS|TAMS 0x000000008fb00000, 0x000000008fb00000| Complete 
| 252|0x000000008fc00000, 0x000000008fd00000, 0x000000008fd00000|100%| E|CS|TAMS 0x000000008fc00000, 0x000000008fc00000| Complete 
| 253|0x000000008fd00000, 0x000000008fe00000, 0x000000008fe00000|100%| E|CS|TAMS 0x000000008fd00000, 0x000000008fd00000| Complete 
| 254|0x000000008fe00000, 0x000000008ff00000, 0x000000008ff00000|100%| E|CS|TAMS 0x000000008fe00000, 0x000000008fe00000| Complete 
| 255|0x000000008ff00000, 0x0000000090000000, 0x0000000090000000|100%| E|CS|TAMS 0x000000008ff00000, 0x000000008ff00000| Complete 
| 256|0x0000000090000000, 0x0000000090100000, 0x0000000090100000|100%| E|CS|TAMS 0x0000000090000000, 0x0000000090000000| Complete 
| 257|0x0000000090100000, 0x0000000090200000, 0x0000000090200000|100%| E|CS|TAMS 0x0000000090100000, 0x0000000090100000| Complete 

Card table byte_map: [0x000001e65b530000,0x000001e65b930000] _byte_map_base: 0x000001e65b130000

Marking Bits (Prev, Next): (CMBitMap*) 0x000001e6414ce030, (CMBitMap*) 0x000001e6414ce070
 Prev Bits: [0x000001e65bd30000, 0x000001e65dd30000)
 Next Bits: [0x000001e65dd30000, 0x000001e65fd30000)

Polling page: 0x000001e64bae0000

Metaspace:

Usage:
  Non-class:     72.91 MB used.
      Class:     11.67 MB used.
       Both:     84.58 MB used.

Virtual space:
  Non-class space:      128.00 MB reserved,      73.38 MB ( 57%) committed,  2 nodes.
      Class space:      416.00 MB reserved,      12.12 MB (  3%) committed,  1 nodes.
             Both:      544.00 MB reserved,      85.50 MB ( 16%) committed. 

Chunk freelists:
   Non-Class:  6.45 MB
       Class:  3.72 MB
        Both:  10.17 MB

MaxMetaspaceSize: 512.00 MB
CompressedClassSpaceSize: 416.00 MB
Initial GC threshold: 21.00 MB
Current GC threshold: 127.00 MB
CDS: on
MetaspaceReclaimPolicy: balanced
 - commit_granule_bytes: 65536.
 - commit_granule_words: 8192.
 - virtual_space_node_default_size: 8388608.
 - enlarge_chunks_in_place: 1.
 - new_chunks_are_fully_committed: 0.
 - uncommit_free_chunks: 1.
 - use_allocation_guard: 0.
 - handle_deallocations: 1.


Internal statistics:

num_allocs_failed_limit: 3.
num_arena_births: 1184.
num_arena_deaths: 0.
num_vsnodes_births: 3.
num_vsnodes_deaths: 0.
num_space_committed: 1368.
num_space_uncommitted: 0.
num_chunks_returned_to_freelist: 3.
num_chunks_taken_from_freelist: 4970.
num_chunk_merges: 3.
num_chunk_splits: 3213.
num_chunks_enlarged: 2062.
num_inconsistent_stats: 0.

CodeHeap 'non-profiled nmethods': size=120000Kb used=6634Kb max_used=6634Kb free=113366Kb
 bounds [0x000001e6535d0000, 0x000001e653c50000, 0x000001e65ab00000]
CodeHeap 'profiled nmethods': size=120000Kb used=20076Kb max_used=20076Kb free=99924Kb
 bounds [0x000001e64bb00000, 0x000001e64ceb0000, 0x000001e653030000]
CodeHeap 'non-nmethods': size=5760Kb used=2400Kb max_used=2448Kb free=3359Kb
 bounds [0x000001e653030000, 0x000001e6532a0000, 0x000001e6535d0000]
 total_blobs=11362 nmethods=10442 adapters=832
 compilation: enabled
              stopped_count=0, restarted_count=0
 full_count=0

Compilation events (20 events):
Event: 92.435 Thread 0x000001e6623b36d0 12110       1       java.beans.GenericBeanInfo::getEventSetDescriptors (5 bytes)
Event: 92.435 Thread 0x000001e6623b36d0 nmethod 12110 0x000001e653c3c990 code [0x000001e653c3cb20, 0x000001e653c3cbf8]
Event: 92.435 Thread 0x000001e6623b36d0 12111       1       java.beans.GenericBeanInfo::getPropertyDescriptors (5 bytes)
Event: 92.436 Thread 0x000001e6623b36d0 nmethod 12111 0x000001e653c3cc90 code [0x000001e653c3ce20, 0x000001e653c3cef8]
Event: 92.460 Thread 0x000001e66233c620 nmethod 12100 0x000001e653c3cf90 code [0x000001e653c3d8a0, 0x000001e653c45cb8]
Event: 92.461 Thread 0x000001e66233c620 12102  s!   4       java.beans.PropertyDescriptor::getReadMethod (149 bytes)
Event: 92.466 Thread 0x000001e66233c620 nmethod 12102 0x000001e653c49f10 code [0x000001e653c4a0a0, 0x000001e653c4a538]
Event: 92.466 Thread 0x000001e66233c620 12101       4       java.beans.MethodRef::set (58 bytes)
Event: 92.553 Thread 0x000001e6623b36d0 12113       3       com.sun.beans.introspect.MethodInfo::isThrow (42 bytes)
Event: 92.554 Thread 0x000001e6623b36d0 nmethod 12113 0x000001e64ce9f090 code [0x000001e64ce9f260, 0x000001e64ce9f6c8]
Event: 92.589 Thread 0x000001e6623b36d0 12116       3       org.gradle.internal.metaobject.DynamicInvokeResult::isFound (16 bytes)
Event: 92.590 Thread 0x000001e6623b36d0 nmethod 12116 0x000001e64c580c10 code [0x000001e64c580da0, 0x000001e64c580f18]
Event: 92.601 Thread 0x000001e6623b36d0 12117   !   3       jdk.internal.misc.ScopedMemoryAccess::getIntUnaligned (22 bytes)
Event: 92.602 Thread 0x000001e6623b36d0 nmethod 12117 0x000001e64ce9f890 code [0x000001e64ce9fa80, 0x000001e64cea0028]
Event: 92.602 Thread 0x000001e6623b36d0 12118   !   3       jdk.internal.misc.ScopedMemoryAccess::getIntUnalignedInternal (38 bytes)
Event: 92.603 Thread 0x000001e6623b36d0 nmethod 12118 0x000001e64cea0310 code [0x000001e64cea04e0, 0x000001e64cea0878]
Event: 92.617 Thread 0x000001e6623b36d0 12119       3       java.util.EnumMap::get (29 bytes)
Event: 92.618 Thread 0x000001e6623b36d0 nmethod 12119 0x000001e64cea0a90 code [0x000001e64cea0c60, 0x000001e64cea1028]
Event: 92.618 Thread 0x000001e6623b36d0 12120       3       java.util.EnumMap::isValidKey (36 bytes)
Event: 92.618 Thread 0x000001e6623b36d0 nmethod 12120 0x000001e64cea1190 code [0x000001e64cea1340, 0x000001e64cea15a8]

GC Heap History (20 events):
Event: 61.277 GC heap before
{Heap before GC invocations=53 (full 0):
 garbage-first heap   total 150528K, used 120604K [0x0000000080000000, 0x0000000100000000)
  region size 1024K, 47 young (48128K), 7 survivors (7168K)
 Metaspace       used 71492K, committed 72320K, reserved 491520K
  class space    used 10092K, committed 10496K, reserved 425984K
}
Event: 61.410 GC heap after
{Heap after GC invocations=54 (full 0):
 garbage-first heap   total 150528K, used 84441K [0x0000000080000000, 0x0000000100000000)
  region size 1024K, 6 young (6144K), 6 survivors (6144K)
 Metaspace       used 71492K, committed 72320K, reserved 491520K
  class space    used 10092K, committed 10496K, reserved 425984K
}
Event: 63.515 GC heap before
{Heap before GC invocations=54 (full 0):
 garbage-first heap   total 150528K, used 120281K [0x0000000080000000, 0x0000000100000000)
  region size 1024K, 42 young (43008K), 6 survivors (6144K)
 Metaspace       used 71562K, committed 72384K, reserved 491520K
  class space    used 10093K, committed 10496K, reserved 425984K
}
Event: 63.723 GC heap after
{Heap after GC invocations=55 (full 0):
 garbage-first heap   total 150528K, used 86514K [0x0000000080000000, 0x0000000100000000)
  region size 1024K, 4 young (4096K), 4 survivors (4096K)
 Metaspace       used 71562K, committed 72384K, reserved 491520K
  class space    used 10093K, committed 10496K, reserved 425984K
}
Event: 66.006 GC heap before
{Heap before GC invocations=55 (full 0):
 garbage-first heap   total 150528K, used 120306K [0x0000000080000000, 0x0000000100000000)
  region size 1024K, 38 young (38912K), 4 survivors (4096K)
 Metaspace       used 71572K, committed 72384K, reserved 491520K
  class space    used 10093K, committed 10496K, reserved 425984K
}
Event: 66.035 GC heap after
{Heap after GC invocations=56 (full 0):
 garbage-first heap   total 150528K, used 87866K [0x0000000080000000, 0x0000000100000000)
  region size 1024K, 4 young (4096K), 4 survivors (4096K)
 Metaspace       used 71572K, committed 72384K, reserved 491520K
  class space    used 10093K, committed 10496K, reserved 425984K
}
Event: 67.913 GC heap before
{Heap before GC invocations=56 (full 0):
 garbage-first heap   total 150528K, used 122682K [0x0000000080000000, 0x0000000100000000)
  region size 1024K, 38 young (38912K), 4 survivors (4096K)
 Metaspace       used 71574K, committed 72384K, reserved 491520K
  class space    used 10093K, committed 10496K, reserved 425984K
}
Event: 67.930 GC heap after
{Heap after GC invocations=57 (full 0):
 garbage-first heap   total 150528K, used 88673K [0x0000000080000000, 0x0000000100000000)
  region size 1024K, 3 young (3072K), 3 survivors (3072K)
 Metaspace       used 71574K, committed 72384K, reserved 491520K
  class space    used 10093K, committed 10496K, reserved 425984K
}
Event: 69.132 GC heap before
{Heap before GC invocations=57 (full 0):
 garbage-first heap   total 150528K, used 124513K [0x0000000080000000, 0x0000000100000000)
  region size 1024K, 38 young (38912K), 3 survivors (3072K)
 Metaspace       used 71584K, committed 72448K, reserved 491520K
  class space    used 10093K, committed 10496K, reserved 425984K
}
Event: 69.145 GC heap after
{Heap after GC invocations=58 (full 0):
 garbage-first heap   total 150528K, used 89434K [0x0000000080000000, 0x0000000100000000)
  region size 1024K, 3 young (3072K), 3 survivors (3072K)
 Metaspace       used 71584K, committed 72448K, reserved 491520K
  class space    used 10093K, committed 10496K, reserved 425984K
}
Event: 72.767 GC heap before
{Heap before GC invocations=58 (full 0):
 garbage-first heap   total 150528K, used 130394K [0x0000000080000000, 0x0000000100000000)
  region size 1024K, 37 young (37888K), 3 survivors (3072K)
 Metaspace       used 73197K, committed 74176K, reserved 491520K
  class space    used 10294K, committed 10752K, reserved 425984K
}
Event: 72.786 GC heap after
{Heap after GC invocations=59 (full 0):
 garbage-first heap   total 150528K, used 102267K [0x0000000080000000, 0x0000000100000000)
  region size 1024K, 5 young (5120K), 5 survivors (5120K)
 Metaspace       used 73197K, committed 74176K, reserved 491520K
  class space    used 10294K, committed 10752K, reserved 425984K
}
Event: 74.558 GC heap before
{Heap before GC invocations=59 (full 0):
 garbage-first heap   total 150528K, used 125819K [0x0000000080000000, 0x0000000100000000)
  region size 1024K, 29 young (29696K), 5 survivors (5120K)
 Metaspace       used 75329K, committed 76288K, reserved 557056K
  class space    used 10511K, committed 10944K, reserved 425984K
}
Event: 74.585 GC heap after
{Heap after GC invocations=60 (full 0):
 garbage-first heap   total 150528K, used 103029K [0x0000000080000000, 0x0000000100000000)
  region size 1024K, 1 young (1024K), 1 survivors (1024K)
 Metaspace       used 75329K, committed 76288K, reserved 557056K
  class space    used 10511K, committed 10944K, reserved 425984K
}
Event: 76.179 GC heap before
{Heap before GC invocations=61 (full 0):
 garbage-first heap   total 204800K, used 125557K [0x0000000080000000, 0x0000000100000000)
  region size 1024K, 24 young (24576K), 1 survivors (1024K)
 Metaspace       used 77390K, committed 78336K, reserved 557056K
  class space    used 10714K, committed 11136K, reserved 425984K
}
Event: 76.186 GC heap after
{Heap after GC invocations=62 (full 0):
 garbage-first heap   total 204800K, used 103643K [0x0000000080000000, 0x0000000100000000)
  region size 1024K, 2 young (2048K), 2 survivors (2048K)
 Metaspace       used 77390K, committed 78336K, reserved 557056K
  class space    used 10714K, committed 11136K, reserved 425984K
}
Event: 77.176 GC heap before
{Heap before GC invocations=62 (full 0):
 garbage-first heap   total 204800K, used 110811K [0x0000000080000000, 0x0000000100000000)
  region size 1024K, 10 young (10240K), 2 survivors (2048K)
 Metaspace       used 77946K, committed 78848K, reserved 557056K
  class space    used 10791K, committed 11200K, reserved 425984K
}
Event: 77.188 GC heap after
{Heap after GC invocations=63 (full 0):
 garbage-first heap   total 264192K, used 101451K [0x0000000080000000, 0x0000000100000000)
  region size 1024K, 1 young (1024K), 1 survivors (1024K)
 Metaspace       used 77946K, committed 78848K, reserved 557056K
  class space    used 10791K, committed 11200K, reserved 425984K
}
Event: 88.821 GC heap before
{Heap before GC invocations=63 (full 0):
 garbage-first heap   total 264192K, used 219211K [0x0000000080000000, 0x0000000100000000)
  region size 1024K, 109 young (111616K), 1 survivors (1024K)
 Metaspace       used 85411K, committed 86400K, reserved 557056K
  class space    used 11762K, committed 12224K, reserved 425984K
}
Event: 88.867 GC heap after
{Heap after GC invocations=64 (full 0):
 garbage-first heap   total 264192K, used 111743K [0x0000000080000000, 0x0000000100000000)
  region size 1024K, 8 young (8192K), 8 survivors (8192K)
 Metaspace       used 85411K, committed 86400K, reserved 557056K
  class space    used 11762K, committed 12224K, reserved 425984K
}

Dll operation events (15 events):
Event: 0.021 Loaded shared library C:\Program Files\OpenLogic\jdk-17.0.14.7-hotspot\bin\java.dll
Event: 0.055 Loaded shared library C:\Program Files\OpenLogic\jdk-17.0.14.7-hotspot\bin\jsvml.dll
Event: 0.482 Loaded shared library C:\Program Files\OpenLogic\jdk-17.0.14.7-hotspot\bin\zip.dll
Event: 0.492 Loaded shared library C:\Program Files\OpenLogic\jdk-17.0.14.7-hotspot\bin\instrument.dll
Event: 0.501 Loaded shared library C:\Program Files\OpenLogic\jdk-17.0.14.7-hotspot\bin\net.dll
Event: 0.503 Loaded shared library C:\Program Files\OpenLogic\jdk-17.0.14.7-hotspot\bin\nio.dll
Event: 0.508 Loaded shared library C:\Program Files\OpenLogic\jdk-17.0.14.7-hotspot\bin\zip.dll
Event: 1.144 Loaded shared library C:\Program Files\OpenLogic\jdk-17.0.14.7-hotspot\bin\jimage.dll
Event: 1.555 Loaded shared library C:\Program Files\OpenLogic\jdk-17.0.14.7-hotspot\bin\verify.dll
Event: 1.932 Loaded shared library C:\Users\Kuldeep\.gradle\native\c067742578af261105cb4f569cf0c3c89f3d7b1fecec35dd04571415982c5e48\windows-amd64\native-platform.dll
Event: 1.951 Loaded shared library C:\Users\Kuldeep\.gradle\native\100fb08df4bc3b14c8652ba06237920a3bd2aa13389f12d3474272988ae205f9\windows-amd64\native-platform-file-events.dll
Event: 6.090 Loaded shared library C:\Program Files\OpenLogic\jdk-17.0.14.7-hotspot\bin\management.dll
Event: 6.096 Loaded shared library C:\Program Files\OpenLogic\jdk-17.0.14.7-hotspot\bin\management_ext.dll
Event: 7.085 Loaded shared library C:\Program Files\OpenLogic\jdk-17.0.14.7-hotspot\bin\extnet.dll
Event: 8.365 Loaded shared library C:\Program Files\OpenLogic\jdk-17.0.14.7-hotspot\bin\sunmscapi.dll

Deoptimization events (20 events):
Event: 88.661 Thread 0x000001e67ea1d2b0 Uncommon trap: trap_request=0xffffffde fr.pc=0x000001e653b9dc3c relative=0x0000000000000bfc
Event: 88.661 Thread 0x000001e67ea1d2b0 Uncommon trap: reason=class_check action=maybe_recompile pc=0x000001e653b9dc3c method=org.gradle.internal.snapshot.impl.AbstractValueProcessor.processValue(Ljava/lang/Object;Lorg/gradle/internal/snapshot/impl/AbstractValueProcessor$ValueVisitor;)Ljava/lan
Event: 88.661 Thread 0x000001e67ea1d2b0 DEOPT PACKING pc=0x000001e653b9dc3c sp=0x00000088794f3d70
Event: 88.661 Thread 0x000001e67ea1d2b0 DEOPT UNPACKING pc=0x000001e65308a1a3 sp=0x00000088794f3d18 mode 2
Event: 88.662 Thread 0x000001e67ea1d2b0 Uncommon trap: trap_request=0xffffffde fr.pc=0x000001e653b9dc3c relative=0x0000000000000bfc
Event: 88.662 Thread 0x000001e67ea1d2b0 Uncommon trap: reason=class_check action=maybe_recompile pc=0x000001e653b9dc3c method=org.gradle.internal.snapshot.impl.AbstractValueProcessor.processValue(Ljava/lang/Object;Lorg/gradle/internal/snapshot/impl/AbstractValueProcessor$ValueVisitor;)Ljava/lan
Event: 88.662 Thread 0x000001e67ea1d2b0 DEOPT PACKING pc=0x000001e653b9dc3c sp=0x00000088794f3d70
Event: 88.662 Thread 0x000001e67ea1d2b0 DEOPT UNPACKING pc=0x000001e65308a1a3 sp=0x00000088794f3d18 mode 2
Event: 90.086 Thread 0x000001e67ea1d2b0 Uncommon trap: trap_request=0xffffffd6 fr.pc=0x000001e653980b28 relative=0x00000000000022c8
Event: 90.086 Thread 0x000001e67ea1d2b0 Uncommon trap: reason=array_check action=maybe_recompile pc=0x000001e653980b28 method=java.util.TimSort.binarySort([Ljava/lang/Object;IIILjava/util/Comparator;)V @ 193 c2
Event: 90.086 Thread 0x000001e67ea1d2b0 DEOPT PACKING pc=0x000001e653980b28 sp=0x00000088794f55b0
Event: 90.086 Thread 0x000001e67ea1d2b0 DEOPT UNPACKING pc=0x000001e65308a1a3 sp=0x00000088794f54d0 mode 2
Event: 90.976 Thread 0x000001e67ea1d2b0 Uncommon trap: trap_request=0xffffff45 fr.pc=0x000001e653af8ef8 relative=0x0000000000000438
Event: 90.976 Thread 0x000001e67ea1d2b0 Uncommon trap: reason=unstable_if action=reinterpret pc=0x000001e653af8ef8 method=java.util.StringJoiner.add(Ljava/lang/CharSequence;)Ljava/util/StringJoiner; @ 33 c2
Event: 90.976 Thread 0x000001e67ea1d2b0 DEOPT PACKING pc=0x000001e653af8ef8 sp=0x00000088794f3df0
Event: 90.976 Thread 0x000001e67ea1d2b0 DEOPT UNPACKING pc=0x000001e65308a1a3 sp=0x00000088794f3da0 mode 2
Event: 92.718 Thread 0x000001e67ea1d2b0 Uncommon trap: trap_request=0xfffffff4 fr.pc=0x000001e653c3903c relative=0x00000000000031dc
Event: 92.718 Thread 0x000001e67ea1d2b0 Uncommon trap: reason=null_check action=make_not_entrant pc=0x000001e653c3903c method=java.lang.PublicMethods$MethodList.getMostSpecific()Ljava/lang/reflect/Method; @ 41 c2
Event: 92.718 Thread 0x000001e67ea1d2b0 DEOPT PACKING pc=0x000001e653c3903c sp=0x00000088794eff00
Event: 93.303 Thread 0x000001e67ea1d2b0 DEOPT UNPACKING pc=0x000001e65308a1a3 sp=0x00000088794efe00 mode 2

Classes loaded (20 events):
Event: 78.457 Loading class java/util/Base64
Event: 78.465 Loading class java/util/Base64 done
Event: 78.465 Loading class java/util/Base64$Decoder
Event: 78.474 Loading class java/util/Base64$Decoder done
Event: 78.474 Loading class java/util/Base64$Encoder
Event: 78.482 Loading class java/util/Base64$Encoder done
Event: 78.488 Loading class java/util/jar/JarVerifier$VerifierStream
Event: 78.490 Loading class java/util/jar/JarVerifier$VerifierStream done
Event: 78.493 Loading class sun/security/util/ManifestEntryVerifier$SunProviderHolder
Event: 78.494 Loading class sun/security/util/ManifestEntryVerifier$SunProviderHolder done
Event: 79.399 Loading class java/security/KeyStore$ProtectionParameter
Event: 79.399 Loading class java/security/KeyStore$ProtectionParameter done
Event: 83.233 Loading class java/security/KeyStore
Event: 83.237 Loading class java/security/KeyStore done
Event: 83.237 Loading class java/security/KeyStore$1
Event: 83.237 Loading class java/security/KeyStore$1 done
Event: 84.655 Loading class javax/xml/stream/XMLStreamException
Event: 84.662 Loading class javax/xml/stream/XMLStreamException done
Event: 91.755 Loading class java/beans/IntrospectionException
Event: 91.761 Loading class java/beans/IntrospectionException done

Classes unloaded (0 events):
No events

Classes redefined (0 events):
No events

Internal exceptions (20 events):
Event: 92.313 Thread 0x000001e67ea1d2b0 Exception <a 'java/lang/ClassNotFoundException'{0x000000008d737270}: org/gradle/api/internal/FactoryNamedDomainObjectContainer_DecoratedBeanInfo> (0x000000008d737270) 
thrown [s\src\hotspot\share\classfile\systemDictionary.cpp, line 256]
Event: 92.316 Thread 0x000001e67ea1d2b0 Exception <a 'java/lang/ClassNotFoundException'{0x000000008d756800}: org/gradle/api/internal/FactoryNamedDomainObjectContainerBeanInfo> (0x000000008d756800) 
thrown [s\src\hotspot\share\classfile\systemDictionary.cpp, line 256]
Event: 92.320 Thread 0x000001e67ea1d2b0 Exception <a 'java/lang/ClassNotFoundException'{0x000000008d776580}: org/gradle/api/internal/AbstractNamedDomainObjectContainerBeanInfo> (0x000000008d776580) 
thrown [s\src\hotspot\share\classfile\systemDictionary.cpp, line 256]
Event: 92.336 Thread 0x000001e67ea1d2b0 Exception <a 'java/lang/ClassNotFoundException'{0x000000008d796e00}: org/gradle/api/internal/DefaultNamedDomainObjectSetBeanInfo> (0x000000008d796e00) 
thrown [s\src\hotspot\share\classfile\systemDictionary.cpp, line 256]
Event: 92.338 Thread 0x000001e67ea1d2b0 Exception <a 'java/lang/ClassNotFoundException'{0x000000008d7b6bc8}: org/gradle/api/internal/DefaultNamedDomainObjectSetCustomizer> (0x000000008d7b6bc8) 
thrown [s\src\hotspot\share\classfile\systemDictionary.cpp, line 256]
Event: 92.355 Thread 0x000001e67ea1d2b0 Exception <a 'java/lang/ClassNotFoundException'{0x000000008d605dd0}: org/gradle/api/internal/AbstractNamedDomainObjectContainerCustomizer> (0x000000008d605dd0) 
thrown [s\src\hotspot\share\classfile\systemDictionary.cpp, line 256]
Event: 92.360 Thread 0x000001e67ea1d2b0 Exception <a 'java/lang/ClassNotFoundException'{0x000000008d64b9f8}: org/gradle/api/internal/FactoryNamedDomainObjectContainerCustomizer> (0x000000008d64b9f8) 
thrown [s\src\hotspot\share\classfile\systemDictionary.cpp, line 256]
Event: 92.369 Thread 0x000001e67ea1d2b0 Exception <a 'java/lang/ClassNotFoundException'{0x000000008d673dd8}: org/gradle/api/internal/FactoryNamedDomainObjectContainer_DecoratedCustomizer> (0x000000008d673dd8) 
thrown [s\src\hotspot\share\classfile\systemDictionary.cpp, line 256]
Event: 92.413 Thread 0x000001e67ea1d2b0 Exception <a 'java/lang/ClassNotFoundException'{0x000000008d6ecff0}: com/android/build/gradle/internal/dsl/SigningConfig$AgpDecorated_DecoratedBeanInfo> (0x000000008d6ecff0) 
thrown [s\src\hotspot\share\classfile\systemDictionary.cpp, line 256]
Event: 92.416 Thread 0x000001e67ea1d2b0 Exception <a 'java/lang/ClassNotFoundException'{0x000000008d5030a8}: com/android/build/gradle/internal/dsl/SigningConfig$AgpDecoratedBeanInfo> (0x000000008d5030a8) 
thrown [s\src\hotspot\share\classfile\systemDictionary.cpp, line 256]
Event: 92.418 Thread 0x000001e67ea1d2b0 Exception <a 'java/lang/ClassNotFoundException'{0x000000008d518cb0}: com/android/build/gradle/internal/dsl/SigningConfigBeanInfo> (0x000000008d518cb0) 
thrown [s\src\hotspot\share\classfile\systemDictionary.cpp, line 256]
Event: 92.420 Thread 0x000001e67ea1d2b0 Exception <a 'java/lang/ClassNotFoundException'{0x000000008d52e778}: com/android/builder/signing/DefaultSigningConfigBeanInfo> (0x000000008d52e778) 
thrown [s\src\hotspot\share\classfile\systemDictionary.cpp, line 256]
Event: 92.421 Thread 0x000001e67ea1d2b0 Exception <a 'java/lang/ClassNotFoundException'{0x000000008d544270}: com/android/builder/signing/DefaultSigningConfigCustomizer> (0x000000008d544270) 
thrown [s\src\hotspot\share\classfile\systemDictionary.cpp, line 256]
Event: 92.435 Thread 0x000001e67ea1d2b0 Exception <a 'java/lang/ClassNotFoundException'{0x000000008d571b18}: com/android/build/gradle/internal/dsl/SigningConfigCustomizer> (0x000000008d571b18) 
thrown [s\src\hotspot\share\classfile\systemDictionary.cpp, line 256]
Event: 92.441 Thread 0x000001e67ea1d2b0 Exception <a 'java/lang/ClassNotFoundException'{0x000000008d590ff0}: com/android/build/gradle/internal/dsl/SigningConfig$AgpDecoratedCustomizer> (0x000000008d590ff0) 
thrown [s\src\hotspot\share\classfile\systemDictionary.cpp, line 256]
Event: 92.483 Thread 0x000001e67ea1d2b0 Exception <a 'java/lang/ClassNotFoundException'{0x000000008d5caad0}: com/android/build/gradle/internal/dsl/SigningConfig$AgpDecorated_DecoratedCustomizer> (0x000000008d5caad0) 
thrown [s\src\hotspot\share\classfile\systemDictionary.cpp, line 256]
Event: 92.567 Thread 0x000001e67ea1d2b0 Exception <a 'java/lang/ClassNotFoundException'{0x000000008d439ae0}: build_7jxe7xtl08812rxymx0k85yw8$_run_closure2$_closure5BeanInfo> (0x000000008d439ae0) 
thrown [s\src\hotspot\share\classfile\systemDictionary.cpp, line 256]
Event: 92.568 Thread 0x000001e67ea1d2b0 Exception <a 'java/lang/ClassNotFoundException'{0x000000008d44a4b0}: build_7jxe7xtl08812rxymx0k85yw8$_run_closure2$_closure5Customizer> (0x000000008d44a4b0) 
thrown [s\src\hotspot\share\classfile\systemDictionary.cpp, line 256]
Event: 92.596 Thread 0x000001e67ea1d2b0 Exception <a 'java/lang/ClassNotFoundException'{0x000000008d478810}: build_7jxe7xtl08812rxymx0k85yw8$_run_closure2BeanInfo> (0x000000008d478810) 
thrown [s\src\hotspot\share\classfile\systemDictionary.cpp, line 256]
Event: 92.599 Thread 0x000001e67ea1d2b0 Exception <a 'java/lang/ClassNotFoundException'{0x000000008d489320}: build_7jxe7xtl08812rxymx0k85yw8$_run_closure2Customizer> (0x000000008d489320) 
thrown [s\src\hotspot\share\classfile\systemDictionary.cpp, line 256]

VM Operations (20 events):
Event: 83.276 Executing VM operation: Cleanup done
Event: 84.285 Executing VM operation: Cleanup
Event: 84.285 Executing VM operation: Cleanup done
Event: 85.297 Executing VM operation: Cleanup
Event: 85.313 Executing VM operation: Cleanup done
Event: 86.326 Executing VM operation: Cleanup
Event: 86.341 Executing VM operation: Cleanup done
Event: 87.355 Executing VM operation: Cleanup
Event: 87.356 Executing VM operation: Cleanup done
Event: 88.369 Executing VM operation: Cleanup
Event: 88.369 Executing VM operation: Cleanup done
Event: 88.819 Executing VM operation: G1CollectForAllocation
Event: 88.867 Executing VM operation: G1CollectForAllocation done
Event: 89.868 Executing VM operation: Cleanup
Event: 89.869 Executing VM operation: Cleanup done
Event: 90.873 Executing VM operation: Cleanup
Event: 90.888 Executing VM operation: Cleanup done
Event: 91.890 Executing VM operation: Cleanup
Event: 91.904 Executing VM operation: Cleanup done
Event: 92.908 Executing VM operation: Cleanup

Memory protections (0 events):
No events

Nmethod flushes (20 events):
Event: 68.400 Thread 0x000001e6623b6f10 flushing  nmethod 0x000001e64ca90090
Event: 68.400 Thread 0x000001e6623b6f10 flushing  nmethod 0x000001e64ca93c10
Event: 68.400 Thread 0x000001e6623b6f10 flushing  nmethod 0x000001e64cab9510
Event: 68.400 Thread 0x000001e6623b6f10 flushing  nmethod 0x000001e64cb06910
Event: 68.400 Thread 0x000001e6623b6f10 flushing  nmethod 0x000001e64cb07490
Event: 68.400 Thread 0x000001e6623b6f10 flushing  nmethod 0x000001e64cb11a10
Event: 68.400 Thread 0x000001e6623b6f10 flushing  nmethod 0x000001e64cb1fa90
Event: 68.400 Thread 0x000001e6623b6f10 flushing  nmethod 0x000001e64cb21390
Event: 68.400 Thread 0x000001e6623b6f10 flushing  nmethod 0x000001e64cb2a510
Event: 68.400 Thread 0x000001e6623b6f10 flushing  nmethod 0x000001e64cb6a510
Event: 68.401 Thread 0x000001e6623b6f10 flushing  nmethod 0x000001e64cbb0990
Event: 68.401 Thread 0x000001e6623b6f10 flushing  nmethod 0x000001e64cbb9a10
Event: 68.401 Thread 0x000001e6623b6f10 flushing osr nmethod 0x000001e64cbe0110
Event: 68.401 Thread 0x000001e6623b6f10 flushing  nmethod 0x000001e64cbe2990
Event: 68.401 Thread 0x000001e6623b6f10 flushing  nmethod 0x000001e64cbe4b10
Event: 68.401 Thread 0x000001e6623b6f10 flushing  nmethod 0x000001e64cbe9c10
Event: 68.401 Thread 0x000001e6623b6f10 flushing  nmethod 0x000001e64cc02910
Event: 68.402 Thread 0x000001e6623b6f10 flushing  nmethod 0x000001e64cd14290
Event: 68.403 Thread 0x000001e6623b6f10 flushing  nmethod 0x000001e64ce1aa10
Event: 68.403 Thread 0x000001e6623b6f10 flushing  nmethod 0x000001e64ce25b10

Events (20 events):
Event: 54.544 Thread 0x000001e60515dac0 Thread added: 0x000001e6054b3120
Event: 54.545 Thread 0x000001e60515dac0 Thread added: 0x000001e6054b21f0
Event: 54.546 Thread 0x000001e60515dac0 Thread added: 0x000001e6054b3630
Event: 54.869 Thread 0x000001e67ea1d2b0 Thread added: 0x000001e6054b17d0
Event: 54.869 Thread 0x000001e67ea1d2b0 Thread added: 0x000001e6054b68d0
Event: 54.869 Thread 0x000001e67ea1d2b0 Thread added: 0x000001e6054b5490
Event: 54.945 Thread 0x000001e67ea1d2b0 Thread added: 0x000001e6054b6de0
Event: 54.946 Thread 0x000001e67ea1d2b0 Thread added: 0x000001e6054b72f0
Event: 54.947 Thread 0x000001e67ea1d2b0 Thread added: 0x000001e6054b5eb0
Event: 55.075 Thread 0x000001e67ea1d2b0 Thread added: 0x000001e6054b3b40
Event: 55.076 Thread 0x000001e67ea1d2b0 Thread added: 0x000001e6054b7800
Event: 55.077 Thread 0x000001e67ea1d2b0 Thread added: 0x000001e6054b59a0
Event: 55.519 Thread 0x000001e67ea1d2b0 Thread added: 0x000001e6054b63c0
Event: 57.040 Thread 0x000001e67ea1d2b0 Thread added: 0x000001e6054b7d10
Event: 59.406 Thread 0x000001e60515dac0 Thread added: 0x000001e6054b4560
Event: 59.407 Thread 0x000001e60515dac0 Thread added: 0x000001e6054b8220
Event: 59.407 Thread 0x000001e60515dac0 Thread added: 0x000001e605c25710
Event: 59.507 Thread 0x000001e60515dac0 Thread added: 0x000001e605c247e0
Event: 69.232 Thread 0x000001e67ea1d2b0 Thread added: 0x000001e605c238b0
Event: 86.459 Thread 0x000001e67ea1d2b0 Thread added: 0x000001e605c26640


Dynamic libraries:
0x00007ff7bed10000 - 0x00007ff7bed1e000 	C:\Program Files\OpenLogic\jdk-17.0.14.7-hotspot\bin\java.exe
0x00007fff60320000 - 0x00007fff60585000 	C:\WINDOWS\SYSTEM32\ntdll.dll
0x00007fff5eb40000 - 0x00007fff5ec09000 	C:\WINDOWS\System32\KERNEL32.DLL
0x00007fff5dcd0000 - 0x00007fff5e0b8000 	C:\WINDOWS\System32\KERNELBASE.dll
0x00007fff5d470000 - 0x00007fff5d5bb000 	C:\WINDOWS\System32\ucrtbase.dll
0x00007fff4b200000 - 0x00007fff4b217000 	C:\Program Files\OpenLogic\jdk-17.0.14.7-hotspot\bin\jli.dll
0x00007fff5ffa0000 - 0x00007fff6016a000 	C:\WINDOWS\System32\USER32.dll
0x00007fff4b220000 - 0x00007fff4b23b000 	C:\Program Files\OpenLogic\jdk-17.0.14.7-hotspot\bin\VCRUNTIME140.dll
0x00007fff5db60000 - 0x00007fff5db87000 	C:\WINDOWS\System32\win32u.dll
0x00007fff5e200000 - 0x00007fff5e22b000 	C:\WINDOWS\System32\GDI32.dll
0x00007fff5d980000 - 0x00007fff5dab7000 	C:\WINDOWS\System32\gdi32full.dll
0x00007fff5dc20000 - 0x00007fff5dcc3000 	C:\WINDOWS\System32\msvcp_win.dll
0x00007fff45eb0000 - 0x00007fff4614a000 	C:\WINDOWS\WinSxS\amd64_microsoft.windows.common-controls_6595b64144ccf1df_6.0.26100.4202_none_3e0698d4e335f517\COMCTL32.dll
0x00007fff5ecd0000 - 0x00007fff5ed79000 	C:\WINDOWS\System32\msvcrt.dll
0x00007fff5e890000 - 0x00007fff5e8c0000 	C:\WINDOWS\System32\IMM32.DLL
0x00007fff56d80000 - 0x00007fff56d8c000 	C:\Program Files\OpenLogic\jdk-17.0.14.7-hotspot\bin\vcruntime140_1.dll
0x00007ffefcb10000 - 0x00007ffefcb9d000 	C:\Program Files\OpenLogic\jdk-17.0.14.7-hotspot\bin\msvcp140.dll
0x00007ffecdee0000 - 0x00007ffeceb4c000 	C:\Program Files\OpenLogic\jdk-17.0.14.7-hotspot\bin\server\jvm.dll
0x00007fff5e5b0000 - 0x00007fff5e663000 	C:\WINDOWS\System32\ADVAPI32.dll
0x00007fff5ec20000 - 0x00007fff5ecc6000 	C:\WINDOWS\System32\sechost.dll
0x00007fff5e0c0000 - 0x00007fff5e1d5000 	C:\WINDOWS\System32\RPCRT4.dll
0x00007fff60260000 - 0x00007fff602d4000 	C:\WINDOWS\System32\WS2_32.dll
0x00007fff5d2c0000 - 0x00007fff5d31e000 	C:\WINDOWS\SYSTEM32\POWRPROF.dll
0x00007fff46150000 - 0x00007fff46185000 	C:\WINDOWS\SYSTEM32\WINMM.dll
0x00007fff57170000 - 0x00007fff5717b000 	C:\WINDOWS\SYSTEM32\VERSION.dll
0x00007fff5d2a0000 - 0x00007fff5d2b4000 	C:\WINDOWS\SYSTEM32\UMPDC.dll
0x00007fff5c230000 - 0x00007fff5c24b000 	C:\WINDOWS\SYSTEM32\kernel.appcore.dll
0x00007fff54c00000 - 0x00007fff54c0a000 	C:\Program Files\OpenLogic\jdk-17.0.14.7-hotspot\bin\jimage.dll
0x00007fff57a30000 - 0x00007fff57c71000 	C:\WINDOWS\SYSTEM32\DBGHELP.DLL
0x00007fff5f5c0000 - 0x00007fff5f945000 	C:\WINDOWS\System32\combase.dll
0x00007fff60170000 - 0x00007fff60251000 	C:\WINDOWS\System32\OLEAUT32.dll
0x00007fff402b0000 - 0x00007fff402e9000 	C:\WINDOWS\SYSTEM32\dbgcore.DLL
0x00007fff5dac0000 - 0x00007fff5db59000 	C:\WINDOWS\System32\bcryptPrimitives.dll
0x00007fff4b2c0000 - 0x00007fff4b2ce000 	C:\Program Files\OpenLogic\jdk-17.0.14.7-hotspot\bin\instrument.dll
0x00007fff4b010000 - 0x00007fff4b035000 	C:\Program Files\OpenLogic\jdk-17.0.14.7-hotspot\bin\java.dll
0x00007ffef4f00000 - 0x00007ffef4fd6000 	C:\Program Files\OpenLogic\jdk-17.0.14.7-hotspot\bin\jsvml.dll
0x00007fff5ed80000 - 0x00007fff5f4c2000 	C:\WINDOWS\System32\SHELL32.dll
0x00007fff5d680000 - 0x00007fff5d7f4000 	C:\WINDOWS\System32\wintypes.dll
0x00007fff5b110000 - 0x00007fff5b968000 	C:\WINDOWS\SYSTEM32\windows.storage.dll
0x00007fff5e9c0000 - 0x00007fff5eab1000 	C:\WINDOWS\System32\SHCORE.dll
0x00007fff5f4d0000 - 0x00007fff5f53a000 	C:\WINDOWS\System32\shlwapi.dll
0x00007fff5d380000 - 0x00007fff5d3af000 	C:\WINDOWS\SYSTEM32\profapi.dll
0x00007fff39c40000 - 0x00007fff39c58000 	C:\Program Files\OpenLogic\jdk-17.0.14.7-hotspot\bin\zip.dll
0x00007fff4aff0000 - 0x00007fff4b009000 	C:\Program Files\OpenLogic\jdk-17.0.14.7-hotspot\bin\net.dll
0x00007fff4d0a0000 - 0x00007fff4d1be000 	C:\WINDOWS\SYSTEM32\WINHTTP.dll
0x00007fff5c7a0000 - 0x00007fff5c80a000 	C:\WINDOWS\system32\mswsock.dll
0x00007fff39d50000 - 0x00007fff39d66000 	C:\Program Files\OpenLogic\jdk-17.0.14.7-hotspot\bin\nio.dll
0x00007fff4b250000 - 0x00007fff4b260000 	C:\Program Files\OpenLogic\jdk-17.0.14.7-hotspot\bin\verify.dll
0x00007fff3f920000 - 0x00007fff3f947000 	C:\Users\Kuldeep\.gradle\native\c067742578af261105cb4f569cf0c3c89f3d7b1fecec35dd04571415982c5e48\windows-amd64\native-platform.dll
0x00007ffefbd40000 - 0x00007ffefbe84000 	C:\Users\Kuldeep\.gradle\native\100fb08df4bc3b14c8652ba06237920a3bd2aa13389f12d3474272988ae205f9\windows-amd64\native-platform-file-events.dll
0x00007fff54b60000 - 0x00007fff54b69000 	C:\Program Files\OpenLogic\jdk-17.0.14.7-hotspot\bin\management.dll
0x00007fff4d2f0000 - 0x00007fff4d2fb000 	C:\Program Files\OpenLogic\jdk-17.0.14.7-hotspot\bin\management_ext.dll
0x00007fff5e4f0000 - 0x00007fff5e4f8000 	C:\WINDOWS\System32\PSAPI.DLL
0x00007fff5ca50000 - 0x00007fff5ca6b000 	C:\WINDOWS\SYSTEM32\CRYPTSP.dll
0x00007fff5c190000 - 0x00007fff5c1ca000 	C:\WINDOWS\system32\rsaenh.dll
0x00007fff5c840000 - 0x00007fff5c86b000 	C:\WINDOWS\SYSTEM32\USERENV.dll
0x00007fff5d350000 - 0x00007fff5d376000 	C:\WINDOWS\SYSTEM32\bcrypt.dll
0x00007fff5ca70000 - 0x00007fff5ca7c000 	C:\WINDOWS\SYSTEM32\CRYPTBASE.dll
0x00007fff5bcb0000 - 0x00007fff5bce3000 	C:\WINDOWS\SYSTEM32\IPHLPAPI.DLL
0x00007fff5e230000 - 0x00007fff5e23a000 	C:\WINDOWS\System32\NSI.dll
0x00007fff4d920000 - 0x00007fff4d93f000 	C:\WINDOWS\SYSTEM32\dhcpcsvc6.DLL
0x00007fff4dc80000 - 0x00007fff4dca5000 	C:\WINDOWS\SYSTEM32\dhcpcsvc.DLL
0x00007fff5bd50000 - 0x00007fff5be77000 	C:\WINDOWS\SYSTEM32\DNSAPI.dll
0x00007fff4b1f0000 - 0x00007fff4b1f8000 	C:\Program Files\OpenLogic\jdk-17.0.14.7-hotspot\bin\extnet.dll
0x00007fff4b2b0000 - 0x00007fff4b2be000 	C:\Program Files\OpenLogic\jdk-17.0.14.7-hotspot\bin\sunmscapi.dll
0x00007fff5d800000 - 0x00007fff5d977000 	C:\WINDOWS\System32\CRYPT32.dll
0x00007fff5cc70000 - 0x00007fff5cca0000 	C:\WINDOWS\SYSTEM32\ncrypt.dll
0x00007fff5cc20000 - 0x00007fff5cc5f000 	C:\WINDOWS\SYSTEM32\NTASN1.dll
0x00007fff54b20000 - 0x00007fff54b28000 	C:\WINDOWS\system32\wshunix.dll
0x00007fff3cd60000 - 0x00007fff3cd78000 	C:\WINDOWS\system32\napinsp.dll
0x00007fff3cab0000 - 0x00007fff3cac2000 	C:\WINDOWS\System32\winrnr.dll
0x00007fff3ca70000 - 0x00007fff3caa0000 	C:\WINDOWS\system32\nlansp_c.dll
0x00007fff4b040000 - 0x00007fff4b060000 	C:\WINDOWS\system32\wshbth.dll
0x00007fff4d910000 - 0x00007fff4d91b000 	C:\Windows\System32\rasadhlp.dll
0x00007fff4aa50000 - 0x00007fff4aad6000 	C:\WINDOWS\System32\fwpuclnt.dll

dbghelp: loaded successfully - version: 4.0.5 - missing functions: none
symbol engine: initialized successfully - sym options: 0x614 - pdb path: .;C:\Program Files\OpenLogic\jdk-17.0.14.7-hotspot\bin;C:\WINDOWS\SYSTEM32;C:\WINDOWS\WinSxS\amd64_microsoft.windows.common-controls_6595b64144ccf1df_6.0.26100.4202_none_3e0698d4e335f517;C:\Program Files\OpenLogic\jdk-17.0.14.7-hotspot\bin\server;C:\Users\Kuldeep\.gradle\native\c067742578af261105cb4f569cf0c3c89f3d7b1fecec35dd04571415982c5e48\windows-amd64;C:\Users\Kuldeep\.gradle\native\100fb08df4bc3b14c8652ba06237920a3bd2aa13389f12d3474272988ae205f9\windows-amd64

VM Arguments:
jvm_args: -XX:MaxMetaspaceSize=512m --add-opens=java.base/java.util=ALL-UNNAMED --add-opens=java.base/java.lang=ALL-UNNAMED --add-opens=java.base/java.lang.invoke=ALL-UNNAMED --add-opens=java.prefs/java.util.prefs=ALL-UNNAMED --add-exports=jdk.compiler/com.sun.tools.javac.api=ALL-UNNAMED --add-exports=jdk.compiler/com.sun.tools.javac.util=ALL-UNNAMED --add-opens=java.base/java.nio.charset=ALL-UNNAMED --add-opens=java.base/java.net=ALL-UNNAMED --add-opens=java.base/java.util.concurrent.atomic=ALL-UNNAMED -Xmx2048m -Dfile.encoding=windows-1252 -Duser.country=IN -Duser.language=en -Duser.variant -javaagent:C:\Users\Kuldeep\.gradle\wrapper\dists\gradle-8.10.2-all\7iv73wktx1xtkvlq19urqw1wm\gradle-8.10.2\lib\agents\gradle-instrumentation-agent-8.10.2.jar 
java_command: org.gradle.launcher.daemon.bootstrap.GradleDaemon 8.10.2
java_class_path (initial): C:\Users\Kuldeep\.gradle\wrapper\dists\gradle-8.10.2-all\7iv73wktx1xtkvlq19urqw1wm\gradle-8.10.2\lib\gradle-daemon-main-8.10.2.jar
Launcher Type: SUN_STANDARD

[Global flags]
     intx CICompilerCount                          = 3                                         {product} {ergonomic}
   size_t CompressedClassSpaceSize                 = 436207616                                 {product} {ergonomic}
     uint ConcGCThreads                            = 1                                         {product} {ergonomic}
     uint G1ConcRefinementThreads                  = 4                                         {product} {ergonomic}
   size_t G1HeapRegionSize                         = 1048576                                   {product} {ergonomic}
    uintx GCDrainStackTargetSize                   = 64                                        {product} {ergonomic}
   size_t InitialHeapSize                          = 65011712                                  {product} {ergonomic}
   size_t MarkStackSize                            = 4194304                                   {product} {ergonomic}
   size_t MaxHeapSize                              = 2147483648                                {product} {command line}
   size_t MaxMetaspaceSize                         = 536870912                                 {product} {command line}
   size_t MaxNewSize                               = 1287651328                                {product} {ergonomic}
   size_t MinHeapDeltaBytes                        = 1048576                                   {product} {ergonomic}
   size_t MinHeapSize                              = 8388608                                   {product} {ergonomic}
    uintx NonNMethodCodeHeapSize                   = 5832780                                {pd product} {ergonomic}
    uintx NonProfiledCodeHeapSize                  = 122912730                              {pd product} {ergonomic}
    uintx ProfiledCodeHeapSize                     = 122912730                              {pd product} {ergonomic}
    uintx ReservedCodeCacheSize                    = 251658240                              {pd product} {ergonomic}
     bool SegmentedCodeCache                       = true                                      {product} {ergonomic}
   size_t SoftMaxHeapSize                          = 2147483648                             {manageable} {ergonomic}
     bool UseCompressedClassPointers               = true                           {product lp64_product} {ergonomic}
     bool UseCompressedOops                        = true                           {product lp64_product} {ergonomic}
     bool UseG1GC                                  = true                                      {product} {ergonomic}
     bool UseLargePagesIndividualAllocation        = false                                  {pd product} {ergonomic}

Logging:
Log output configuration:
 #0: stdout all=warning uptime,level,tags
 #1: stderr all=off uptime,level,tags

Environment Variables:
JAVA_HOME=C:\Program Files\OpenLogic\jdk-17.0.14.7-hotspot
CLASSPATH=C:\Users\Kuldeep\Touch-Comeback\android\\gradle\wrapper\gradle-wrapper.jar
PATH=C:\Users\Kuldeep\Touch-Comeback\node_modules\.bin;C:\Users\Kuldeep\Touch-Comeback\node_modules\.bin;C:\Users\Kuldeep\node_modules\.bin;C:\Users\node_modules\.bin;C:\node_modules\.bin;C:\Users\Kuldeep\AppData\Local\nvm\v18.20.8\node_modules\npm\node_modules\@npmcli\run-script\lib\node-gyp-bin;C:\Program Files\OpenLogic\jdk-17.0.14.7-hotspot\bin;C:\WINDOWS\system32;C:\WINDOWS;C:\WINDOWS\System32\Wbem;C:\WINDOWS\System32\WindowsPowerShell\v1.0\;C:\WINDOWS\System32\OpenSSH\;C:\Program Files\Microsoft SQL Server\150\Tools\Binn\;C:\Program Files\Microsoft SQL Server\Client SDK\ODBC\170\Tools\Binn\;C:\Program Files\dotnet\;C:\WINDOWS\system32;C:\WINDOWS;C:\WINDOWS\System32\Wbem;C:\WINDOWS\System32\WindowsPowerShell\v1.0\;C:\WINDOWS\System32\OpenSSH\;C:\MinGW\bin;C:\Users\Kuldeep\AppData\Local\Android\Sdk;C:\Users\Kuldeep\AppData\Local\Android\Sdk\tools\bin;C:\Users\Kuldeep\AppData\Local\Android\Sdk\emulator;C:\Users\Kuldeep\AppData\Local\Android\Sdk\platform-tools;C:\Program Files\Git\cmd;C:\ProgramData\chocolatey\bin;C:\Users\Kuldeep\AppData\Local\nvm;C:\nvm4w\nodejs;C:\Program Files\MongoDB\Server\6.0\bin;C:\Program Files (x86)\cloudflared\;C:\Program Files\MySQL\MySQL Shell 8.0\bin\;C:\Users\Kuldeep\AppData\Local\Android\Sdk\platform-tools;C:\Users\Kuldeep\AppData\Local\Android\Sdk\tools;C:\Users\Kuldeep\AppData\Local\jdk-11.0.2\bin;C:\Users\Kuldeep\AppData\Local\Programs\Python\Python312\Scripts\;C:\Users\Kuldeep\AppData\Local\Programs\Python\Python312\;C:\Users\Kuldeep\AppData\Local\Microsoft\WindowsApps;C:\Users\Kuldeep\.dotnet\tools;C:\Users\Kuldeep\AppData\Local\Programs\Microsoft VS Code\bin;C:\Users\Kuldeep\AppData\Local\GitHubDesktop\bin;C:\Program Files\OpenLogic\jdk-11.0.25.9-hotspot;C:\Users\Kuldeep\AppData\Local\Android\Sdk;C:\Users\Kuldeep\AppData\Local\Android\Sdk\tools\bin;C:\Users\Kuldeep\AppData\Local\Android\Sdk\emulator;C:\Users\Kuldeep\AppData\Local\Microsoft\WinGet\Packages\Schniz.fnm_Microsoft.Winget.Source_8wekyb3d8bbwe;C:\Users\Kuldeep\AppData\Local\nvm;C:\nvm4w\nodejs;C:\Program Files\MongoDB\Server\6.0\bin;
USERNAME=Kuldeep
LANG=en_US.UTF-8
OS=Windows_NT
PROCESSOR_IDENTIFIER=Intel64 Family 6 Model 126 Stepping 5, GenuineIntel
TMP=C:\Users\Kuldeep\AppData\Local\Temp
TEMP=C:\Users\Kuldeep\AppData\Local\Temp



Periodic native trim disabled


---------------  S Y S T E M  ---------------

OS:
 Windows 11 , 64 bit Build 26100 (10.0.26100.4202)
OS uptime: 2 days 11:20 hours

CPU: total 4 (initial active 4) (2 cores per cpu, 2 threads per core) family 6 model 126 stepping 5 microcode 0x86, cx8, cmov, fxsr, ht, mmx, 3dnowpref, sse, sse2, sse3, ssse3, sse4.1, sse4.2, popcnt, lzcnt, tsc, tscinvbit, avx, avx2, aes, erms, clmul, bmi1, bmi2, adx, avx512f, avx512dq, avx512cd, avx512bw, avx512vl, sha, fma, vzeroupper, avx512_vpopcntdq, avx512_vpclmulqdq, avx512_vaes, avx512_vnni, clflush, clflushopt, avx512_vbmi2, avx512_vbmi
Processor Information for all 4 processors :
  Max Mhz: 1190, Current Mhz: 1190, Mhz Limit: 1190

Memory: 4k page, system-wide physical 3871M (183M free)
TotalPageFile size 15647M (AvailPageFile size 0M)
current process WorkingSet (physical memory assigned to process): 245M, peak: 274M
current process commit charge ("private bytes"): 541M, peak: 544M

vm_info: OpenJDK 64-Bit Server VM (17.0.14+7-adhoc..jdk17u) for windows-amd64 JRE (17.0.14+7-adhoc..jdk17u), built on Jan 22 2025 11:06:43 by "" with MS VC++ 16.10 / 16.11 (VS2019)

END.
