#
# There is insufficient memory for the Java Runtime Environment to continue.
# Native memory allocation (malloc) failed to allocate 32744 bytes. Error detail: ChunkPool::allocate
# Possible reasons:
#   The system is out of physical RAM or swap space
#   This process is running with CompressedOops enabled, and the Java Heap may be blocking the growth of the native heap
# Possible solutions:
#   Reduce memory load on the system
#   Increase physical memory or swap space
#   Check if swap backing store is full
#   Decrease Java heap size (-Xmx/-Xms)
#   Decrease number of Java threads
#   Decrease Java thread stack sizes (-Xss)
#   Set larger code cache with -XX:ReservedCodeCacheSize=
#   JVM is running with Unscaled Compressed Oops mode in which the Java heap is
#     placed in the first 4GB address space. The Java Heap base address is the
#     maximum limit for the native heap growth. Please use -XX:HeapBaseMinAddress
#     to set the Java Heap base and to place the Java Heap above 4GB virtual address.
# This output file may be truncated or incomplete.
#
#  Out of Memory Error (arena.cpp:79), pid=17472, tid=16372
#
# JRE version: OpenJDK Runtime Environment OpenLogic-OpenJDK (17.0.14+7) (build 17.0.14+7-adhoc..jdk17u)
# Java VM: OpenJDK 64-Bit Server VM OpenLogic-OpenJDK (17.0.14+7-adhoc..jdk17u, mixed mode, sharing, tiered, compressed oops, compressed class ptrs, g1 gc, windows-amd64)
# No core dump will be written. Minidumps are not enabled by default on client versions of Windows
#

---------------  S U M M A R Y ------------

Command Line: -Xmx64m -Xms64m -javaagent:C:\ProgramData\chocolatey\lib\gradle\tools\gradle-8.12.1/lib/agents/gradle-instrumentation-agent-8.12.1.jar -Dorg.gradle.appname=gradle org.gradle.launcher.GradleMain assemble release

Host: Intel(R) Core(TM) i3-1005G1 CPU @ 1.20GHz, 4 cores, 3G,  Windows 11 , 64 bit Build 26100 (10.0.26100.4484)
Time: Sat Jul 12 16:52:18 2025 India Standard Time elapsed time: 112.869487 seconds (0d 0h 1m 52s)

---------------  T H R E A D  ---------------

Current thread (0x00000298b52b6500):  JavaThread "C2 CompilerThread0" daemon [_thread_in_native, id=16372, stack(0x000000f213100000,0x000000f213200000)]


Current CompileTask:
C2: 112869 2159       4       org.gradle.internal.logging.text.AbstractLineChoppingStyledTextOutput$1::execute (140 bytes)

Stack: [0x000000f213100000,0x000000f213200000]
Native frames: (J=compiled Java code, j=interpreted, Vv=VM code, C=native code)
V  [jvm.dll+0x681069]
V  [jvm.dll+0x838cca]
V  [jvm.dll+0x83a78e]
V  [jvm.dll+0x83adf3]
V  [jvm.dll+0x24826f]
V  [jvm.dll+0xacbf1]
V  [jvm.dll+0xad03c]
V  [jvm.dll+0xacafb]
V  [jvm.dll+0x65e6ac]
V  [jvm.dll+0x58714f]
V  [jvm.dll+0x2230d2]
V  [jvm.dll+0x21c27f]
V  [jvm.dll+0x219ae1]
V  [jvm.dll+0x1a599d]
V  [jvm.dll+0x22994d]
V  [jvm.dll+0x227adc]
V  [jvm.dll+0x7edb77]
V  [jvm.dll+0x7e7f6c]
V  [jvm.dll+0x67ff37]
C  [ucrtbase.dll+0x37b0]
C  [KERNEL32.DLL+0x2e8d7]
C  [ntdll.dll+0x3c34c]


---------------  P R O C E S S  ---------------

Threads class SMR info:
_java_thread_list=0x00000298fbc1cf00, length=13, elements={
0x000002989ad6ea90, 0x000002989ae091d0, 0x000002989ae0a900, 0x00000298b52a4eb0,
0x00000298b52a5780, 0x00000298b52a6cb0, 0x00000298b52abd70, 0x00000298b52b6500,
0x00000298b52c3420, 0x00000298b52c64c0, 0x00000298b54d4970, 0x00000298b54d2b10,
0x00000298b54d3f50
}

Java Threads: ( => current thread )
  0x000002989ad6ea90 JavaThread "main" [_thread_in_vm, id=17808, stack(0x000000f212400000,0x000000f212500000)]
  0x000002989ae091d0 JavaThread "Reference Handler" daemon [_thread_blocked, id=11552, stack(0x000000f212b00000,0x000000f212c00000)]
  0x000002989ae0a900 JavaThread "Finalizer" daemon [_thread_blocked, id=8932, stack(0x000000f212c00000,0x000000f212d00000)]
  0x00000298b52a4eb0 JavaThread "Signal Dispatcher" daemon [_thread_blocked, id=18352, stack(0x000000f212d00000,0x000000f212e00000)]
  0x00000298b52a5780 JavaThread "Attach Listener" daemon [_thread_blocked, id=3508, stack(0x000000f212e00000,0x000000f212f00000)]
  0x00000298b52a6cb0 JavaThread "Service Thread" daemon [_thread_blocked, id=18716, stack(0x000000f212f00000,0x000000f213000000)]
  0x00000298b52abd70 JavaThread "Monitor Deflation Thread" daemon [_thread_blocked, id=11276, stack(0x000000f213000000,0x000000f213100000)]
=>0x00000298b52b6500 JavaThread "C2 CompilerThread0" daemon [_thread_in_native, id=16372, stack(0x000000f213100000,0x000000f213200000)]
  0x00000298b52c3420 JavaThread "C1 CompilerThread0" daemon [_thread_blocked, id=16792, stack(0x000000f213200000,0x000000f213300000)]
  0x00000298b52c64c0 JavaThread "Sweeper thread" daemon [_thread_blocked, id=4060, stack(0x000000f213300000,0x000000f213400000)]
  0x00000298b54d4970 JavaThread "Common-Cleaner" daemon [_thread_blocked, id=19812, stack(0x000000f213400000,0x000000f213500000)]
  0x00000298b54d2b10 JavaThread "Notification Thread" daemon [_thread_blocked, id=20352, stack(0x000000f213500000,0x000000f213600000)]
  0x00000298b54d3f50 JavaThread "pool-1-thread-1" [_thread_blocked, id=11924, stack(0x000000f213b00000,0x000000f213c00000)]

Other Threads:
  0x000002989ae04d30 VMThread "VM Thread" [stack: 0x000000f212a00000,0x000000f212b00000] [id=19324]
  0x00000298b5558fa0 WatcherThread [stack: 0x000000f213600000,0x000000f213700000] [id=18524]
  0x000002989ad8e1d0 GCTaskThread "GC Thread#0" [stack: 0x000000f212500000,0x000000f212600000] [id=18784]
  0x00000298b57c4820 GCTaskThread "GC Thread#1" [stack: 0x000000f213700000,0x000000f213800000] [id=19672]
  0x00000298b57c5cf0 GCTaskThread "GC Thread#2" [stack: 0x000000f213800000,0x000000f213900000] [id=13216]
  0x00000298fc068830 GCTaskThread "GC Thread#3" [stack: 0x000000f213900000,0x000000f213a00000] [id=12220]
  0x000002989ad8f920 ConcurrentGCThread "G1 Main Marker" [stack: 0x000000f212600000,0x000000f212700000] [id=7500]
  0x000002989ad91010 ConcurrentGCThread "G1 Conc#0" [stack: 0x000000f212700000,0x000000f212800000] [id=13576]
  0x000002989adead60 ConcurrentGCThread "G1 Refine#0" [stack: 0x000000f212800000,0x000000f212900000] [id=16512]
  0x00000298fb8e9b50 ConcurrentGCThread "G1 Refine#1" [stack: 0x000000f213a00000,0x000000f213b00000] [id=19880]
  0x000002989adeb630 ConcurrentGCThread "G1 Service" [stack: 0x000000f212900000,0x000000f212a00000] [id=16260]

Threads with active compile tasks:
C2 CompilerThread0   112892 2159       4       org.gradle.internal.logging.text.AbstractLineChoppingStyledTextOutput$1::execute (140 bytes)

VM state: not at safepoint (normal execution)

VM Mutex/Monitor currently owned by a thread: None

Heap address: 0x00000000fc000000, size: 64 MB, Compressed Oops mode: 32-bit

CDS archive(s) mapped at: [0x00000298b6000000-0x00000298b6bc0000-0x00000298b6bc0000), size 12320768, SharedBaseAddress: 0x00000298b6000000, ArchiveRelocationMode: 1.
Compressed class space mapped at: 0x00000298b7000000-0x00000298f7000000, reserved size: 1073741824
Narrow klass base: 0x00000298b6000000, Narrow klass shift: 0, Narrow klass range: 0x100000000

GC Precious Log:
 CPUs: 4 total, 4 available
 Memory: 3871M
 Large Page Support: Disabled
 NUMA Support: Disabled
 Compressed Oops: Enabled (32-bit)
 Heap Region Size: 1M
 Heap Min Capacity: 64M
 Heap Initial Capacity: 64M
 Heap Max Capacity: 64M
 Pre-touch: Disabled
 Parallel Workers: 4
 Concurrent Workers: 1
 Concurrent Refinement Workers: 4
 Periodic GC: Disabled

Heap:
 garbage-first heap   total 65536K, used 41607K [0x00000000fc000000, 0x0000000100000000)
  region size 1024K, 35 young (35840K), 3 survivors (3072K)
 Metaspace       used 10574K, committed 10688K, reserved 1114112K
  class space    used 1361K, committed 1408K, reserved 1048576K

Heap Regions: E=young(eden), S=young(survivor), O=old, HS=humongous(starts), HC=humongous(continues), CS=collection set, F=free, OA=open archive, CA=closed archive, TAMS=top-at-mark-start (previous, next)
|   0|0x00000000fc000000, 0x00000000fc100000, 0x00000000fc100000|100%|HS|  |TAMS 0x00000000fc000000, 0x00000000fc000000| Complete 
|   1|0x00000000fc100000, 0x00000000fc200000, 0x00000000fc200000|100%|HC|  |TAMS 0x00000000fc100000, 0x00000000fc100000| Complete 
|   2|0x00000000fc200000, 0x00000000fc300000, 0x00000000fc300000|100%|HC|  |TAMS 0x00000000fc200000, 0x00000000fc200000| Complete 
|   3|0x00000000fc300000, 0x00000000fc400000, 0x00000000fc400000|100%| O|  |TAMS 0x00000000fc300000, 0x00000000fc300000| Untracked 
|   4|0x00000000fc400000, 0x00000000fc500000, 0x00000000fc500000|100%| O|  |TAMS 0x00000000fc400000, 0x00000000fc400000| Untracked 
|   5|0x00000000fc500000, 0x00000000fc600000, 0x00000000fc600000|100%| O|  |TAMS 0x00000000fc500000, 0x00000000fc500000| Untracked 
|   6|0x00000000fc600000, 0x00000000fc6a1c00, 0x00000000fc700000| 63%| O|  |TAMS 0x00000000fc600000, 0x00000000fc600000| Untracked 
|   7|0x00000000fc700000, 0x00000000fc700000, 0x00000000fc800000|  0%| F|  |TAMS 0x00000000fc700000, 0x00000000fc700000| Untracked 
|   8|0x00000000fc800000, 0x00000000fc800000, 0x00000000fc900000|  0%| F|  |TAMS 0x00000000fc800000, 0x00000000fc800000| Untracked 
|   9|0x00000000fc900000, 0x00000000fc900000, 0x00000000fca00000|  0%| F|  |TAMS 0x00000000fc900000, 0x00000000fc900000| Untracked 
|  10|0x00000000fca00000, 0x00000000fca00000, 0x00000000fcb00000|  0%| F|  |TAMS 0x00000000fca00000, 0x00000000fca00000| Untracked 
|  11|0x00000000fcb00000, 0x00000000fcb00000, 0x00000000fcc00000|  0%| F|  |TAMS 0x00000000fcb00000, 0x00000000fcb00000| Untracked 
|  12|0x00000000fcc00000, 0x00000000fcc00000, 0x00000000fcd00000|  0%| F|  |TAMS 0x00000000fcc00000, 0x00000000fcc00000| Untracked 
|  13|0x00000000fcd00000, 0x00000000fcd00000, 0x00000000fce00000|  0%| F|  |TAMS 0x00000000fcd00000, 0x00000000fcd00000| Untracked 
|  14|0x00000000fce00000, 0x00000000fce00000, 0x00000000fcf00000|  0%| F|  |TAMS 0x00000000fce00000, 0x00000000fce00000| Untracked 
|  15|0x00000000fcf00000, 0x00000000fcf00000, 0x00000000fd000000|  0%| F|  |TAMS 0x00000000fcf00000, 0x00000000fcf00000| Untracked 
|  16|0x00000000fd000000, 0x00000000fd000000, 0x00000000fd100000|  0%| F|  |TAMS 0x00000000fd000000, 0x00000000fd000000| Untracked 
|  17|0x00000000fd100000, 0x00000000fd100000, 0x00000000fd200000|  0%| F|  |TAMS 0x00000000fd100000, 0x00000000fd100000| Untracked 
|  18|0x00000000fd200000, 0x00000000fd200000, 0x00000000fd300000|  0%| F|  |TAMS 0x00000000fd200000, 0x00000000fd200000| Untracked 
|  19|0x00000000fd300000, 0x00000000fd300000, 0x00000000fd400000|  0%| F|  |TAMS 0x00000000fd300000, 0x00000000fd300000| Untracked 
|  20|0x00000000fd400000, 0x00000000fd400000, 0x00000000fd500000|  0%| F|  |TAMS 0x00000000fd400000, 0x00000000fd400000| Untracked 
|  21|0x00000000fd500000, 0x00000000fd500000, 0x00000000fd600000|  0%| F|  |TAMS 0x00000000fd500000, 0x00000000fd500000| Untracked 
|  22|0x00000000fd600000, 0x00000000fd600000, 0x00000000fd700000|  0%| F|  |TAMS 0x00000000fd600000, 0x00000000fd600000| Untracked 
|  23|0x00000000fd700000, 0x00000000fd700000, 0x00000000fd800000|  0%| F|  |TAMS 0x00000000fd700000, 0x00000000fd700000| Untracked 
|  24|0x00000000fd800000, 0x00000000fd800000, 0x00000000fd900000|  0%| F|  |TAMS 0x00000000fd800000, 0x00000000fd800000| Untracked 
|  25|0x00000000fd900000, 0x00000000fd900000, 0x00000000fda00000|  0%| F|  |TAMS 0x00000000fd900000, 0x00000000fd900000| Untracked 
|  26|0x00000000fda00000, 0x00000000fda00000, 0x00000000fdb00000|  0%| F|  |TAMS 0x00000000fda00000, 0x00000000fda00000| Untracked 
|  27|0x00000000fdb00000, 0x00000000fdb00000, 0x00000000fdc00000|  0%| F|  |TAMS 0x00000000fdb00000, 0x00000000fdb00000| Untracked 
|  28|0x00000000fdc00000, 0x00000000fdc00000, 0x00000000fdd00000|  0%| F|  |TAMS 0x00000000fdc00000, 0x00000000fdc00000| Untracked 
|  29|0x00000000fdd00000, 0x00000000fddd99c0, 0x00000000fde00000| 85%| E|  |TAMS 0x00000000fdd00000, 0x00000000fdd00000| Complete 
|  30|0x00000000fde00000, 0x00000000fdf00000, 0x00000000fdf00000|100%| E|CS|TAMS 0x00000000fde00000, 0x00000000fde00000| Complete 
|  31|0x00000000fdf00000, 0x00000000fe000000, 0x00000000fe000000|100%| E|CS|TAMS 0x00000000fdf00000, 0x00000000fdf00000| Complete 
|  32|0x00000000fe000000, 0x00000000fe100000, 0x00000000fe100000|100%| E|CS|TAMS 0x00000000fe000000, 0x00000000fe000000| Complete 
|  33|0x00000000fe100000, 0x00000000fe200000, 0x00000000fe200000|100%| E|CS|TAMS 0x00000000fe100000, 0x00000000fe100000| Complete 
|  34|0x00000000fe200000, 0x00000000fe300000, 0x00000000fe300000|100%| E|CS|TAMS 0x00000000fe200000, 0x00000000fe200000| Complete 
|  35|0x00000000fe300000, 0x00000000fe400000, 0x00000000fe400000|100%| E|CS|TAMS 0x00000000fe300000, 0x00000000fe300000| Complete 
|  36|0x00000000fe400000, 0x00000000fe500000, 0x00000000fe500000|100%| E|CS|TAMS 0x00000000fe400000, 0x00000000fe400000| Complete 
|  37|0x00000000fe500000, 0x00000000fe600000, 0x00000000fe600000|100%| E|CS|TAMS 0x00000000fe500000, 0x00000000fe500000| Complete 
|  38|0x00000000fe600000, 0x00000000fe700000, 0x00000000fe700000|100%| E|CS|TAMS 0x00000000fe600000, 0x00000000fe600000| Complete 
|  39|0x00000000fe700000, 0x00000000fe800000, 0x00000000fe800000|100%| E|CS|TAMS 0x00000000fe700000, 0x00000000fe700000| Complete 
|  40|0x00000000fe800000, 0x00000000fe900000, 0x00000000fe900000|100%| E|CS|TAMS 0x00000000fe800000, 0x00000000fe800000| Complete 
|  41|0x00000000fe900000, 0x00000000fea00000, 0x00000000fea00000|100%| S|CS|TAMS 0x00000000fe900000, 0x00000000fe900000| Complete 
|  42|0x00000000fea00000, 0x00000000feb00000, 0x00000000feb00000|100%| S|CS|TAMS 0x00000000fea00000, 0x00000000fea00000| Complete 
|  43|0x00000000feb00000, 0x00000000fec00000, 0x00000000fec00000|100%| S|CS|TAMS 0x00000000feb00000, 0x00000000feb00000| Complete 
|  44|0x00000000fec00000, 0x00000000fed00000, 0x00000000fed00000|100%| E|CS|TAMS 0x00000000fec00000, 0x00000000fec00000| Complete 
|  45|0x00000000fed00000, 0x00000000fee00000, 0x00000000fee00000|100%| E|CS|TAMS 0x00000000fed00000, 0x00000000fed00000| Complete 
|  46|0x00000000fee00000, 0x00000000fef00000, 0x00000000fef00000|100%| E|CS|TAMS 0x00000000fee00000, 0x00000000fee00000| Complete 
|  47|0x00000000fef00000, 0x00000000ff000000, 0x00000000ff000000|100%| E|CS|TAMS 0x00000000fef00000, 0x00000000fef00000| Complete 
|  48|0x00000000ff000000, 0x00000000ff100000, 0x00000000ff100000|100%| E|CS|TAMS 0x00000000ff000000, 0x00000000ff000000| Complete 
|  49|0x00000000ff100000, 0x00000000ff200000, 0x00000000ff200000|100%| E|CS|TAMS 0x00000000ff100000, 0x00000000ff100000| Complete 
|  50|0x00000000ff200000, 0x00000000ff300000, 0x00000000ff300000|100%| E|CS|TAMS 0x00000000ff200000, 0x00000000ff200000| Complete 
|  51|0x00000000ff300000, 0x00000000ff400000, 0x00000000ff400000|100%| E|CS|TAMS 0x00000000ff300000, 0x00000000ff300000| Complete 
|  52|0x00000000ff400000, 0x00000000ff500000, 0x00000000ff500000|100%| E|CS|TAMS 0x00000000ff400000, 0x00000000ff400000| Complete 
|  53|0x00000000ff500000, 0x00000000ff600000, 0x00000000ff600000|100%| E|CS|TAMS 0x00000000ff500000, 0x00000000ff500000| Complete 
|  54|0x00000000ff600000, 0x00000000ff700000, 0x00000000ff700000|100%| E|CS|TAMS 0x00000000ff600000, 0x00000000ff600000| Complete 
|  55|0x00000000ff700000, 0x00000000ff800000, 0x00000000ff800000|100%| E|CS|TAMS 0x00000000ff700000, 0x00000000ff700000| Complete 
|  56|0x00000000ff800000, 0x00000000ff900000, 0x00000000ff900000|100%| E|CS|TAMS 0x00000000ff800000, 0x00000000ff800000| Complete 
|  57|0x00000000ff900000, 0x00000000ffa00000, 0x00000000ffa00000|100%| E|CS|TAMS 0x00000000ff900000, 0x00000000ff900000| Complete 
|  58|0x00000000ffa00000, 0x00000000ffb00000, 0x00000000ffb00000|100%| E|CS|TAMS 0x00000000ffa00000, 0x00000000ffa00000| Complete 
|  59|0x00000000ffb00000, 0x00000000ffc00000, 0x00000000ffc00000|100%| E|CS|TAMS 0x00000000ffb00000, 0x00000000ffb00000| Complete 
|  60|0x00000000ffc00000, 0x00000000ffd00000, 0x00000000ffd00000|100%| E|CS|TAMS 0x00000000ffc00000, 0x00000000ffc00000| Complete 
|  61|0x00000000ffd00000, 0x00000000ffe00000, 0x00000000ffe00000|100%| E|CS|TAMS 0x00000000ffd00000, 0x00000000ffd00000| Complete 
|  62|0x00000000ffe00000, 0x00000000fff00000, 0x00000000fff00000|100%| E|CS|TAMS 0x00000000ffe00000, 0x00000000ffe00000| Complete 
|  63|0x00000000fff00000, 0x0000000100000000, 0x0000000100000000|100%| E|CS|TAMS 0x00000000fff00000, 0x00000000fff00000| Complete 

Card table byte_map: [0x0000029898c90000,0x0000029898cb0000] _byte_map_base: 0x00000298984b0000

Marking Bits (Prev, Next): (CMBitMap*) 0x000002989ad8e7f0, (CMBitMap*) 0x000002989ad8e830
 Prev Bits: [0x000002989ab40000, 0x000002989ac40000)
 Next Bits: [0x00000298b2c30000, 0x00000298b2d30000)

Polling page: 0x0000029898c40000

Metaspace:

Usage:
  Non-class:      9.00 MB used.
      Class:      1.33 MB used.
       Both:     10.33 MB used.

Virtual space:
  Non-class space:       64.00 MB reserved,       9.06 MB ( 14%) committed,  1 nodes.
      Class space:        1.00 GB reserved,       1.38 MB ( <1%) committed,  1 nodes.
             Both:        1.06 GB reserved,      10.44 MB ( <1%) committed. 

Chunk freelists:
   Non-Class:  6.25 MB
       Class:  14.50 MB
        Both:  20.75 MB

MaxMetaspaceSize: unlimited
CompressedClassSpaceSize: 1.00 GB
Initial GC threshold: 21.00 MB
Current GC threshold: 21.00 MB
CDS: on
MetaspaceReclaimPolicy: balanced
 - commit_granule_bytes: 65536.
 - commit_granule_words: 8192.
 - virtual_space_node_default_size: 8388608.
 - enlarge_chunks_in_place: 1.
 - new_chunks_are_fully_committed: 0.
 - uncommit_free_chunks: 1.
 - use_allocation_guard: 0.
 - handle_deallocations: 1.


Internal statistics:

num_allocs_failed_limit: 0.
num_arena_births: 82.
num_arena_deaths: 0.
num_vsnodes_births: 2.
num_vsnodes_deaths: 0.
num_space_committed: 167.
num_space_uncommitted: 0.
num_chunks_returned_to_freelist: 0.
num_chunks_taken_from_freelist: 364.
num_chunk_merges: 0.
num_chunk_splits: 246.
num_chunks_enlarged: 197.
num_inconsistent_stats: 0.

CodeHeap 'non-profiled nmethods': size=120000Kb used=857Kb max_used=857Kb free=119142Kb
 bounds [0x00000298ab700000, 0x00000298ab970000, 0x00000298b2c30000]
CodeHeap 'profiled nmethods': size=120000Kb used=3986Kb max_used=3986Kb free=116013Kb
 bounds [0x00000298a3c30000, 0x00000298a4020000, 0x00000298ab160000]
CodeHeap 'non-nmethods': size=5760Kb used=1200Kb max_used=1219Kb free=4559Kb
 bounds [0x00000298ab160000, 0x00000298ab3d0000, 0x00000298ab700000]
 total_blobs=2651 nmethods=2162 adapters=402
 compilation: enabled
              stopped_count=0, restarted_count=0
 full_count=0

Compilation events (20 events):
Event: 112.596 Thread 0x00000298b52c3420 nmethod 2148 0x00000298ab7d4890 code [0x00000298ab7d4a20, 0x00000298ab7d4af8]
Event: 112.600 Thread 0x00000298b52c3420 2149       3       jdk.internal.org.objectweb.asm.Type::getDescriptor (93 bytes)
Event: 112.601 Thread 0x00000298b52c3420 nmethod 2149 0x00000298a4011290 code [0x00000298a4011500, 0x00000298a4011c68]
Event: 112.608 Thread 0x00000298b52c3420 2151       3       java.lang.invoke.MethodHandles$Lookup::<init> (84 bytes)
Event: 112.608 Thread 0x00000298b52c3420 nmethod 2151 0x00000298a4011f10 code [0x00000298a40120c0, 0x00000298a40122f8]
Event: 112.608 Thread 0x00000298b52c3420 2152       3       jdk.internal.reflect.ReflectionFactory::inflationThreshold (4 bytes)
Event: 112.608 Thread 0x00000298b52c3420 nmethod 2152 0x00000298a4012390 code [0x00000298a4012520, 0x00000298a4012618]
Event: 112.638 Thread 0x00000298b52c3420 2154       1       java.net.InetAddress::holder (5 bytes)
Event: 112.638 Thread 0x00000298b52c3420 nmethod 2154 0x00000298ab7d5310 code [0x00000298ab7d54a0, 0x00000298ab7d5578]
Event: 112.649 Thread 0x00000298b52c3420 2156       3       java.lang.System::checkKey (34 bytes)
Event: 112.650 Thread 0x00000298b52c3420 nmethod 2156 0x00000298a4012690 code [0x00000298a4012860, 0x00000298a4012c18]
Event: 112.650 Thread 0x00000298b52c3420 2157       3       org.gradle.internal.logging.console.DefaultRedrawableLabel::newLineAdjustment (14 bytes)
Event: 112.650 Thread 0x00000298b52c3420 nmethod 2157 0x00000298a4012d90 code [0x00000298a4012f20, 0x00000298a4013038]
Event: 112.650 Thread 0x00000298b52c3420 2158       3       java.lang.System::getProperty (25 bytes)
Event: 112.650 Thread 0x00000298b52b6500 2159       4       org.gradle.internal.logging.text.AbstractLineChoppingStyledTextOutput$1::execute (140 bytes)
Event: 112.650 Thread 0x00000298b52c3420 nmethod 2158 0x00000298a4013110 code [0x00000298a4013320, 0x00000298a4013a18]
Event: 112.652 Thread 0x00000298b52c3420 2162       1       java.lang.reflect.Constructor::getConstructorAccessor (5 bytes)
Event: 112.653 Thread 0x00000298b52c3420 nmethod 2162 0x00000298ab7d5910 code [0x00000298ab7d5aa0, 0x00000298ab7d5b78]
Event: 112.653 Thread 0x00000298b52c3420 2164       3       java.lang.reflect.Constructor::setConstructorAccessor (21 bytes)
Event: 112.836 Thread 0x00000298b52c3420 nmethod 2164 0x00000298a4013c90 code [0x00000298a4013e40, 0x00000298a4014128]

GC Heap History (4 events):
Event: 0.322 GC heap before
{Heap before GC invocations=0 (full 0):
 garbage-first heap   total 65536K, used 13312K [0x00000000fc000000, 0x0000000100000000)
  region size 1024K, 13 young (13312K), 0 survivors (0K)
 Metaspace       used 760K, committed 896K, reserved 1114112K
  class space    used 58K, committed 128K, reserved 1048576K
}
Event: 0.325 GC heap after
{Heap after GC invocations=1 (full 0):
 garbage-first heap   total 65536K, used 1304K [0x00000000fc000000, 0x0000000100000000)
  region size 1024K, 2 young (2048K), 2 survivors (2048K)
 Metaspace       used 760K, committed 896K, reserved 1114112K
  class space    used 58K, committed 128K, reserved 1048576K
}
Event: 0.663 GC heap before
{Heap before GC invocations=1 (full 0):
 garbage-first heap   total 65536K, used 21784K [0x00000000fc000000, 0x0000000100000000)
  region size 1024K, 20 young (20480K), 2 survivors (2048K)
 Metaspace       used 2788K, committed 2944K, reserved 1114112K
  class space    used 331K, committed 384K, reserved 1048576K
}
Event: 0.669 GC heap after
{Heap after GC invocations=2 (full 0):
 garbage-first heap   total 65536K, used 9863K [0x00000000fc000000, 0x0000000100000000)
  region size 1024K, 3 young (3072K), 3 survivors (3072K)
 Metaspace       used 2788K, committed 2944K, reserved 1114112K
  class space    used 331K, committed 384K, reserved 1048576K
}

Dll operation events (15 events):
Event: 0.008 Loaded shared library C:\Program Files\OpenLogic\jdk-17.0.14.7-hotspot\bin\java.dll
Event: 0.022 Loaded shared library C:\Program Files\OpenLogic\jdk-17.0.14.7-hotspot\bin\jsvml.dll
Event: 0.061 Loaded shared library C:\Program Files\OpenLogic\jdk-17.0.14.7-hotspot\bin\zip.dll
Event: 0.063 Loaded shared library C:\Program Files\OpenLogic\jdk-17.0.14.7-hotspot\bin\instrument.dll
Event: 0.067 Loaded shared library C:\Program Files\OpenLogic\jdk-17.0.14.7-hotspot\bin\net.dll
Event: 0.068 Loaded shared library C:\Program Files\OpenLogic\jdk-17.0.14.7-hotspot\bin\nio.dll
Event: 0.070 Loaded shared library C:\Program Files\OpenLogic\jdk-17.0.14.7-hotspot\bin\zip.dll
Event: 0.353 Loaded shared library C:\Program Files\OpenLogic\jdk-17.0.14.7-hotspot\bin\jimage.dll
Event: 0.576 Loaded shared library C:\Program Files\OpenLogic\jdk-17.0.14.7-hotspot\bin\verify.dll
Event: 0.683 Loaded shared library C:\Program Files\OpenLogic\jdk-17.0.14.7-hotspot\bin\management.dll
Event: 0.686 Loaded shared library C:\Program Files\OpenLogic\jdk-17.0.14.7-hotspot\bin\management_ext.dll
Event: 0.785 Loaded shared library C:\Users\Kuldeep\.gradle\native\1def1411415f61bf3af743bc5b6707747c0891f09f0c88961ee8f79bc544acac\windows-amd64\native-platform.dll
Event: 0.817 Loaded shared library C:\Users\Kuldeep\.gradle\native\jansi\1.18\windows64\jansi.dll
Event: 1.144 Loaded shared library C:\Program Files\OpenLogic\jdk-17.0.14.7-hotspot\bin\extnet.dll
Event: 4.188 Loaded shared library C:\Program Files\OpenLogic\jdk-17.0.14.7-hotspot\bin\sunmscapi.dll

Deoptimization events (20 events):
Event: 28.761 Thread 0x00000298b54d3f50 Uncommon trap: trap_request=0xffffffde fr.pc=0x00000298ab7c6e34 relative=0x0000000000000114
Event: 28.761 Thread 0x00000298b54d3f50 Uncommon trap: reason=class_check action=maybe_recompile pc=0x00000298ab7c6e34 method=jdk.internal.misc.Unsafe.allocateUninitializedArray(Ljava/lang/Class;I)Ljava/lang/Object; @ 51 c2
Event: 28.761 Thread 0x00000298b54d3f50 DEOPT PACKING pc=0x00000298ab7c6e34 sp=0x000000f213bfd730
Event: 28.761 Thread 0x00000298b54d3f50 DEOPT UNPACKING pc=0x00000298ab1ba1a3 sp=0x000000f213bfd6b8 mode 2
Event: 28.762 Thread 0x00000298b54d3f50 Uncommon trap: trap_request=0xffffffde fr.pc=0x00000298ab7c6e34 relative=0x0000000000000114
Event: 28.762 Thread 0x00000298b54d3f50 Uncommon trap: reason=class_check action=maybe_recompile pc=0x00000298ab7c6e34 method=jdk.internal.misc.Unsafe.allocateUninitializedArray(Ljava/lang/Class;I)Ljava/lang/Object; @ 51 c2
Event: 28.762 Thread 0x00000298b54d3f50 DEOPT PACKING pc=0x00000298ab7c6e34 sp=0x000000f213bfbf60
Event: 28.762 Thread 0x00000298b54d3f50 DEOPT UNPACKING pc=0x00000298ab1ba1a3 sp=0x000000f213bfbee8 mode 2
Event: 102.622 Thread 0x00000298b54d3f50 Uncommon trap: trap_request=0xffffff45 fr.pc=0x00000298ab7cdaa0 relative=0x0000000000000520
Event: 102.624 Thread 0x00000298b54d3f50 Uncommon trap: reason=unstable_if action=reinterpret pc=0x00000298ab7cdaa0 method=org.gradle.internal.logging.text.AbstractLineChoppingStyledTextOutput$2.execute(Lorg/gradle/internal/logging/text/AbstractLineChoppingStyledTextOutput$StateContext;)V @ 34 c
Event: 102.624 Thread 0x00000298b54d3f50 DEOPT PACKING pc=0x00000298ab7cdaa0 sp=0x000000f213bfe7a0
Event: 102.631 Thread 0x00000298b54d3f50 DEOPT UNPACKING pc=0x00000298ab1ba1a3 sp=0x000000f213bfe628 mode 2
Event: 102.645 Thread 0x00000298b54d3f50 Uncommon trap: trap_request=0xffffff45 fr.pc=0x00000298ab7ce900 relative=0x0000000000000520
Event: 102.645 Thread 0x00000298b54d3f50 Uncommon trap: reason=unstable_if action=reinterpret pc=0x00000298ab7ce900 method=org.gradle.internal.logging.text.AbstractLineChoppingStyledTextOutput$2.execute(Lorg/gradle/internal/logging/text/AbstractLineChoppingStyledTextOutput$StateContext;)V @ 34 c
Event: 102.645 Thread 0x00000298b54d3f50 DEOPT PACKING pc=0x00000298ab7ce900 sp=0x000000f213bfe3f0
Event: 102.646 Thread 0x00000298b54d3f50 DEOPT UNPACKING pc=0x00000298ab1ba1a3 sp=0x000000f213bfe2e0 mode 2
Event: 112.424 Thread 0x000002989ad6ea90 Uncommon trap: trap_request=0xffffff45 fr.pc=0x00000298ab7cd0a0 relative=0x0000000000000180
Event: 112.424 Thread 0x000002989ad6ea90 Uncommon trap: reason=unstable_if action=reinterpret pc=0x00000298ab7cd0a0 method=com.esotericsoftware.kryo.io.Input.require(I)I @ 180 c2
Event: 112.424 Thread 0x000002989ad6ea90 DEOPT PACKING pc=0x00000298ab7cd0a0 sp=0x000000f2124fddf0
Event: 112.425 Thread 0x000002989ad6ea90 DEOPT UNPACKING pc=0x00000298ab1ba1a3 sp=0x000000f2124fdd98 mode 2

Classes loaded (20 events):
Event: 112.512 Loading class sun/nio/fs/WindowsSecurityDescriptor
Event: 112.519 Loading class sun/nio/fs/WindowsSecurityDescriptor done
Event: 112.520 Loading class sun/nio/fs/WindowsChannelFactory
Event: 112.522 Loading class sun/nio/fs/WindowsChannelFactory done
Event: 112.523 Loading class sun/nio/fs/WindowsChannelFactory$1
Event: 112.523 Loading class sun/nio/fs/WindowsChannelFactory$1 done
Event: 112.523 Loading class sun/nio/fs/WindowsChannelFactory$Flags
Event: 112.525 Loading class sun/nio/fs/WindowsChannelFactory$Flags done
Event: 112.526 Loading class sun/nio/fs/WindowsChannelFactory$2
Event: 112.526 Loading class sun/nio/fs/WindowsChannelFactory$2 done
Event: 112.533 Loading class sun/nio/ch/FileChannelImpl$Closer
Event: 112.533 Loading class sun/nio/ch/FileChannelImpl$Closer done
Event: 112.564 Loading class java/util/stream/Streams$1
Event: 112.565 Loading class java/util/stream/Streams$1 done
Event: 112.589 Loading class java/nio/file/FileChannelLinesSpliterator$1
Event: 112.589 Loading class java/nio/file/FileChannelLinesSpliterator$1 done
Event: 112.590 Loading class java/nio/channels/Channels
Event: 112.591 Loading class java/nio/channels/Channels done
Event: 112.648 Loading class java/util/concurrent/ConcurrentLinkedQueue$Itr
Event: 112.650 Loading class java/util/concurrent/ConcurrentLinkedQueue$Itr done

Classes unloaded (0 events):
No events

Classes redefined (0 events):
No events

Internal exceptions (20 events):
Event: 0.725 Thread 0x000002989ad6ea90 Exception <a 'java/lang/NoClassDefFoundError'{0x00000000ffe61a80}: org/slf4j/impl/StaticMarkerBinder> (0x00000000ffe61a80) 
thrown [s\src\hotspot\share\classfile\systemDictionary.cpp, line 245]
Event: 0.748 Thread 0x000002989ad6ea90 Exception <a 'java/lang/NoSuchMethodError'{0x00000000ffd1b4f8}: 'java.lang.Object java.lang.invoke.Invokers$Holder.invoker(java.lang.Object, java.lang.Object, java.lang.Object)'> (0x00000000ffd1b4f8) 
thrown [s\src\hotspot\share\interpreter\linkResolver.cpp, line 759]
Event: 0.750 Thread 0x000002989ad6ea90 Exception <a 'java/lang/NoSuchMethodError'{0x00000000ffd247a0}: 'java.lang.Object java.lang.invoke.DirectMethodHandle$Holder.invokeStatic(java.lang.Object, java.lang.Object, int)'> (0x00000000ffd247a0) 
thrown [s\src\hotspot\share\interpreter\linkResolver.cpp, line 759]
Event: 0.751 Thread 0x000002989ad6ea90 Exception <a 'java/lang/NoSuchMethodError'{0x00000000ffd30490}: 'void java.lang.invoke.DelegatingMethodHandle$Holder.delegate(java.lang.Object, java.lang.Object, int, java.lang.Object)'> (0x00000000ffd30490) 
thrown [s\src\hotspot\share\interpreter\linkResolver.cpp, line 759]
Event: 0.754 Thread 0x000002989ad6ea90 Exception <a 'java/lang/NoSuchMethodError'{0x00000000ffd43b58}: 'java.lang.Object java.lang.invoke.Invokers$Holder.invokeExact_MT(java.lang.Object, java.lang.Object, java.lang.Object, java.lang.Object)'> (0x00000000ffd43b58) 
thrown [s\src\hotspot\share\interpreter\linkResolver.cpp, line 759]
Event: 0.762 Thread 0x000002989ad6ea90 Exception <a 'java/lang/NoSuchMethodError'{0x00000000ffd6f4b0}: 'java.lang.Object java.lang.invoke.DirectMethodHandle$Holder.invokeVirtual(java.lang.Object, java.lang.Object, java.lang.Object)'> (0x00000000ffd6f4b0) 
thrown [s\src\hotspot\share\interpreter\linkResolver.cpp, line 759]
Event: 0.909 Thread 0x000002989ad6ea90 Exception <a 'java/lang/NoSuchMethodError'{0x00000000ff83a5f0}: 'java.lang.Object java.lang.invoke.DirectMethodHandle$Holder.newInvokeSpecial(java.lang.Object, java.lang.Object, java.lang.Object, java.lang.Object, java.lang.Object)'> (0x00000000ff83a5f0) 
thrown [s\src\hotspot\share\interpreter\linkResolver.cpp, line 759]
Event: 0.938 Thread 0x000002989ad6ea90 Exception <a 'java/lang/NoSuchMethodError'{0x00000000ff774a48}: 'void java.lang.invoke.DirectMethodHandle$Holder.invokeSpecial(java.lang.Object, java.lang.Object, java.lang.Object)'> (0x00000000ff774a48) 
thrown [s\src\hotspot\share\interpreter\linkResolver.cpp, line 759]
Event: 1.147 Thread 0x000002989ad6ea90 Exception <a 'java/lang/NoSuchMethodError'{0x00000000ff409238}: 'void java.lang.invoke.DirectMethodHandle$Holder.invokeStatic(java.lang.Object, java.lang.Object, java.lang.Object)'> (0x00000000ff409238) 
thrown [s\src\hotspot\share\interpreter\linkResolver.cpp, line 759]
Event: 1.195 Thread 0x000002989ad6ea90 Exception <a 'java/lang/NoSuchMethodError'{0x00000000ff2684c0}: 'java.lang.Object java.lang.invoke.DirectMethodHandle$Holder.invokeSpecialIFC(java.lang.Object, java.lang.Object, java.lang.Object, java.lang.Object)'> (0x00000000ff2684c0) 
thrown [s\src\hotspot\share\interpreter\linkResolver.cpp, line 759]
Event: 1.247 Thread 0x000002989ad6ea90 Exception <a 'java/lang/NoSuchMethodError'{0x00000000fef2ce48}: 'java.lang.Object java.lang.invoke.DirectMethodHandle$Holder.invokeStaticInit(java.lang.Object, int, int, int, int)'> (0x00000000fef2ce48) 
thrown [s\src\hotspot\share\interpreter\linkResolver.cpp, line 759]
Event: 1.416 Thread 0x000002989ad6ea90 Exception <a 'java/lang/NoSuchMethodError'{0x00000000fee15ad0}: 'java.lang.Object java.lang.invoke.DirectMethodHandle$Holder.invokeStaticInit(java.lang.Object, java.lang.Object, int, int, int, int)'> (0x00000000fee15ad0) 
thrown [s\src\hotspot\share\interpreter\linkResolver.cpp, line 759]
Event: 1.752 Thread 0x00000298b54d58a0 Exception <a 'java/lang/NoSuchMethodError'{0x00000000fe395510}: 'void java.lang.invoke.DirectMethodHandle$Holder.invokeStatic(java.lang.Object, long)'> (0x00000000fe395510) 
thrown [s\src\hotspot\share\interpreter\linkResolver.cpp, line 759]
Event: 1.753 Thread 0x00000298b54d58a0 Exception <a 'java/lang/NoSuchMethodError'{0x00000000fe39ae68}: 'java.lang.Object java.lang.invoke.DirectMethodHandle$Holder.newInvokeSpecial(java.lang.Object, long)'> (0x00000000fe39ae68) 
thrown [s\src\hotspot\share\interpreter\linkResolver.cpp, line 759]
Event: 1.755 Thread 0x00000298b54d58a0 Exception <a 'java/lang/NoSuchMethodError'{0x00000000fe3a5a00}: 'java.lang.Object java.lang.invoke.DirectMethodHandle$Holder.invokeStaticInit(java.lang.Object, java.lang.Object, long, java.lang.Object)'> (0x00000000fe3a5a00) 
thrown [s\src\hotspot\share\interpreter\linkResolver.cpp, line 759]
Event: 1.756 Thread 0x00000298b54d58a0 Exception <a 'java/lang/NoSuchMethodError'{0x00000000fe3ac088}: 'java.lang.Object java.lang.invoke.DirectMethodHandle$Holder.newInvokeSpecial(java.lang.Object, java.lang.Object, long)'> (0x00000000fe3ac088) 
thrown [s\src\hotspot\share\interpreter\linkResolver.cpp, line 759]
Event: 1.757 Thread 0x00000298b54d58a0 Exception <a 'java/lang/NoSuchMethodError'{0x00000000fe3b0378}: 'java.lang.Object java.lang.invoke.Invokers$Holder.linkToTargetMethod(java.lang.Object, long, java.lang.Object)'> (0x00000000fe3b0378) 
thrown [s\src\hotspot\share\interpreter\linkResolver.cpp, line 759]
Event: 112.416 Thread 0x000002989ad6ea90 Exception <a 'sun/net/ConnectionResetException'{0x00000000fdfe67b8}: Connection reset> (0x00000000fdfe67b8) 
thrown [s\src\hotspot\share\prims\jni.cpp, line 535]
Event: 112.603 Thread 0x000002989ad6ea90 Exception <a 'java/lang/NoSuchMethodError'{0x00000000fdd86c08}: 'int java.lang.invoke.DirectMethodHandle$Holder.invokeVirtual(java.lang.Object, java.lang.Object)'> (0x00000000fdd86c08) 
thrown [s\src\hotspot\share\interpreter\linkResolver.cpp, line 759]
Event: 112.635 Thread 0x000002989ad6ea90 Exception <a 'java/io/IOException'{0x00000000fdd92060}: Connection reset by peer> (0x00000000fdd92060) 
thrown [s\src\hotspot\share\prims\jni.cpp, line 535]

VM Operations (20 events):
Event: 71.222 Executing VM operation: Cleanup
Event: 71.222 Executing VM operation: Cleanup done
Event: 74.253 Executing VM operation: Cleanup
Event: 74.253 Executing VM operation: Cleanup done
Event: 81.300 Executing VM operation: Cleanup
Event: 81.300 Executing VM operation: Cleanup done
Event: 82.314 Executing VM operation: Cleanup
Event: 82.314 Executing VM operation: Cleanup done
Event: 89.367 Executing VM operation: Cleanup
Event: 89.368 Executing VM operation: Cleanup done
Event: 91.368 Executing VM operation: Cleanup
Event: 91.368 Executing VM operation: Cleanup done
Event: 99.446 Executing VM operation: Cleanup
Event: 99.447 Executing VM operation: Cleanup done
Event: 100.461 Executing VM operation: Cleanup
Event: 100.461 Executing VM operation: Cleanup done
Event: 103.469 Executing VM operation: Cleanup
Event: 103.469 Executing VM operation: Cleanup done
Event: 112.509 Executing VM operation: Cleanup
Event: 112.509 Executing VM operation: Cleanup done

Memory protections (0 events):
No events

Nmethod flushes (0 events):
No events

Events (19 events):
Event: 0.022 Thread 0x000002989ad6ea90 Thread added: 0x000002989ad6ea90
Event: 0.024 Thread 0x000002989ad6ea90 Thread added: 0x000002989ae091d0
Event: 0.024 Thread 0x000002989ad6ea90 Thread added: 0x000002989ae0a900
Event: 0.030 Thread 0x000002989ad6ea90 Thread added: 0x00000298b52a4eb0
Event: 0.030 Thread 0x000002989ad6ea90 Thread added: 0x00000298b52a5780
Event: 0.030 Thread 0x000002989ad6ea90 Thread added: 0x00000298b52a6cb0
Event: 0.030 Thread 0x000002989ad6ea90 Thread added: 0x00000298b52abd70
Event: 0.030 Thread 0x000002989ad6ea90 Thread added: 0x00000298b52b6500
Event: 0.030 Thread 0x000002989ad6ea90 Thread added: 0x00000298b52c3420
Event: 0.030 Thread 0x000002989ad6ea90 Thread added: 0x00000298b52c64c0
Event: 0.044 Thread 0x000002989ad6ea90 Thread added: 0x00000298b54d4970
Event: 0.076 Thread 0x000002989ad6ea90 Thread added: 0x00000298b54d2b10
Event: 0.847 Thread 0x000002989ad6ea90 Thread added: 0x00000298b54d3f50
Event: 1.653 Thread 0x000002989ad6ea90 Thread added: 0x00000298b54d58a0
Event: 1.760 Thread 0x00000298b54d58a0 Thread added: 0x00000298b54d5390
Event: 1.760 Thread 0x00000298b54d5390 Thread exited: 0x00000298b54d5390
Event: 1.761 Thread 0x00000298b54d58a0 Thread added: 0x00000298b54d3530
Event: 4.088 Thread 0x00000298b54d3530 Thread exited: 0x00000298b54d3530
Event: 4.088 Thread 0x00000298b54d58a0 Thread exited: 0x00000298b54d58a0


Dynamic libraries:
0x00007ff75bae0000 - 0x00007ff75baee000 	C:\Program Files\OpenLogic\jdk-17.0.14.7-hotspot\bin\java.exe
0x00007ffdadd60000 - 0x00007ffdadfc8000 	C:\WINDOWS\SYSTEM32\ntdll.dll
0x00007ffdad100000 - 0x00007ffdad1c9000 	C:\WINDOWS\System32\KERNEL32.DLL
0x00007ffdab710000 - 0x00007ffdabafd000 	C:\WINDOWS\System32\KERNELBASE.dll
0x00007ffdab530000 - 0x00007ffdab67b000 	C:\WINDOWS\System32\ucrtbase.dll
0x00007ffd24be0000 - 0x00007ffd24bf7000 	C:\Program Files\OpenLogic\jdk-17.0.14.7-hotspot\bin\jli.dll
0x00007ffd24bc0000 - 0x00007ffd24bdb000 	C:\Program Files\OpenLogic\jdk-17.0.14.7-hotspot\bin\VCRUNTIME140.dll
0x00007ffdadb50000 - 0x00007ffdadd1c000 	C:\WINDOWS\System32\USER32.dll
0x00007ffdab020000 - 0x00007ffdab047000 	C:\WINDOWS\System32\win32u.dll
0x00007ffd93d00000 - 0x00007ffd93f9a000 	C:\WINDOWS\WinSxS\amd64_microsoft.windows.common-controls_6595b64144ccf1df_6.0.26100.4484_none_3e0e6d4ce32ef3b3\COMCTL32.dll
0x00007ffdad460000 - 0x00007ffdad48b000 	C:\WINDOWS\System32\GDI32.dll
0x00007ffdac4e0000 - 0x00007ffdac589000 	C:\WINDOWS\System32\msvcrt.dll
0x00007ffdab050000 - 0x00007ffdab187000 	C:\WINDOWS\System32\gdi32full.dll
0x00007ffdaaf70000 - 0x00007ffdab013000 	C:\WINDOWS\System32\msvcp_win.dll
0x00007ffdabd30000 - 0x00007ffdabd5f000 	C:\WINDOWS\System32\IMM32.DLL
0x00007ffd24bb0000 - 0x00007ffd24bbc000 	C:\Program Files\OpenLogic\jdk-17.0.14.7-hotspot\bin\vcruntime140_1.dll
0x00007ffd24940000 - 0x00007ffd249cd000 	C:\Program Files\OpenLogic\jdk-17.0.14.7-hotspot\bin\msvcp140.dll
0x00007ffd23cd0000 - 0x00007ffd2493c000 	C:\Program Files\OpenLogic\jdk-17.0.14.7-hotspot\bin\server\jvm.dll
0x00007ffdacd60000 - 0x00007ffdace14000 	C:\WINDOWS\System32\ADVAPI32.dll
0x00007ffdabe90000 - 0x00007ffdabf36000 	C:\WINDOWS\System32\sechost.dll
0x00007ffdad6a0000 - 0x00007ffdad7b8000 	C:\WINDOWS\System32\RPCRT4.dll
0x00007ffdabb00000 - 0x00007ffdabb74000 	C:\WINDOWS\System32\WS2_32.dll
0x00007ffdaad00000 - 0x00007ffdaad5e000 	C:\WINDOWS\SYSTEM32\POWRPROF.dll
0x00007ffd969e0000 - 0x00007ffd96a15000 	C:\WINDOWS\SYSTEM32\WINMM.dll
0x00007ffd9f140000 - 0x00007ffd9f14b000 	C:\WINDOWS\SYSTEM32\VERSION.dll
0x00007ffdaace0000 - 0x00007ffdaacf4000 	C:\WINDOWS\SYSTEM32\UMPDC.dll
0x00007ffda9c50000 - 0x00007ffda9c6b000 	C:\WINDOWS\SYSTEM32\kernel.appcore.dll
0x00007ffd24ba0000 - 0x00007ffd24baa000 	C:\Program Files\OpenLogic\jdk-17.0.14.7-hotspot\bin\jimage.dll
0x00007ffda55f0000 - 0x00007ffda5831000 	C:\WINDOWS\SYSTEM32\DBGHELP.DLL
0x00007ffdad7c0000 - 0x00007ffdadb46000 	C:\WINDOWS\System32\combase.dll
0x00007ffdad500000 - 0x00007ffdad5e0000 	C:\WINDOWS\System32\OLEAUT32.dll
0x00007ffd8fc70000 - 0x00007ffd8fcb3000 	C:\WINDOWS\SYSTEM32\dbgcore.DLL
0x00007ffdab190000 - 0x00007ffdab229000 	C:\WINDOWS\System32\bcryptPrimitives.dll
0x00007ffd9fd80000 - 0x00007ffd9fd8e000 	C:\Program Files\OpenLogic\jdk-17.0.14.7-hotspot\bin\instrument.dll
0x00007ffd23ca0000 - 0x00007ffd23cc5000 	C:\Program Files\OpenLogic\jdk-17.0.14.7-hotspot\bin\java.dll
0x00007ffd23a00000 - 0x00007ffd23ad6000 	C:\Program Files\OpenLogic\jdk-17.0.14.7-hotspot\bin\jsvml.dll
0x00007ffdac5e0000 - 0x00007ffdacd2a000 	C:\WINDOWS\System32\SHELL32.dll
0x00007ffdab3b0000 - 0x00007ffdab524000 	C:\WINDOWS\System32\wintypes.dll
0x00007ffda8b30000 - 0x00007ffda938b000 	C:\WINDOWS\SYSTEM32\windows.storage.dll
0x00007ffdabd70000 - 0x00007ffdabe65000 	C:\WINDOWS\System32\SHCORE.dll
0x00007ffdabf40000 - 0x00007ffdabfaa000 	C:\WINDOWS\System32\shlwapi.dll
0x00007ffdaadc0000 - 0x00007ffdaadef000 	C:\WINDOWS\SYSTEM32\profapi.dll
0x00007ffd23940000 - 0x00007ffd23958000 	C:\Program Files\OpenLogic\jdk-17.0.14.7-hotspot\bin\zip.dll
0x00007ffd23980000 - 0x00007ffd23999000 	C:\Program Files\OpenLogic\jdk-17.0.14.7-hotspot\bin\net.dll
0x00007ffd9bd60000 - 0x00007ffd9be7e000 	C:\WINDOWS\SYSTEM32\WINHTTP.dll
0x00007ffdaa1e0000 - 0x00007ffdaa24a000 	C:\WINDOWS\system32\mswsock.dll
0x00007ffd23960000 - 0x00007ffd23976000 	C:\Program Files\OpenLogic\jdk-17.0.14.7-hotspot\bin\nio.dll
0x00007ffda29e0000 - 0x00007ffda29f0000 	C:\Program Files\OpenLogic\jdk-17.0.14.7-hotspot\bin\verify.dll
0x00007ffd236c0000 - 0x00007ffd236c9000 	C:\Program Files\OpenLogic\jdk-17.0.14.7-hotspot\bin\management.dll
0x00007ffd236b0000 - 0x00007ffd236bb000 	C:\Program Files\OpenLogic\jdk-17.0.14.7-hotspot\bin\management_ext.dll
0x00007ffdad2e0000 - 0x00007ffdad2e8000 	C:\WINDOWS\System32\PSAPI.DLL
0x00007ffda4910000 - 0x00007ffda4937000 	C:\Users\Kuldeep\.gradle\native\1def1411415f61bf3af743bc5b6707747c0891f09f0c88961ee8f79bc544acac\windows-amd64\native-platform.dll
0x00007ffda4960000 - 0x00007ffda496a000 	C:\Users\Kuldeep\.gradle\native\jansi\1.18\windows64\jansi.dll
0x00007ffda96d0000 - 0x00007ffda9703000 	C:\WINDOWS\SYSTEM32\IPHLPAPI.DLL
0x00007ffdabfc0000 - 0x00007ffdabfca000 	C:\WINDOWS\System32\NSI.dll
0x00007ffd9eb60000 - 0x00007ffd9eb7f000 	C:\WINDOWS\SYSTEM32\dhcpcsvc6.DLL
0x00007ffd9bd30000 - 0x00007ffd9bd55000 	C:\WINDOWS\SYSTEM32\dhcpcsvc.DLL
0x00007ffda9770000 - 0x00007ffda9896000 	C:\WINDOWS\SYSTEM32\DNSAPI.dll
0x00007ffd1b7c0000 - 0x00007ffd1b7c8000 	C:\Program Files\OpenLogic\jdk-17.0.14.7-hotspot\bin\extnet.dll
0x00007ffdaa490000 - 0x00007ffdaa4ab000 	C:\WINDOWS\SYSTEM32\CRYPTSP.dll
0x00007ffda9bb0000 - 0x00007ffda9beb000 	C:\WINDOWS\system32\rsaenh.dll
0x00007ffdaa280000 - 0x00007ffdaa2ab000 	C:\WINDOWS\SYSTEM32\USERENV.dll
0x00007ffdaad90000 - 0x00007ffdaadb6000 	C:\WINDOWS\SYSTEM32\bcrypt.dll
0x00007ffdaa4b0000 - 0x00007ffdaa4bc000 	C:\WINDOWS\SYSTEM32\CRYPTBASE.dll
0x00007ffd1b7e0000 - 0x00007ffd1b7ee000 	C:\Program Files\OpenLogic\jdk-17.0.14.7-hotspot\bin\sunmscapi.dll
0x00007ffdab230000 - 0x00007ffdab3a7000 	C:\WINDOWS\System32\CRYPT32.dll
0x00007ffdaa6b0000 - 0x00007ffdaa6e0000 	C:\WINDOWS\SYSTEM32\ncrypt.dll
0x00007ffdaa660000 - 0x00007ffdaa69f000 	C:\WINDOWS\SYSTEM32\NTASN1.dll
0x00007ffd1b7d0000 - 0x00007ffd1b7d8000 	C:\WINDOWS\system32\wshunix.dll

dbghelp: loaded successfully - version: 4.0.5 - missing functions: none
symbol engine: initialized successfully - sym options: 0x614 - pdb path: .;C:\Program Files\OpenLogic\jdk-17.0.14.7-hotspot\bin;C:\WINDOWS\SYSTEM32;C:\WINDOWS\WinSxS\amd64_microsoft.windows.common-controls_6595b64144ccf1df_6.0.26100.4484_none_3e0e6d4ce32ef3b3;C:\Program Files\OpenLogic\jdk-17.0.14.7-hotspot\bin\server;C:\Users\Kuldeep\.gradle\native\1def1411415f61bf3af743bc5b6707747c0891f09f0c88961ee8f79bc544acac\windows-amd64;C:\Users\Kuldeep\.gradle\native\jansi\1.18\windows64

VM Arguments:
jvm_args: -Xmx64m -Xms64m -javaagent:C:\ProgramData\chocolatey\lib\gradle\tools\gradle-8.12.1/lib/agents/gradle-instrumentation-agent-8.12.1.jar -Dorg.gradle.appname=gradle 
java_command: org.gradle.launcher.GradleMain assemble release
java_class_path (initial): C:\ProgramData\chocolatey\lib\gradle\tools\gradle-8.12.1\lib\gradle-gradle-cli-main-8.12.1.jar
Launcher Type: SUN_STANDARD

[Global flags]
     intx CICompilerCount                          = 3                                         {product} {ergonomic}
     uint ConcGCThreads                            = 1                                         {product} {ergonomic}
     uint G1ConcRefinementThreads                  = 4                                         {product} {ergonomic}
   size_t G1HeapRegionSize                         = 1048576                                   {product} {ergonomic}
    uintx GCDrainStackTargetSize                   = 64                                        {product} {ergonomic}
   size_t InitialHeapSize                          = 67108864                                  {product} {command line}
   size_t MarkStackSize                            = 4194304                                   {product} {ergonomic}
   size_t MaxHeapSize                              = 67108864                                  {product} {command line}
   size_t MaxNewSize                               = 39845888                                  {product} {ergonomic}
   size_t MinHeapDeltaBytes                        = 1048576                                   {product} {ergonomic}
   size_t MinHeapSize                              = 67108864                                  {product} {command line}
    uintx NonNMethodCodeHeapSize                   = 5832780                                {pd product} {ergonomic}
    uintx NonProfiledCodeHeapSize                  = 122912730                              {pd product} {ergonomic}
    uintx ProfiledCodeHeapSize                     = 122912730                              {pd product} {ergonomic}
    uintx ReservedCodeCacheSize                    = 251658240                              {pd product} {ergonomic}
     bool SegmentedCodeCache                       = true                                      {product} {ergonomic}
   size_t SoftMaxHeapSize                          = 67108864                               {manageable} {ergonomic}
     bool UseCompressedClassPointers               = true                           {product lp64_product} {ergonomic}
     bool UseCompressedOops                        = true                           {product lp64_product} {ergonomic}
     bool UseG1GC                                  = true                                      {product} {ergonomic}
     bool UseLargePagesIndividualAllocation        = false                                  {pd product} {ergonomic}

Logging:
Log output configuration:
 #0: stdout all=warning uptime,level,tags
 #1: stderr all=off uptime,level,tags

Environment Variables:
JAVA_HOME=C:\Program Files\OpenLogic\jdk-17.0.14.7-hotspot
CLASSPATH=C:\ProgramData\chocolatey\lib\gradle\tools\gradle-8.12.1\lib\gradle-gradle-cli-main-8.12.1.jar
PATH=C:\Program Files\OpenLogic\jdk-17.0.14.7-hotspot\bin;C:\WINDOWS\system32;C:\WINDOWS;C:\WINDOWS\System32\Wbem;C:\WINDOWS\System32\WindowsPowerShell\v1.0\;C:\WINDOWS\System32\OpenSSH\;C:\Program Files\Microsoft SQL Server\150\Tools\Binn\;C:\Program Files\Microsoft SQL Server\Client SDK\ODBC\170\Tools\Binn\;C:\Program Files\dotnet\;C:\WINDOWS\system32;C:\WINDOWS;C:\WINDOWS\System32\Wbem;C:\WINDOWS\System32\WindowsPowerShell\v1.0\;C:\WINDOWS\System32\OpenSSH\;C:\MinGW\bin;C:\Users\Kuldeep\AppData\Local\Android\Sdk;C:\Users\Kuldeep\AppData\Local\Android\Sdk\tools\bin;C:\Users\Kuldeep\AppData\Local\Android\Sdk\emulator;C:\Users\Kuldeep\AppData\Local\Android\Sdk\platform-tools;C:\Program Files\Git\cmd;C:\ProgramData\chocolatey\bin;C:\Users\Kuldeep\AppData\Local\nvm;C:\nvm4w\nodejs;C:\Program Files\MongoDB\Server\6.0\bin;C:\Program Files (x86)\cloudflared\;C:\Program Files\MySQL\MySQL Shell 8.0\bin\;C:\Users\Kuldeep\AppData\Local\Android\Sdk\platform-tools;C:\Users\Kuldeep\AppData\Local\Android\Sdk\tools;C:\Users\Kuldeep\AppData\Local\jdk-11.0.2\bin;C:\Users\Kuldeep\AppData\Local\Programs\Python\Python312\Scripts\;C:\Users\Kuldeep\AppData\Local\Programs\Python\Python312\;C:\Users\Kuldeep\AppData\Local\Microsoft\WindowsApps;C:\Users\Kuldeep\.dotnet\tools;C:\Users\Kuldeep\AppData\Local\Programs\Microsoft VS Code\bin;C:\Users\Kuldeep\AppData\Local\GitHubDesktop\bin;C:\Program Files\OpenLogic\jdk-11.0.25.9-hotspot;C:\Users\Kuldeep\AppData\Local\Android\Sdk;C:\Users\Kuldeep\AppData\Local\Android\Sdk\tools\bin;C:\Users\Kuldeep\AppData\Local\Android\Sdk\emulator;C:\Users\Kuldeep\AppData\Local\Microsoft\WinGet\Packages\Schniz.fnm_Microsoft.Winget.Source_8wekyb3d8bbwe;C:\Users\Kuldeep\AppData\Local\nvm;C:\nvm4w\nodejs;C:\Program Files\MongoDB\Server\6.0\bin;
USERNAME=Kuldeep
LANG=en_US.UTF-8
OS=Windows_NT
PROCESSOR_IDENTIFIER=Intel64 Family 6 Model 126 Stepping 5, GenuineIntel
TMP=C:\Users\Kuldeep\AppData\Local\Temp
TEMP=C:\Users\Kuldeep\AppData\Local\Temp



Periodic native trim disabled


---------------  S Y S T E M  ---------------

OS:
 Windows 11 , 64 bit Build 26100 (10.0.26100.4484)
OS uptime: 0 days 1:24 hours

CPU: total 4 (initial active 4) (2 cores per cpu, 2 threads per core) family 6 model 126 stepping 5 microcode 0x86, cx8, cmov, fxsr, ht, mmx, 3dnowpref, sse, sse2, sse3, ssse3, sse4.1, sse4.2, popcnt, lzcnt, tsc, tscinvbit, avx, avx2, aes, erms, clmul, bmi1, bmi2, adx, avx512f, avx512dq, avx512cd, avx512bw, avx512vl, sha, fma, vzeroupper, avx512_vpopcntdq, avx512_vpclmulqdq, avx512_vaes, avx512_vnni, clflush, clflushopt, avx512_vbmi2, avx512_vbmi
Processor Information for all 4 processors :
  Max Mhz: 1190, Current Mhz: 1190, Mhz Limit: 1190

Memory: 4k page, system-wide physical 3871M (256M free)
TotalPageFile size 15647M (AvailPageFile size 0M)
current process WorkingSet (physical memory assigned to process): 32M, peak: 110M
current process commit charge ("private bytes"): 159M, peak: 167M

vm_info: OpenJDK 64-Bit Server VM (17.0.14+7-adhoc..jdk17u) for windows-amd64 JRE (17.0.14+7-adhoc..jdk17u), built on Jan 22 2025 11:06:43 by "" with MS VC++ 16.10 / 16.11 (VS2019)

END.
